Product: MDK-ARM Standard 5.10
Component: ARM Compiler 5.04 update 1 (build 49)
Tool: armlink [5040049]

==============================================================================

Section Cross References

    arm_startup_nrf51.o(STACK) refers (Special) to heapauxi.o(.text) for __use_two_region_memory
    arm_startup_nrf51.o(HEAP) refers (Special) to heapauxi.o(.text) for __use_two_region_memory
    arm_startup_nrf51.o(RESET) refers (Special) to heapauxi.o(.text) for __use_two_region_memory
    arm_startup_nrf51.o(RESET) refers to arm_startup_nrf51.o(STACK) for __initial_sp
    arm_startup_nrf51.o(RESET) refers to arm_startup_nrf51.o(.text) for Reset_Handler
    arm_startup_nrf51.o(RESET) refers to app_timer.o(.text) for RTC1_IRQHandler
    arm_startup_nrf51.o(RESET) refers to ble_stack_handler.o(.text) for SWI2_IRQHandler
    arm_startup_nrf51.o(.text) refers (Special) to heapauxi.o(.text) for __use_two_region_memory
    arm_startup_nrf51.o(.text) refers to system_nrf51.o(.text) for SystemInit
    arm_startup_nrf51.o(.text) refers to __main.o(!!!main) for __main
    arm_startup_nrf51.o(.text) refers to arm_startup_nrf51.o(HEAP) for Heap_Mem
    arm_startup_nrf51.o(.text) refers to arm_startup_nrf51.o(STACK) for Stack_Mem
    system_nrf51.o(.text) refers to system_nrf51.o(.data) for SystemCoreClock
    main.o(.text) refers to ble_debug_assert_handler.o(.text) for ble_debug_assert_handler
    main.o(.text) refers to app_timer.o(.text) for app_timer_init
    main.o(.text) refers to nrf_adc.o(.text) for nrf_adc_init
    main.o(.text) refers to ble_bas.o(.text) for ble_bas_battery_level_update
    main.o(.text) refers to mpu_config.o(.text) for i2c_read
    main.o(.text) refers to nrf_delay.o(.text) for nrf_delay_ms
    main.o(.text) refers to ble_mps.o(.text) for ble_mps_send_hvn
    main.o(.text) refers to simple_uart.o(.text) for simple_uart_config
    main.o(.text) refers to main.o(.data) for time_stamp
    main.o(.text) refers to main.o(.bss) for m_ble_init
    main.o(.text) refers to ble_init.o(.text) for ble_init
    main.o(.text) refers to main.o(i.__ARM_common_switch8) for __ARM_common_switch8
    main.o(.text) refers to rt_memclr.o(.text) for __aeabi_memclr4
    ble_init.o(.text) refers to main.o(.text) for app_error_handler
    ble_init.o(.text) refers to rt_memclr.o(.text) for __aeabi_memclr4
    ble_init.o(.text) refers to ble_advdata.o(.text) for ble_advdata_set
    ble_init.o(.text) refers to ble_mps.o(.text) for ble_mps_init
    ble_init.o(.text) refers to ble_bas.o(.text) for ble_bas_init
    ble_init.o(.text) refers to ble_conn_params.o(.text) for ble_conn_params_init
    ble_init.o(.text) refers to rt_memcpy.o(.text) for __aeabi_memcpy
    ble_init.o(.text) refers to ble_init.o(.constdata) for .constdata
    ble_init.o(.text) refers to ble_init.o(.data) for p_ble_init
    ble_init.o(.text) refers to ble_init.o(.bss) for m_auth_status
    ble_init.o(.text) refers to ble_stack_handler.o(.text) for ble_stack_handler_init
    mpu_config.o(.text) refers to twi_sw_master.o(.text) for twi_master_transfer
    mpu_config.o(.text) refers to nrf_delay.o(.text) for nrf_delay_ms
    mpu_config.o(.text) refers to main.o(i.__ARM_common_switch8) for __ARM_common_switch8
    mpu_config.o(.text) refers to mpu_config.o(.data) for p_mpu_config
    ble_srv_common.o(.text) refers to main.o(.text) for app_error_handler
    ble_srv_common.o(.text) refers to strlen.o(.text) for strlen
    ble_mps.o(.text) refers to rt_memclr.o(.text) for __aeabi_memclr4
    ble_mps.o(.text) refers to ble_mps.o(.constdata) for .constdata
    ble_bas.o(.text) refers to rt_memclr.o(.text) for __aeabi_memclr4
    ble_bas.o(.text) refers to ble_srv_common.o(.text) for ble_srv_report_ref_encode
    ble_error_log.o(.text) refers to rt_memcpy.o(.emb_text) for __aeabi_memcpy4
    ble_error_log.o(.text) refers to strncpy.o(.text) for strncpy
    ble_error_log.o(.text) refers to aeabi_sdiv.o(.text) for __aeabi_uidivmod
    ble_error_log.o(.text) refers to ble_flash.o(.text) for ble_flash_page_write
    ble_error_log.o(.text) refers to main.o(.text) for app_error_handler
    ble_error_log.o(.text) refers to arm_startup_nrf51.o(RESET) for __Vectors
    ble_error_log.o(.text) refers to ble_error_log.o(.bss) for m_ble_error_log
    ble_error_log.o(.text) refers to ble_error_log.o(.data) for m_ble_log_clear_flag
    ble_flash.o(.text) refers to rt_memcpy.o(.emb_text) for __aeabi_memcpy4
    ble_flash.o(.text) refers to ble_flash.o(.data) for m_radio_active
    ble_advdata.o(.text) refers to rt_memcpy.o(.text) for __aeabi_memcpy
    app_timer.o(.text) refers to app_timer.o(.emb_text) for __asm___11_app_timer_c_cd27f9c3__nrf_delay_us
    app_timer.o(.text) refers to main.o(.text) for app_error_handler
    app_timer.o(.text) refers to app_timer.o(.data) for mp_nodes
    ble_conn_params.o(.text) refers to rt_memcpy.o(.emb_text) for __aeabi_memcpy4
    ble_conn_params.o(.text) refers to rt_memcpy.o(.text) for __aeabi_memcpy
    ble_conn_params.o(.text) refers to app_timer.o(.text) for app_timer_create
    ble_conn_params.o(.text) refers to ble_conn_params.o(.data) for m_preferred_conn_params
    ble_conn_params.o(.text) refers to ble_conn_params.o(.bss) for m_conn_params_config
    ble_stack_handler.o(.text) refers to main.o(.text) for assert_nrf_callback
    ble_stack_handler.o(.text) refers to ble_stack_handler.o(.data) for m_evt_buffer
    ble_debug_assert_handler.o(.text) refers to strncpy.o(.text) for strncpy
    ble_debug_assert_handler.o(.text) refers to ble_error_log.o(.text) for ble_error_log_write
    ble_debug_assert_handler.o(.text) refers to ble_debug_assert_handler.o(.bss) for s_file_name
    ble_debug_assert_handler.o(.text) refers to ble_debug_assert_handler.o(.data) for s_line_num
    simple_uart.o(.text) refers to simple_uart.o(.emb_text) for __asm___13_simple_uart_c_5dda6715__nrf_delay_us
    nrf_adc.o(.text) refers to fflti.o(.text) for __aeabi_ui2f
    nrf_adc.o(.text) refers to fmul.o(x$fpl$fmul) for __aeabi_fmul
    nrf_adc.o(.text) refers to fdiv.o(.text) for __aeabi_fdiv
    twi_sw_master.o(.text) refers to twi_sw_master.o(.emb_text) for __asm___15_twi_sw_master_c_959ec897__nrf_delay_us
    nrf_delay.o(.text) refers to nrf_delay.o(.emb_text) for __asm___11_nrf_delay_c_532987f3__nrf_delay_us
    rt_memcpy.o(.text) refers to rt_memcpy.o(.emb_text) for __aeabi_memcpy4
    strncpy.o(.text) refers to rt_memclr.o(.text) for __rt_memclr
    __main.o(!!!main) refers to rtentry.o(.ARM.Collect$$rtentry$$00000000) for __rt_entry
    fdiv.o(.text) refers (Special) to usenofp.o(x$fpl$usenofp) for __I$use$fp
    fdiv.o(.text) refers to fdiv.o(.constdata) for .constdata
    fdiv.o(.constdata) refers (Special) to usenofp.o(x$fpl$usenofp) for __I$use$fp
    fflti.o(.text) refers (Special) to usenofp.o(x$fpl$usenofp) for __I$use$fp
    fmul.o(x$fpl$fmul) refers (Special) to usenofp.o(x$fpl$usenofp) for __I$use$fp
    rtentry.o(.ARM.Collect$$rtentry$$00000000) refers (Special) to rtentry2.o(.ARM.Collect$$rtentry$$0000000A) for __rt_entry_li
    rtentry.o(.ARM.Collect$$rtentry$$00000000) refers (Special) to rtentry2.o(.ARM.Collect$$rtentry$$0000000D) for __rt_entry_main
    rtentry.o(.ARM.Collect$$rtentry$$00000000) refers (Special) to rtentry2.o(.ARM.Collect$$rtentry$$0000000C) for __rt_entry_postli_1
    rtentry.o(.ARM.Collect$$rtentry$$00000000) refers (Special) to rtentry2.o(.ARM.Collect$$rtentry$$00000009) for __rt_entry_postsh_1
    rtentry.o(.ARM.Collect$$rtentry$$00000000) refers (Special) to rtentry2.o(.ARM.Collect$$rtentry$$00000002) for __rt_entry_presh_1
    rtentry.o(.ARM.Collect$$rtentry$$00000000) refers (Special) to rtentry4.o(.ARM.Collect$$rtentry$$00000004) for __rt_entry_sh
    aeabi_idiv0_sigfpe.o(.text) refers to rt_div0.o(.text) for __rt_div0
    rtentry2.o(.ARM.Collect$$rtentry$$00000008) refers to boardinit2.o(.text) for _platform_post_stackheap_init
    rtentry2.o(.ARM.Collect$$rtentry$$0000000A) refers to libinit.o(.ARM.Collect$$libinit$$00000000) for __rt_lib_init
    rtentry2.o(.ARM.Collect$$rtentry$$0000000B) refers to boardinit3.o(.text) for _platform_post_lib_init
    rtentry2.o(.ARM.Collect$$rtentry$$0000000D) refers to main.o(.text) for main
    rtentry2.o(.ARM.Collect$$rtentry$$0000000D) refers to exit.o(.text) for exit
    rtentry2.o(.ARM.exidx) refers to rtentry2.o(.ARM.Collect$$rtentry$$00000001) for .ARM.Collect$$rtentry$$00000001
    rtentry2.o(.ARM.exidx) refers to rtentry2.o(.ARM.Collect$$rtentry$$00000008) for .ARM.Collect$$rtentry$$00000008
    rtentry2.o(.ARM.exidx) refers to rtentry2.o(.ARM.Collect$$rtentry$$0000000A) for .ARM.Collect$$rtentry$$0000000A
    rtentry2.o(.ARM.exidx) refers to rtentry2.o(.ARM.Collect$$rtentry$$0000000B) for .ARM.Collect$$rtentry$$0000000B
    rtentry2.o(.ARM.exidx) refers to rtentry2.o(.ARM.Collect$$rtentry$$0000000D) for .ARM.Collect$$rtentry$$0000000D
    rtentry4.o(.ARM.Collect$$rtentry$$00000004) refers to sys_stackheap_outer.o(.text) for __user_setup_stackheap
    rtentry4.o(.ARM.exidx) refers to rtentry4.o(.ARM.Collect$$rtentry$$00000004) for .ARM.Collect$$rtentry$$00000004
    rt_div0.o(.text) refers to defsig_fpe_outer.o(.text) for __rt_SIGFPE
    sys_stackheap_outer.o(.text) refers to libspace.o(.text) for __user_perproc_libspace
    sys_stackheap_outer.o(.text) refers to arm_startup_nrf51.o(.text) for __user_initial_stackheap
    sys_stackheap_outer.o(__vectab_stack_and_reset_area) refers to tempstk.o(.text) for __temporary_stack_top
    sys_stackheap_outer.o(__vectab_stack_and_reset_area) refers to __main.o(!!!main) for __main
    exit.o(.text) refers to rtexit.o(.ARM.Collect$$rtexit$$00000000) for __rt_exit
    defsig_fpe_outer.o(.text) refers to defsig_fpe_inner.o(.text) for __rt_SIGFPE_inner
    defsig_fpe_outer.o(.text) refers to defsig_exit.o(.text) for __sig_exit
    defsig_fpe_formal.o(.text) refers to rt_raise.o(.text) for __rt_raise
    libinit.o(.ARM.Collect$$libinit$$00000000) refers (Special) to libinit2.o(.ARM.Collect$$libinit$$0000002C) for __rt_lib_init_alloca_1
    libinit.o(.ARM.Collect$$libinit$$00000000) refers (Special) to libinit2.o(.ARM.Collect$$libinit$$0000002A) for __rt_lib_init_argv_1
    libinit.o(.ARM.Collect$$libinit$$00000000) refers (Special) to libinit2.o(.ARM.Collect$$libinit$$00000019) for __rt_lib_init_atexit_1
    libinit.o(.ARM.Collect$$libinit$$00000000) refers (Special) to libinit2.o(.ARM.Collect$$libinit$$0000001F) for __rt_lib_init_clock_1
    libinit.o(.ARM.Collect$$libinit$$00000000) refers (Special) to libinit2.o(.ARM.Collect$$libinit$$00000030) for __rt_lib_init_cpp_1
    libinit.o(.ARM.Collect$$libinit$$00000000) refers (Special) to libinit2.o(.ARM.Collect$$libinit$$0000002E) for __rt_lib_init_exceptions_1
    libinit.o(.ARM.Collect$$libinit$$00000000) refers (Special) to libinit2.o(.ARM.Collect$$libinit$$00000001) for __rt_lib_init_fp_1
    libinit.o(.ARM.Collect$$libinit$$00000000) refers (Special) to libinit2.o(.ARM.Collect$$libinit$$0000001D) for __rt_lib_init_fp_trap_1
    libinit.o(.ARM.Collect$$libinit$$00000000) refers (Special) to libinit2.o(.ARM.Collect$$libinit$$00000021) for __rt_lib_init_getenv_1
    libinit.o(.ARM.Collect$$libinit$$00000000) refers (Special) to libinit2.o(.ARM.Collect$$libinit$$00000008) for __rt_lib_init_heap_1
    libinit.o(.ARM.Collect$$libinit$$00000000) refers (Special) to libinit2.o(.ARM.Collect$$libinit$$0000000F) for __rt_lib_init_lc_collate_1
    libinit.o(.ARM.Collect$$libinit$$00000000) refers (Special) to libinit2.o(.ARM.Collect$$libinit$$00000011) for __rt_lib_init_lc_ctype_1
    libinit.o(.ARM.Collect$$libinit$$00000000) refers (Special) to libinit2.o(.ARM.Collect$$libinit$$00000013) for __rt_lib_init_lc_monetary_1
    libinit.o(.ARM.Collect$$libinit$$00000000) refers (Special) to libinit2.o(.ARM.Collect$$libinit$$00000015) for __rt_lib_init_lc_numeric_1
    libinit.o(.ARM.Collect$$libinit$$00000000) refers (Special) to libinit2.o(.ARM.Collect$$libinit$$00000017) for __rt_lib_init_lc_time_1
    libinit.o(.ARM.Collect$$libinit$$00000000) refers (Special) to libinit2.o(.ARM.Collect$$libinit$$0000000C) for __rt_lib_init_rand_1
    libinit.o(.ARM.Collect$$libinit$$00000000) refers (Special) to libinit2.o(.ARM.Collect$$libinit$$00000031) for __rt_lib_init_return
    libinit.o(.ARM.Collect$$libinit$$00000000) refers (Special) to libinit2.o(.ARM.Collect$$libinit$$0000001B) for __rt_lib_init_signal_1
    libinit.o(.ARM.Collect$$libinit$$00000000) refers (Special) to libinit2.o(.ARM.Collect$$libinit$$00000023) for __rt_lib_init_stdio_1
    libinit.o(.ARM.Collect$$libinit$$00000000) refers (Special) to libinit2.o(.ARM.Collect$$libinit$$0000000A) for __rt_lib_init_user_alloc_1
    libspace.o(.text) refers to libspace.o(.bss) for __libspace_start
    rtexit.o(.ARM.Collect$$rtexit$$00000000) refers (Special) to rtexit2.o(.ARM.Collect$$rtexit$$00000004) for __rt_exit_exit
    rtexit.o(.ARM.Collect$$rtexit$$00000000) refers (Special) to rtexit2.o(.ARM.Collect$$rtexit$$00000003) for __rt_exit_ls
    rtexit.o(.ARM.Collect$$rtexit$$00000000) refers (Special) to rtexit2.o(.ARM.Collect$$rtexit$$00000002) for __rt_exit_prels_1
    rtexit.o(.ARM.exidx) refers (Special) to rtexit2.o(.ARM.Collect$$rtexit$$00000004) for __rt_exit_exit
    rtexit.o(.ARM.exidx) refers (Special) to rtexit2.o(.ARM.Collect$$rtexit$$00000003) for __rt_exit_ls
    rtexit.o(.ARM.exidx) refers (Special) to rtexit2.o(.ARM.Collect$$rtexit$$00000002) for __rt_exit_prels_1
    rtexit.o(.ARM.exidx) refers to rtexit.o(.ARM.Collect$$rtexit$$00000000) for .ARM.Collect$$rtexit$$00000000
    rt_raise.o(.text) refers to __raise.o(.text) for __raise
    rt_raise.o(.text) refers to sys_exit.o(.text) for _sys_exit
    defsig_exit.o(.text) refers to sys_exit.o(.text) for _sys_exit
    defsig_fpe_inner.o(.text) refers to defsig_general.o(.text) for __default_signal_display
    libinit2.o(.ARM.Collect$$libinit$$0000000E) refers to libinit2.o(.ARM.Collect$$libinit$$0000000D) for .ARM.Collect$$libinit$$0000000D
    libinit2.o(.ARM.Collect$$libinit$$00000010) refers to libinit2.o(.ARM.Collect$$libinit$$0000000D) for .ARM.Collect$$libinit$$0000000D
    libinit2.o(.ARM.Collect$$libinit$$00000012) refers to libinit2.o(.ARM.Collect$$libinit$$0000000D) for .ARM.Collect$$libinit$$0000000D
    libinit2.o(.ARM.Collect$$libinit$$00000014) refers to libinit2.o(.ARM.Collect$$libinit$$0000000D) for .ARM.Collect$$libinit$$0000000D
    libinit2.o(.ARM.Collect$$libinit$$00000016) refers to libinit2.o(.ARM.Collect$$libinit$$0000000D) for .ARM.Collect$$libinit$$0000000D
    libinit2.o(.ARM.Collect$$libinit$$00000024) refers to argv_veneer.o(.text) for __ARM_argv_veneer
    libinit2.o(.ARM.Collect$$libinit$$00000025) refers to argv_veneer.o(.text) for __ARM_argv_veneer
    sys_exit.o(.text) refers (Special) to use_no_semi.o(.text) for __I$use$semihosting
    sys_exit.o(.text) refers (Special) to indicate_semi.o(.text) for __semihosting_library_function
    rtexit2.o(.ARM.Collect$$rtexit$$00000003) refers to libshutdown.o(.ARM.Collect$$libshutdown$$00000000) for __rt_lib_shutdown
    rtexit2.o(.ARM.Collect$$rtexit$$00000004) refers to sys_exit.o(.text) for _sys_exit
    rtexit2.o(.ARM.exidx) refers to rtexit2.o(.ARM.Collect$$rtexit$$00000001) for .ARM.Collect$$rtexit$$00000001
    rtexit2.o(.ARM.exidx) refers to rtexit2.o(.ARM.Collect$$rtexit$$00000003) for .ARM.Collect$$rtexit$$00000003
    rtexit2.o(.ARM.exidx) refers to rtexit2.o(.ARM.Collect$$rtexit$$00000004) for .ARM.Collect$$rtexit$$00000004
    __raise.o(.text) refers to defsig.o(CL$$defsig) for __default_signal_handler
    defsig_general.o(.text) refers to sys_wrch.o(.text) for _ttywrch
    sys_wrch.o(.text) refers (Special) to use_no_semi.o(.text) for __I$use$semihosting
    sys_wrch.o(.text) refers (Special) to indicate_semi.o(.text) for __semihosting_library_function
    defsig.o(CL$$defsig) refers to defsig_fpe_inner.o(.text) for __rt_SIGFPE_inner
    defsig.o(CL$$defsig) refers to defsig_rtmem_inner.o(.text) for __rt_SIGRTMEM_inner
    _get_argv_nomalloc.o(.text) refers (Special) to hrguard.o(.text) for __heap_region$guard
    _get_argv_nomalloc.o(.text) refers to defsig_rtmem_outer.o(.text) for __rt_SIGRTMEM
    _get_argv_nomalloc.o(.text) refers to sys_command.o(.text) for _sys_command_string
    libshutdown.o(.ARM.Collect$$libshutdown$$00000000) refers (Special) to libshutdown2.o(.ARM.Collect$$libshutdown$$00000006) for __rt_lib_shutdown_fp_trap_1
    libshutdown.o(.ARM.Collect$$libshutdown$$00000000) refers (Special) to libshutdown2.o(.ARM.Collect$$libshutdown$$0000000E) for __rt_lib_shutdown_heap_1
    libshutdown.o(.ARM.Collect$$libshutdown$$00000000) refers (Special) to libshutdown2.o(.ARM.Collect$$libshutdown$$0000000F) for __rt_lib_shutdown_return
    libshutdown.o(.ARM.Collect$$libshutdown$$00000000) refers (Special) to libshutdown2.o(.ARM.Collect$$libshutdown$$00000009) for __rt_lib_shutdown_signal_1
    libshutdown.o(.ARM.Collect$$libshutdown$$00000000) refers (Special) to libshutdown2.o(.ARM.Collect$$libshutdown$$00000003) for __rt_lib_shutdown_stdio_1
    libshutdown.o(.ARM.Collect$$libshutdown$$00000000) refers (Special) to libshutdown2.o(.ARM.Collect$$libshutdown$$0000000B) for __rt_lib_shutdown_user_alloc_1
    sys_command.o(.text) refers (Special) to use_no_semi.o(.text) for __I$use$semihosting
    sys_command.o(.text) refers (Special) to indicate_semi.o(.text) for __semihosting_library_function
    defsig_abrt_inner.o(.text) refers to defsig_general.o(.text) for __default_signal_display
    defsig_rtred_inner.o(.text) refers to defsig_general.o(.text) for __default_signal_display
    defsig_rtmem_inner.o(.text) refers to defsig_general.o(.text) for __default_signal_display
    defsig_rtmem_outer.o(.text) refers to defsig_rtmem_inner.o(.text) for __rt_SIGRTMEM_inner
    defsig_rtmem_outer.o(.text) refers to defsig_exit.o(.text) for __sig_exit
    defsig_rtmem_formal.o(.text) refers to rt_raise.o(.text) for __rt_raise
    defsig_stak_inner.o(.text) refers to defsig_general.o(.text) for __default_signal_display
    defsig_pvfn_inner.o(.text) refers to defsig_general.o(.text) for __default_signal_display
    defsig_cppl_inner.o(.text) refers to defsig_general.o(.text) for __default_signal_display
    defsig_segv_inner.o(.text) refers to defsig_general.o(.text) for __default_signal_display
    defsig_other.o(.text) refers to defsig_general.o(.text) for __default_signal_display


==============================================================================

Removing Unused input sections from the image.

    Removing system_nrf51.o(.rev16_text), (4 bytes).
    Removing system_nrf51.o(.revsh_text), (4 bytes).
    Removing main.o(.rev16_text), (4 bytes).
    Removing main.o(.revsh_text), (4 bytes).
    Removing main.o(.emb_text), (30 bytes).
    Removing ble_init.o(.rev16_text), (4 bytes).
    Removing ble_init.o(.revsh_text), (4 bytes).
    Removing mpu_config.o(.rev16_text), (4 bytes).
    Removing mpu_config.o(.revsh_text), (4 bytes).
    Removing mpu_config.o(.emb_text), (30 bytes).
    Removing ble_srv_common.o(.rev16_text), (4 bytes).
    Removing ble_srv_common.o(.revsh_text), (4 bytes).
    Removing ble_mps.o(.rev16_text), (4 bytes).
    Removing ble_mps.o(.revsh_text), (4 bytes).
    Removing ble_bas.o(.rev16_text), (4 bytes).
    Removing ble_bas.o(.revsh_text), (4 bytes).
    Removing ble_error_log.o(.rev16_text), (4 bytes).
    Removing ble_error_log.o(.revsh_text), (4 bytes).
    Removing ble_flash.o(.rev16_text), (4 bytes).
    Removing ble_flash.o(.revsh_text), (4 bytes).
    Removing ble_advdata.o(.rev16_text), (4 bytes).
    Removing ble_advdata.o(.revsh_text), (4 bytes).
    Removing app_timer.o(.rev16_text), (4 bytes).
    Removing app_timer.o(.revsh_text), (4 bytes).
    Removing ble_conn_params.o(.rev16_text), (4 bytes).
    Removing ble_conn_params.o(.revsh_text), (4 bytes).
    Removing ble_stack_handler.o(.rev16_text), (4 bytes).
    Removing ble_stack_handler.o(.revsh_text), (4 bytes).
    Removing ble_debug_assert_handler.o(.rev16_text), (4 bytes).
    Removing ble_debug_assert_handler.o(.revsh_text), (4 bytes).
    Removing simple_uart.o(.rev16_text), (4 bytes).
    Removing simple_uart.o(.revsh_text), (4 bytes).
    Removing nrf_adc.o(.rev16_text), (4 bytes).
    Removing nrf_adc.o(.revsh_text), (4 bytes).
    Removing twi_sw_master.o(.rev16_text), (4 bytes).
    Removing twi_sw_master.o(.revsh_text), (4 bytes).
    Removing nrf_delay.o(.rev16_text), (4 bytes).
    Removing nrf_delay.o(.revsh_text), (4 bytes).

38 unused section(s) (total 204 bytes) removed from the image.

==============================================================================

Image Symbol Table

    Local Symbols

    Symbol Name                              Value     Ov Type        Size  Object(Section)

    ../clib/angel/boardlib.s                 0x00000000   Number         0  boardinit3.o ABSOLUTE
    ../clib/angel/boardlib.s                 0x00000000   Number         0  boardinit2.o ABSOLUTE
    ../clib/angel/boardlib.s                 0x00000000   Number         0  boardinit1.o ABSOLUTE
    ../clib/angel/boardlib.s                 0x00000000   Number         0  boardshut.o ABSOLUTE
    ../clib/angel/handlers.s                 0x00000000   Number         0  __scatter_zi.o ABSOLUTE
    ../clib/angel/handlers.s                 0x00000000   Number         0  __scatter_copy.o ABSOLUTE
    ../clib/angel/kernel.s                   0x00000000   Number         0  rtexit2.o ABSOLUTE
    ../clib/angel/kernel.s                   0x00000000   Number         0  rtexit.o ABSOLUTE
    ../clib/angel/kernel.s                   0x00000000   Number         0  rtentry.o ABSOLUTE
    ../clib/angel/kernel.s                   0x00000000   Number         0  rtentry2.o ABSOLUTE
    ../clib/angel/kernel.s                   0x00000000   Number         0  rtentry4.o ABSOLUTE
    ../clib/angel/rt.s                       0x00000000   Number         0  aeabi_idiv0.o ABSOLUTE
    ../clib/angel/rt.s                       0x00000000   Number         0  rt_raise.o ABSOLUTE
    ../clib/angel/rt.s                       0x00000000   Number         0  aeabi_idiv0_sigfpe.o ABSOLUTE
    ../clib/angel/rt.s                       0x00000000   Number         0  rt_div0.o ABSOLUTE
    ../clib/angel/scatterp.s                 0x00000000   Number         0  __scatter.o ABSOLUTE
    ../clib/angel/startup.s                  0x00000000   Number         0  __main.o ABSOLUTE
    ../clib/angel/sys.s                      0x00000000   Number         0  sys_stackheap_outer.o ABSOLUTE
    ../clib/angel/sys.s                      0x00000000   Number         0  libspace.o ABSOLUTE
    ../clib/angel/sys.s                      0x00000000   Number         0  indicate_semi.o ABSOLUTE
    ../clib/angel/sys.s                      0x00000000   Number         0  use_no_semi.o ABSOLUTE
    ../clib/angel/sys.s                      0x00000000   Number         0  tempstk.o ABSOLUTE
    ../clib/angel/sysapp.c                   0x00000000   Number         0  sys_command.o ABSOLUTE
    ../clib/angel/sysapp.c                   0x00000000   Number         0  sys_wrch.o ABSOLUTE
    ../clib/angel/sysapp.c                   0x00000000   Number         0  sys_exit.o ABSOLUTE
    ../clib/armsys.c                         0x00000000   Number         0  argv_veneer.o ABSOLUTE
    ../clib/armsys.c                         0x00000000   Number         0  _get_argv_nomalloc.o ABSOLUTE
    ../clib/armsys.c                         0x00000000   Number         0  no_argv.o ABSOLUTE
    ../clib/division.s                       0x00000000   Number         0  aeabi_sdiv_div0.o ABSOLUTE
    ../clib/division.s                       0x00000000   Number         0  aeabi_sdiv.o ABSOLUTE
    ../clib/heapalloc.c                      0x00000000   Number         0  hrguard.o ABSOLUTE
    ../clib/heapaux.c                        0x00000000   Number         0  heapauxi.o ABSOLUTE
    ../clib/libinit.s                        0x00000000   Number         0  libinit2.o ABSOLUTE
    ../clib/libinit.s                        0x00000000   Number         0  libshutdown.o ABSOLUTE
    ../clib/libinit.s                        0x00000000   Number         0  libshutdown2.o ABSOLUTE
    ../clib/libinit.s                        0x00000000   Number         0  libinit.o ABSOLUTE
    ../clib/memcpset.c                       0x00000000   Number         0  rt_memclr.o ABSOLUTE
    ../clib/memcpset.c                       0x00000000   Number         0  rt_memcpy.o ABSOLUTE
    ../clib/memcpset.c                       0x00000000   Number         0  rt_memcpy.o ABSOLUTE
    ../clib/signal.c                         0x00000000   Number         0  defsig_fpe_inner.o ABSOLUTE
    ../clib/signal.c                         0x00000000   Number         0  defsig_rtmem_inner.o ABSOLUTE
    ../clib/signal.c                         0x00000000   Number         0  defsig_rtred_inner.o ABSOLUTE
    ../clib/signal.c                         0x00000000   Number         0  defsig_abrt_inner.o ABSOLUTE
    ../clib/signal.c                         0x00000000   Number         0  defsig_other.o ABSOLUTE
    ../clib/signal.c                         0x00000000   Number         0  defsig_rtmem_outer.o ABSOLUTE
    ../clib/signal.c                         0x00000000   Number         0  defsig_exit.o ABSOLUTE
    ../clib/signal.c                         0x00000000   Number         0  defsig_segv_inner.o ABSOLUTE
    ../clib/signal.c                         0x00000000   Number         0  defsig_fpe_outer.o ABSOLUTE
    ../clib/signal.c                         0x00000000   Number         0  defsig_fpe_formal.o ABSOLUTE
    ../clib/signal.c                         0x00000000   Number         0  defsig_general.o ABSOLUTE
    ../clib/signal.c                         0x00000000   Number         0  __raise.o ABSOLUTE
    ../clib/signal.c                         0x00000000   Number         0  defsig_cppl_inner.o ABSOLUTE
    ../clib/signal.c                         0x00000000   Number         0  defsig_pvfn_inner.o ABSOLUTE
    ../clib/signal.c                         0x00000000   Number         0  defsig_stak_inner.o ABSOLUTE
    ../clib/signal.c                         0x00000000   Number         0  defsig_rtmem_formal.o ABSOLUTE
    ../clib/signal.s                         0x00000000   Number         0  defsig.o ABSOLUTE
    ../clib/stdlib.c                         0x00000000   Number         0  exit.o ABSOLUTE
    ../clib/string.c                         0x00000000   Number         0  strlen.o ABSOLUTE
    ../clib/string.c                         0x00000000   Number         0  strncpy.o ABSOLUTE
    ../fplib/cfplib/fdiv.c                   0x00000000   Number         0  fdiv.o ABSOLUTE
    ../fplib/cfplib/fflt.c                   0x00000000   Number         0  fflti.o ABSOLUTE
    ../fplib/cfplib/fpinit.c                 0x00000000   Number         0  fpinit.o ABSOLUTE
    ../fplib/fmul6m.s                        0x00000000   Number         0  fmul.o ABSOLUTE
    ../fplib/usenofp.s                       0x00000000   Number         0  usenofp.o ABSOLUTE
    ..\..\..\..\..\Source\app_common\app_timer.c 0x00000000   Number         0  app_timer.o ABSOLUTE
    ..\..\..\..\..\Source\ble\ble_advdata.c  0x00000000   Number         0  ble_advdata.o ABSOLUTE
    ..\..\..\..\..\Source\ble\ble_conn_params.c 0x00000000   Number         0  ble_conn_params.o ABSOLUTE
    ..\..\..\..\..\Source\ble\ble_debug_assert_handler.c 0x00000000   Number         0  ble_debug_assert_handler.o ABSOLUTE
    ..\..\..\..\..\Source\ble\ble_error_log.c 0x00000000   Number         0  ble_error_log.o ABSOLUTE
    ..\..\..\..\..\Source\ble\ble_flash.c    0x00000000   Number         0  ble_flash.o ABSOLUTE
    ..\..\..\..\..\Source\ble\ble_services\ble_bas.c 0x00000000   Number         0  ble_bas.o ABSOLUTE
    ..\..\..\..\..\Source\ble\ble_services\ble_srv_common.c 0x00000000   Number         0  ble_srv_common.o ABSOLUTE
    ..\..\..\..\..\Source\ble\ble_stack_handler.c 0x00000000   Number         0  ble_stack_handler.o ABSOLUTE
    ..\..\..\..\..\Source\nrf_delay\nrf_delay.c 0x00000000   Number         0  nrf_delay.o ABSOLUTE
    ..\..\..\..\..\Source\simple_uart\simple_uart.c 0x00000000   Number         0  simple_uart.o ABSOLUTE
    ..\..\..\..\..\Source\templates\arm\arm_startup_nrf51.s 0x00000000   Number         0  arm_startup_nrf51.o ABSOLUTE
    ..\..\..\..\..\Source\templates\system_nrf51.c 0x00000000   Number         0  system_nrf51.o ABSOLUTE
    ..\..\..\..\..\Source\twi_master\twi_sw_master.c 0x00000000   Number         0  twi_sw_master.o ABSOLUTE
    ..\\..\\..\\..\\..\\Source\\app_common\\app_timer.c 0x00000000   Number         0  app_timer.o ABSOLUTE
    ..\\..\\..\\..\\..\\Source\\ble\\ble_advdata.c 0x00000000   Number         0  ble_advdata.o ABSOLUTE
    ..\\..\\..\\..\\..\\Source\\ble\\ble_conn_params.c 0x00000000   Number         0  ble_conn_params.o ABSOLUTE
    ..\\..\\..\\..\\..\\Source\\ble\\ble_debug_assert_handler.c 0x00000000   Number         0  ble_debug_assert_handler.o ABSOLUTE
    ..\\..\\..\\..\\..\\Source\\ble\\ble_error_log.c 0x00000000   Number         0  ble_error_log.o ABSOLUTE
    ..\\..\\..\\..\\..\\Source\\ble\\ble_flash.c 0x00000000   Number         0  ble_flash.o ABSOLUTE
    ..\\..\\..\\..\\..\\Source\\ble\\ble_services\\ble_bas.c 0x00000000   Number         0  ble_bas.o ABSOLUTE
    ..\\..\\..\\..\\..\\Source\\ble\\ble_services\\ble_srv_common.c 0x00000000   Number         0  ble_srv_common.o ABSOLUTE
    ..\\..\\..\\..\\..\\Source\\ble\\ble_stack_handler.c 0x00000000   Number         0  ble_stack_handler.o ABSOLUTE
    ..\\..\\..\\..\\..\\Source\\nrf_delay\\nrf_delay.c 0x00000000   Number         0  nrf_delay.o ABSOLUTE
    ..\\..\\..\\..\\..\\Source\\simple_uart\\simple_uart.c 0x00000000   Number         0  simple_uart.o ABSOLUTE
    ..\\..\\..\\..\\..\\Source\\templates\\system_nrf51.c 0x00000000   Number         0  system_nrf51.o ABSOLUTE
    ..\\..\\..\\..\\..\\Source\\twi_master\\twi_sw_master.c 0x00000000   Number         0  twi_sw_master.o ABSOLUTE
    ..\\ble_init.c                           0x00000000   Number         0  ble_init.o ABSOLUTE
    ..\\ble_mps.c                            0x00000000   Number         0  ble_mps.o ABSOLUTE
    ..\\main.c                               0x00000000   Number         0  main.o ABSOLUTE
    ..\\mpu_config.c                         0x00000000   Number         0  mpu_config.o ABSOLUTE
    ..\\nrf_adc.c                            0x00000000   Number         0  nrf_adc.o ABSOLUTE
    ..\ble_init.c                            0x00000000   Number         0  ble_init.o ABSOLUTE
    ..\ble_mps.c                             0x00000000   Number         0  ble_mps.o ABSOLUTE
    ..\main.c                                0x00000000   Number         0  main.o ABSOLUTE
    ..\mpu_config.c                          0x00000000   Number         0  mpu_config.o ABSOLUTE
    ..\nrf_adc.c                             0x00000000   Number         0  nrf_adc.o ABSOLUTE
    dc.s                                     0x00000000   Number         0  dc.o ABSOLUTE
    RESET                                    0x00014000   Section      192  arm_startup_nrf51.o(RESET)
    !!!main                                  0x000140c0   Section        8  __main.o(!!!main)
    !!!scatter                               0x000140c8   Section       60  __scatter.o(!!!scatter)
    !!handler_copy                           0x00014104   Section       26  __scatter_copy.o(!!handler_copy)
    !!handler_zi                             0x00014120   Section       28  __scatter_zi.o(!!handler_zi)
    .ARM.Collect$$libinit$$00000000          0x0001413c   Section        2  libinit.o(.ARM.Collect$$libinit$$00000000)
    .ARM.Collect$$libinit$$00000001          0x0001413e   Section        4  libinit2.o(.ARM.Collect$$libinit$$00000001)
    .ARM.Collect$$libinit$$00000008          0x00014142   Section        0  libinit2.o(.ARM.Collect$$libinit$$00000008)
    .ARM.Collect$$libinit$$0000000A          0x00014142   Section        0  libinit2.o(.ARM.Collect$$libinit$$0000000A)
    .ARM.Collect$$libinit$$0000000C          0x00014142   Section        0  libinit2.o(.ARM.Collect$$libinit$$0000000C)
    .ARM.Collect$$libinit$$0000000F          0x00014142   Section        0  libinit2.o(.ARM.Collect$$libinit$$0000000F)
    .ARM.Collect$$libinit$$00000011          0x00014142   Section        0  libinit2.o(.ARM.Collect$$libinit$$00000011)
    .ARM.Collect$$libinit$$00000013          0x00014142   Section        0  libinit2.o(.ARM.Collect$$libinit$$00000013)
    .ARM.Collect$$libinit$$00000015          0x00014142   Section        0  libinit2.o(.ARM.Collect$$libinit$$00000015)
    .ARM.Collect$$libinit$$00000017          0x00014142   Section        0  libinit2.o(.ARM.Collect$$libinit$$00000017)
    .ARM.Collect$$libinit$$00000019          0x00014142   Section        0  libinit2.o(.ARM.Collect$$libinit$$00000019)
    .ARM.Collect$$libinit$$0000001B          0x00014142   Section        0  libinit2.o(.ARM.Collect$$libinit$$0000001B)
    .ARM.Collect$$libinit$$0000001D          0x00014142   Section        0  libinit2.o(.ARM.Collect$$libinit$$0000001D)
    .ARM.Collect$$libinit$$0000001F          0x00014142   Section        0  libinit2.o(.ARM.Collect$$libinit$$0000001F)
    .ARM.Collect$$libinit$$00000021          0x00014142   Section        0  libinit2.o(.ARM.Collect$$libinit$$00000021)
    .ARM.Collect$$libinit$$00000023          0x00014142   Section        0  libinit2.o(.ARM.Collect$$libinit$$00000023)
    .ARM.Collect$$libinit$$0000002A          0x00014142   Section        0  libinit2.o(.ARM.Collect$$libinit$$0000002A)
    .ARM.Collect$$libinit$$0000002C          0x00014142   Section        0  libinit2.o(.ARM.Collect$$libinit$$0000002C)
    .ARM.Collect$$libinit$$0000002E          0x00014142   Section        0  libinit2.o(.ARM.Collect$$libinit$$0000002E)
    .ARM.Collect$$libinit$$00000030          0x00014142   Section        0  libinit2.o(.ARM.Collect$$libinit$$00000030)
    .ARM.Collect$$libinit$$00000031          0x00014142   Section        2  libinit2.o(.ARM.Collect$$libinit$$00000031)
    .ARM.Collect$$libshutdown$$00000000      0x00014144   Section        2  libshutdown.o(.ARM.Collect$$libshutdown$$00000000)
    .ARM.Collect$$libshutdown$$00000003      0x00014146   Section        0  libshutdown2.o(.ARM.Collect$$libshutdown$$00000003)
    .ARM.Collect$$libshutdown$$00000006      0x00014146   Section        0  libshutdown2.o(.ARM.Collect$$libshutdown$$00000006)
    .ARM.Collect$$libshutdown$$00000009      0x00014146   Section        0  libshutdown2.o(.ARM.Collect$$libshutdown$$00000009)
    .ARM.Collect$$libshutdown$$0000000B      0x00014146   Section        0  libshutdown2.o(.ARM.Collect$$libshutdown$$0000000B)
    .ARM.Collect$$libshutdown$$0000000E      0x00014146   Section        0  libshutdown2.o(.ARM.Collect$$libshutdown$$0000000E)
    .ARM.Collect$$libshutdown$$0000000F      0x00014146   Section        2  libshutdown2.o(.ARM.Collect$$libshutdown$$0000000F)
    .ARM.Collect$$rtentry$$00000000          0x00014148   Section        0  rtentry.o(.ARM.Collect$$rtentry$$00000000)
    .ARM.Collect$$rtentry$$00000002          0x00014148   Section        0  rtentry2.o(.ARM.Collect$$rtentry$$00000002)
    .ARM.Collect$$rtentry$$00000004          0x00014148   Section        6  rtentry4.o(.ARM.Collect$$rtentry$$00000004)
    .ARM.Collect$$rtentry$$00000009          0x0001414e   Section        0  rtentry2.o(.ARM.Collect$$rtentry$$00000009)
    .ARM.Collect$$rtentry$$0000000A          0x0001414e   Section        4  rtentry2.o(.ARM.Collect$$rtentry$$0000000A)
    .ARM.Collect$$rtentry$$0000000C          0x00014152   Section        0  rtentry2.o(.ARM.Collect$$rtentry$$0000000C)
    .ARM.Collect$$rtentry$$0000000D          0x00014152   Section        8  rtentry2.o(.ARM.Collect$$rtentry$$0000000D)
    .ARM.Collect$$rtexit$$00000000           0x0001415a   Section        2  rtexit.o(.ARM.Collect$$rtexit$$00000000)
    .ARM.Collect$$rtexit$$00000002           0x0001415c   Section        0  rtexit2.o(.ARM.Collect$$rtexit$$00000002)
    .ARM.Collect$$rtexit$$00000003           0x0001415c   Section        4  rtexit2.o(.ARM.Collect$$rtexit$$00000003)
    .ARM.Collect$$rtexit$$00000004           0x00014160   Section        6  rtexit2.o(.ARM.Collect$$rtexit$$00000004)
    .emb_text                                0x00014168   Section       30  app_timer.o(.emb_text)
    .emb_text                                0x00014188   Section       30  simple_uart.o(.emb_text)
    .emb_text                                0x000141a8   Section       30  twi_sw_master.o(.emb_text)
    .emb_text                                0x000141c8   Section       30  nrf_delay.o(.emb_text)
    .emb_text                                0x000141e8   Section       56  rt_memcpy.o(.emb_text)
    .text                                    0x00014220   Section       72  arm_startup_nrf51.o(.text)
    .text                                    0x00014268   Section        0  system_nrf51.o(.text)
    is_disabled_in_debug_needed              0x00014271   Thumb Code    52  system_nrf51.o(.text)
    is_manual_peripheral_setup_needed        0x000142a5   Thumb Code   104  system_nrf51.o(.text)
    .text                                    0x00014350   Section        0  main.o(.text)
    leds_init                                0x00014383   Thumb Code    56  main.o(.text)
    buttons_init                             0x000143bb   Thumb Code    26  main.o(.text)
    clock_tick_handler                       0x000143d5   Thumb Code    32  main.o(.text)
    ble_transaction_timeout_handler          0x000143f5   Thumb Code    28  main.o(.text)
    timers_init                              0x00014411   Thumb Code   120  main.o(.text)
    timers_start                             0x00014489   Thumb Code    42  main.o(.text)
    battery_level_update                     0x000144df   Thumb Code    52  main.o(.text)
    get_mpu_measurement                      0x00014513   Thumb Code    98  main.o(.text)
    report_measurement_hvn                   0x00014575   Thumb Code    92  main.o(.text)
    command_handler                          0x000145d1   Thumb Code   226  main.o(.text)
    time_handler                             0x000146b3   Thumb Code    58  main.o(.text)
    power_manage                             0x000146ed   Thumb Code    34  main.o(.text)
    uart_init                                0x0001470f   Thumb Code   138  main.o(.text)
    send_msg_uart                            0x00014799   Thumb Code    18  main.o(.text)
    NVIC_SetPriority                         0x00014855   Thumb Code   110  main.o(.text)
    .text                                    0x000148f4   Section        0  ble_init.o(.text)
    gap_params_init                          0x000148f5   Thumb Code   122  ble_init.o(.text)
    advertising_init                         0x0001496f   Thumb Code   106  ble_init.o(.text)
    services_init                            0x000149d9   Thumb Code   250  ble_init.o(.text)
    sec_params_init                          0x00014ad3   Thumb Code    94  ble_init.o(.text)
    on_conn_params_evt                       0x00014b31   Thumb Code    60  ble_init.o(.text)
    conn_params_error_handler                0x00014b6d   Thumb Code    20  ble_init.o(.text)
    conn_params_init                         0x00014b81   Thumb Code    82  ble_init.o(.text)
    on_ble_evt                               0x00014c1b   Thumb Code   344  ble_init.o(.text)
    ble_evt_dispatch                         0x00014d73   Thumb Code    30  ble_init.o(.text)
    ble_stack_init                           0x00014d91   Thumb Code    52  ble_init.o(.text)
    nrf_gpio_pin_set                         0x00014df7   Thumb Code    10  ble_init.o(.text)
    nrf_gpio_pin_clear                       0x00014e01   Thumb Code    10  ble_init.o(.text)
    .text                                    0x00014e24   Section        0  mpu_config.o(.text)
    .text                                    0x00014fe8   Section        0  ble_srv_common.o(.text)
    .text                                    0x000150a8   Section        0  ble_mps.o(.text)
    on_connect                               0x000150a9   Thumb Code    34  ble_mps.o(.text)
    on_disconnect                            0x000150cb   Thumb Code    14  ble_mps.o(.text)
    on_write                                 0x000150d9   Thumb Code   160  ble_mps.o(.text)
    meas_char_add                            0x000151b3   Thumb Code   304  ble_mps.o(.text)
    mode_char_add                            0x000152e3   Thumb Code   220  ble_mps.o(.text)
    cmd_char_add                             0x000153bf   Thumb Code   210  ble_mps.o(.text)
    time_char_add                            0x00015491   Thumb Code   220  ble_mps.o(.text)
    extra_char_add                           0x0001556d   Thumb Code   294  ble_mps.o(.text)
    .text                                    0x0001577c   Section        0  ble_bas.o(.text)
    on_connect                               0x0001577d   Thumb Code     6  ble_bas.o(.text)
    on_disconnect                            0x00015783   Thumb Code     8  ble_bas.o(.text)
    on_write                                 0x0001578b   Thumb Code    80  ble_bas.o(.text)
    battery_level_char_add                   0x00015815   Thumb Code   448  ble_bas.o(.text)
    .text                                    0x00015a9c   Section        0  ble_error_log.o(.text)
    fetch_stack                              0x00015a9d   Thumb Code    38  ble_error_log.o(.text)
    .text                                    0x00015c58   Section        0  ble_flash.o(.text)
    flash_page_erase                         0x00015c99   Thumb Code    48  ble_flash.o(.text)
    flash_word_unprotected_write             0x00015cc9   Thumb Code    46  ble_flash.o(.text)
    flash_word_write                         0x00015cf7   Thumb Code    64  ble_flash.o(.text)
    .text                                    0x00015e9c   Section        0  ble_advdata.o(.text)
    name_encode                              0x00015e9d   Thumb Code   106  ble_advdata.o(.text)
    appearance_encode                        0x00015f07   Thumb Code    74  ble_advdata.o(.text)
    uint8_array_encode                       0x00015f51   Thumb Code    82  ble_advdata.o(.text)
    tx_power_level_encode                    0x00015fa3   Thumb Code    48  ble_advdata.o(.text)
    uuid_list_sized_encode                   0x00015fd3   Thumb Code   196  ble_advdata.o(.text)
    uuid_list_encode                         0x00016097   Thumb Code    64  ble_advdata.o(.text)
    conn_int_check                           0x000160d7   Thumb Code    88  ble_advdata.o(.text)
    conn_int_encode                          0x0001612f   Thumb Code    92  ble_advdata.o(.text)
    manuf_specific_data_encode               0x0001618b   Thumb Code   106  ble_advdata.o(.text)
    service_data_encode                      0x000161f5   Thumb Code   140  ble_advdata.o(.text)
    adv_data_encode                          0x00016281   Thumb Code   304  ble_advdata.o(.text)
    advdata_check                            0x000163b1   Thumb Code    34  ble_advdata.o(.text)
    srdata_check                             0x000163d3   Thumb Code    16  ble_advdata.o(.text)
    uint16_encode                            0x0001645d   Thumb Code    18  ble_advdata.o(.text)
    .text                                    0x00016474   Section        0  app_timer.o(.text)
    NVIC_SetPriority                         0x00016475   Thumb Code   110  app_timer.o(.text)
    rtc1_init                                0x000164e3   Thumb Code    18  app_timer.o(.text)
    rtc1_start                               0x000164f5   Thumb Code    42  app_timer.o(.text)
    rtc1_stop                                0x0001651f   Thumb Code    44  app_timer.o(.text)
    timer_list_insert                        0x0001654b   Thumb Code   212  app_timer.o(.text)
    timer_list_remove                        0x0001661f   Thumb Code   156  app_timer.o(.text)
    timer_timeouts_check_sched               0x000166bb   Thumb Code    10  app_timer.o(.text)
    timer_list_handler_sched                 0x000166c5   Thumb Code    10  app_timer.o(.text)
    timeout_handler_exec                     0x000166cf   Thumb Code    60  app_timer.o(.text)
    timer_timeouts_check                     0x0001670b   Thumb Code   132  app_timer.o(.text)
    elapsed_ticks_acquire                    0x0001678f   Thumb Code    82  app_timer.o(.text)
    list_deletions_handler                   0x000167e1   Thumb Code   280  app_timer.o(.text)
    expired_timers_handler                   0x000168f9   Thumb Code   100  app_timer.o(.text)
    list_insertions_handler                  0x0001695d   Thumb Code   264  app_timer.o(.text)
    compare_reg_update                       0x00016a65   Thumb Code   128  app_timer.o(.text)
    timer_list_handler                       0x00016ae5   Thumb Code    70  app_timer.o(.text)
    user_op_enque                            0x00016b2b   Thumb Code     4  app_timer.o(.text)
    user_op_alloc                            0x00016b2f   Thumb Code    44  app_timer.o(.text)
    timer_start_op_schedule                  0x00016b5b   Thumb Code    80  app_timer.o(.text)
    timer_stop_op_schedule                   0x00016bab   Thumb Code    58  app_timer.o(.text)
    timer_stop_all_op_schedule               0x00016be5   Thumb Code    58  app_timer.o(.text)
    user_id_get                              0x00016dab   Thumb Code    34  app_timer.o(.text)
    NVIC_EnableIRQ                           0x00016ea9   Thumb Code    14  app_timer.o(.text)
    NVIC_SetPendingIRQ                       0x00016eb7   Thumb Code    14  app_timer.o(.text)
    NVIC_ClearPendingIRQ                     0x00016ec5   Thumb Code    16  app_timer.o(.text)
    current_int_priority_get                 0x00016ed5   Thumb Code    84  app_timer.o(.text)
    rtc1_counter_get                         0x00016f29   Thumb Code     6  app_timer.o(.text)
    ticks_diff_get                           0x00016f2f   Thumb Code    10  app_timer.o(.text)
    .text                                    0x00016f60   Section        0  ble_conn_params.o(.text)
    is_conn_params_ok                        0x00016f61   Thumb Code    30  ble_conn_params.o(.text)
    update_timeout_handler                   0x00016f7f   Thumb Code   136  ble_conn_params.o(.text)
    conn_params_negotiation                  0x0001706d   Thumb Code   126  ble_conn_params.o(.text)
    on_connect                               0x000170eb   Thumb Code    42  ble_conn_params.o(.text)
    on_disconnect                            0x00017115   Thumb Code    50  ble_conn_params.o(.text)
    on_write                                 0x00017147   Thumb Code    84  ble_conn_params.o(.text)
    on_conn_params_update                    0x0001719b   Thumb Code    20  ble_conn_params.o(.text)
    .text                                    0x00017268   Section        0  ble_stack_handler.o(.text)
    softdevice_assertion_handler             0x00017269   Thumb Code    18  ble_stack_handler.o(.text)
    .text                                    0x00017380   Section        0  ble_debug_assert_handler.o(.text)
    .text                                    0x000173c4   Section        0  simple_uart.o(.text)
    nrf_gpio_cfg_output                      0x000174ab   Thumb Code    18  simple_uart.o(.text)
    nrf_gpio_cfg_input                       0x000174bd   Thumb Code    20  simple_uart.o(.text)
    .text                                    0x000174e0   Section        0  nrf_adc.o(.text)
    NVIC_SetPriority                         0x00017583   Thumb Code   110  nrf_adc.o(.text)
    .text                                    0x00017610   Section        0  twi_sw_master.o(.text)
    twi_master_clear_bus                     0x00017611   Thumb Code   142  twi_sw_master.o(.text)
    twi_master_wait_while_scl_low            0x000176e5   Thumb Code    38  twi_sw_master.o(.text)
    twi_master_issue_stopcondition           0x0001770b   Thumb Code    52  twi_sw_master.o(.text)
    twi_master_clock_byte                    0x0001773f   Thumb Code   176  twi_sw_master.o(.text)
    twi_master_clock_byte_in                 0x000177ef   Thumb Code   156  twi_sw_master.o(.text)
    twi_master_issue_startcondition          0x0001788b   Thumb Code    70  twi_sw_master.o(.text)
    .text                                    0x00017958   Section        0  nrf_delay.o(.text)
    .text                                    0x00017974   Section        0  strlen.o(.text)
    .text                                    0x000179b8   Section        0  rt_memcpy.o(.text)
    .text                                    0x00017a3a   Section        0  rt_memclr.o(.text)
    .text                                    0x00017a7c   Section        0  strncpy.o(.text)
    .text                                    0x00017ae8   Section      346  aeabi_sdiv.o(.text)
    .text                                    0x00017c42   Section        0  heapauxi.o(.text)
    .text                                    0x00017c48   Section        0  fdiv.o(.text)
    .text                                    0x00017da8   Section        0  fflti.o(.text)
    .text                                    0x00017e06   Section       62  sys_stackheap_outer.o(.text)
    .text                                    0x00017e44   Section        0  exit.o(.text)
    .text                                    0x00017e50   Section        8  libspace.o(.text)
    .text                                    0x00017e58   Section        0  sys_exit.o(.text)
    .text                                    0x00017e64   Section        2  use_no_semi.o(.text)
    .text                                    0x00017e66   Section        0  indicate_semi.o(.text)
    i.__ARM_common_switch8                   0x00017e66   Section        0  main.o(i.__ARM_common_switch8)
    x$fpl$fmul                               0x00017e84   Section      176  fmul.o(x$fpl$fmul)
    .constdata                               0x00017f34   Section        4  ble_init.o(.constdata)
    x$fpl$usenofp                            0x00017f34   Section        0  usenofp.o(x$fpl$usenofp)
    .constdata                               0x00017f38   Section       16  ble_mps.o(.constdata)
    .constdata                               0x00017f48   Section       64  fdiv.o(.constdata)
    fdiv_tab                                 0x00017f48   Data          64  fdiv.o(.constdata)
    .data                                    0x20002000   Section        4  system_nrf51.o(.data)
    __tagsym$$used                           0x20002000   Number         0  system_nrf51.o(.data)
    .data                                    0x20002004   Section       21  main.o(.data)
    m_clock_timer_id                         0x20002004   Data           4  main.o(.data)
    m_ble_trans_timer_id                     0x20002008   Data           4  main.o(.data)
    adc_data                                 0x2000200c   Data           1  main.o(.data)
    time_stamp                               0x20002010   Data           4  main.o(.data)
    report_start                             0x20002014   Data           1  main.o(.data)
    credit                                   0x20002015   Data           1  main.o(.data)
    peer_num                                 0x20002016   Data           1  main.o(.data)
    seq_num                                  0x20002017   Data           1  main.o(.data)
    trans_timer_started                      0x20002018   Data           1  main.o(.data)
    .data                                    0x2000201c   Section        8  ble_init.o(.data)
    p_ble_init                               0x2000201c   Data           4  ble_init.o(.data)
    adv_attempts                             0x20002020   Data           4  ble_init.o(.data)
    .data                                    0x20002024   Section        4  mpu_config.o(.data)
    p_mpu_config                             0x20002024   Data           4  mpu_config.o(.data)
    .data                                    0x20002028   Section        1  ble_error_log.o(.data)
    m_ble_log_clear_flag                     0x20002028   Data           1  ble_error_log.o(.data)
    .data                                    0x20002029   Section        1  ble_flash.o(.data)
    m_radio_active                           0x20002029   Data           1  ble_flash.o(.data)
    .data                                    0x2000202c   Section       40  app_timer.o(.data)
    m_node_array_size                        0x2000202c   Data           1  app_timer.o(.data)
    mp_nodes                                 0x20002030   Data           4  app_timer.o(.data)
    m_user_array_size                        0x20002034   Data           1  app_timer.o(.data)
    mp_users                                 0x20002038   Data           4  app_timer.o(.data)
    m_timer_id_head                          0x2000203c   Data           4  app_timer.o(.data)
    m_ticks_latest                           0x20002040   Data           4  app_timer.o(.data)
    m_ticks_elapsed                          0x20002044   Data           8  app_timer.o(.data)
    m_ticks_elapsed_q_read_ind               0x2000204c   Data           1  app_timer.o(.data)
    m_ticks_elapsed_q_write_ind              0x2000204d   Data           1  app_timer.o(.data)
    m_evt_schedule_func                      0x20002050   Data           4  app_timer.o(.data)
    .data                                    0x20002054   Section       25  ble_conn_params.o(.data)
    m_preferred_conn_params                  0x20002054   Data           8  ble_conn_params.o(.data)
    m_update_count                           0x2000205c   Data           1  ble_conn_params.o(.data)
    m_conn_handle                            0x2000205e   Data           2  ble_conn_params.o(.data)
    m_current_conn_params                    0x20002060   Data           8  ble_conn_params.o(.data)
    m_conn_params_timer_id                   0x20002068   Data           4  ble_conn_params.o(.data)
    m_change_param                           0x2000206c   Data           1  ble_conn_params.o(.data)
    .data                                    0x20002070   Section       14  ble_stack_handler.o(.data)
    m_evt_handler                            0x20002070   Data           4  ble_stack_handler.o(.data)
    m_evt_schedule_func                      0x20002074   Data           4  ble_stack_handler.o(.data)
    m_evt_buffer                             0x20002078   Data           4  ble_stack_handler.o(.data)
    m_evt_buffer_size                        0x2000207c   Data           2  ble_stack_handler.o(.data)
    .data                                    0x20002080   Section        8  ble_debug_assert_handler.o(.data)
    s_line_num                               0x20002080   Data           2  ble_debug_assert_handler.o(.data)
    s_error_code                             0x20002084   Data           4  ble_debug_assert_handler.o(.data)
    .bss                                     0x20002088   Section      684  main.o(.bss)
    m_ble_init                               0x20002088   Data          96  main.o(.bss)
    m_mpu_config                             0x200020e8   Data          12  main.o(.bss)
    APP_TIMER_BUF                            0x200020f4   Data         576  main.o(.bss)
    .bss                                     0x20002334   Section      132  ble_init.o(.bss)
    m_auth_status                            0x20002334   Data          50  ble_init.o(.bss)
    EVT_BUFFER                               0x20002368   Data          80  ble_init.o(.bss)
    .bss                                     0x200023b8   Section      392  ble_error_log.o(.bss)
    m_ble_error_log                          0x200023b8   Data         392  ble_error_log.o(.bss)
    .bss                                     0x20002540   Section       28  ble_conn_params.o(.bss)
    m_conn_params_config                     0x20002540   Data          28  ble_conn_params.o(.bss)
    .bss                                     0x2000255c   Section      128  ble_debug_assert_handler.o(.bss)
    s_file_name                              0x2000255c   Data         128  ble_debug_assert_handler.o(.bss)
    .bss                                     0x200025dc   Section       96  libspace.o(.bss)
    HEAP                                     0x20002640   Section     2048  arm_startup_nrf51.o(HEAP)
    Heap_Mem                                 0x20002640   Data        2048  arm_startup_nrf51.o(HEAP)
    STACK                                    0x20002e40   Section     2048  arm_startup_nrf51.o(STACK)
    Stack_Mem                                0x20002e40   Data        2048  arm_startup_nrf51.o(STACK)
    __initial_sp                             0x20003640   Data           0  arm_startup_nrf51.o(STACK)

    Global Symbols

    Symbol Name                              Value     Ov Type        Size  Object(Section)

    BuildAttributes$$THM_ISAv3M$S$PE$A:L22$X:L11$S22$IEEE1$IW$USESV6$~STKCKD$USESV7$ENUMINT$~SHL$OSPACE$ROPI$EBA8$UX$STANDARDLIB$REQ8$PRES8$EABIv2 0x00000000   Number         0  anon$$obj.o ABSOLUTE
    __ARM_use_no_argv                        0x00000000   Number         0  main.o ABSOLUTE
    __ARM_exceptions_init                     - Undefined Weak Reference
    __alloca_initialize                       - Undefined Weak Reference
    __cpp_initialize__aeabi_                  - Undefined Weak Reference
    __cxa_finalize                            - Undefined Weak Reference
    __rt_locale                               - Undefined Weak Reference
    __sigvec_lookup                           - Undefined Weak Reference
    _atexit_init                              - Undefined Weak Reference
    _call_atexit_fns                          - Undefined Weak Reference
    _clock_init                               - Undefined Weak Reference
    _fp_trap_init                             - Undefined Weak Reference
    _fp_trap_shutdown                         - Undefined Weak Reference
    _get_lc_collate                           - Undefined Weak Reference
    _get_lc_ctype                             - Undefined Weak Reference
    _get_lc_monetary                          - Undefined Weak Reference
    _get_lc_numeric                           - Undefined Weak Reference
    _get_lc_time                              - Undefined Weak Reference
    _getenv_init                              - Undefined Weak Reference
    _handle_redirection                       - Undefined Weak Reference
    _init_alloc                               - Undefined Weak Reference
    _init_user_alloc                          - Undefined Weak Reference
    _initio                                   - Undefined Weak Reference
    _rand_init                                - Undefined Weak Reference
    _signal_finish                            - Undefined Weak Reference
    _signal_init                              - Undefined Weak Reference
    _terminate_alloc                          - Undefined Weak Reference
    _terminate_user_alloc                     - Undefined Weak Reference
    _terminateio                              - Undefined Weak Reference
    __Vectors_Size                           0x000000c0   Number         0  arm_startup_nrf51.o ABSOLUTE
    __Vectors                                0x00014000   Data           4  arm_startup_nrf51.o(RESET)
    __Vectors_End                            0x000140c0   Data           0  arm_startup_nrf51.o(RESET)
    __main                                   0x000140c1   Thumb Code     8  __main.o(!!!main)
    __scatterload                            0x000140c9   Thumb Code     0  __scatter.o(!!!scatter)
    __scatterload_rt2                        0x000140c9   Thumb Code    52  __scatter.o(!!!scatter)
    __scatterload_rt2_thumb_only             0x000140c9   Thumb Code     0  __scatter.o(!!!scatter)
    __scatterload_null                       0x000140d9   Thumb Code     0  __scatter.o(!!!scatter)
    __scatterload_copy                       0x00014105   Thumb Code    26  __scatter_copy.o(!!handler_copy)
    __scatterload_zeroinit                   0x00014121   Thumb Code    28  __scatter_zi.o(!!handler_zi)
    __rt_lib_init                            0x0001413d   Thumb Code     0  libinit.o(.ARM.Collect$$libinit$$00000000)
    __rt_lib_init_fp_1                       0x0001413f   Thumb Code     0  libinit2.o(.ARM.Collect$$libinit$$00000001)
    __rt_lib_init_alloca_1                   0x00014143   Thumb Code     0  libinit2.o(.ARM.Collect$$libinit$$0000002C)
    __rt_lib_init_argv_1                     0x00014143   Thumb Code     0  libinit2.o(.ARM.Collect$$libinit$$0000002A)
    __rt_lib_init_atexit_1                   0x00014143   Thumb Code     0  libinit2.o(.ARM.Collect$$libinit$$00000019)
    __rt_lib_init_clock_1                    0x00014143   Thumb Code     0  libinit2.o(.ARM.Collect$$libinit$$0000001F)
    __rt_lib_init_cpp_1                      0x00014143   Thumb Code     0  libinit2.o(.ARM.Collect$$libinit$$00000030)
    __rt_lib_init_exceptions_1               0x00014143   Thumb Code     0  libinit2.o(.ARM.Collect$$libinit$$0000002E)
    __rt_lib_init_fp_trap_1                  0x00014143   Thumb Code     0  libinit2.o(.ARM.Collect$$libinit$$0000001D)
    __rt_lib_init_getenv_1                   0x00014143   Thumb Code     0  libinit2.o(.ARM.Collect$$libinit$$00000021)
    __rt_lib_init_heap_1                     0x00014143   Thumb Code     0  libinit2.o(.ARM.Collect$$libinit$$00000008)
    __rt_lib_init_lc_collate_1               0x00014143   Thumb Code     0  libinit2.o(.ARM.Collect$$libinit$$0000000F)
    __rt_lib_init_lc_ctype_1                 0x00014143   Thumb Code     0  libinit2.o(.ARM.Collect$$libinit$$00000011)
    __rt_lib_init_lc_monetary_1              0x00014143   Thumb Code     0  libinit2.o(.ARM.Collect$$libinit$$00000013)
    __rt_lib_init_lc_numeric_1               0x00014143   Thumb Code     0  libinit2.o(.ARM.Collect$$libinit$$00000015)
    __rt_lib_init_lc_time_1                  0x00014143   Thumb Code     0  libinit2.o(.ARM.Collect$$libinit$$00000017)
    __rt_lib_init_rand_1                     0x00014143   Thumb Code     0  libinit2.o(.ARM.Collect$$libinit$$0000000C)
    __rt_lib_init_return                     0x00014143   Thumb Code     0  libinit2.o(.ARM.Collect$$libinit$$00000031)
    __rt_lib_init_signal_1                   0x00014143   Thumb Code     0  libinit2.o(.ARM.Collect$$libinit$$0000001B)
    __rt_lib_init_stdio_1                    0x00014143   Thumb Code     0  libinit2.o(.ARM.Collect$$libinit$$00000023)
    __rt_lib_init_user_alloc_1               0x00014143   Thumb Code     0  libinit2.o(.ARM.Collect$$libinit$$0000000A)
    __rt_lib_shutdown                        0x00014145   Thumb Code     0  libshutdown.o(.ARM.Collect$$libshutdown$$00000000)
    __rt_lib_shutdown_fp_trap_1              0x00014147   Thumb Code     0  libshutdown2.o(.ARM.Collect$$libshutdown$$00000006)
    __rt_lib_shutdown_heap_1                 0x00014147   Thumb Code     0  libshutdown2.o(.ARM.Collect$$libshutdown$$0000000E)
    __rt_lib_shutdown_return                 0x00014147   Thumb Code     0  libshutdown2.o(.ARM.Collect$$libshutdown$$0000000F)
    __rt_lib_shutdown_signal_1               0x00014147   Thumb Code     0  libshutdown2.o(.ARM.Collect$$libshutdown$$00000009)
    __rt_lib_shutdown_stdio_1                0x00014147   Thumb Code     0  libshutdown2.o(.ARM.Collect$$libshutdown$$00000003)
    __rt_lib_shutdown_user_alloc_1           0x00014147   Thumb Code     0  libshutdown2.o(.ARM.Collect$$libshutdown$$0000000B)
    __rt_entry                               0x00014149   Thumb Code     0  rtentry.o(.ARM.Collect$$rtentry$$00000000)
    __rt_entry_presh_1                       0x00014149   Thumb Code     0  rtentry2.o(.ARM.Collect$$rtentry$$00000002)
    __rt_entry_sh                            0x00014149   Thumb Code     0  rtentry4.o(.ARM.Collect$$rtentry$$00000004)
    __rt_entry_li                            0x0001414f   Thumb Code     0  rtentry2.o(.ARM.Collect$$rtentry$$0000000A)
    __rt_entry_postsh_1                      0x0001414f   Thumb Code     0  rtentry2.o(.ARM.Collect$$rtentry$$00000009)
    __rt_entry_main                          0x00014153   Thumb Code     0  rtentry2.o(.ARM.Collect$$rtentry$$0000000D)
    __rt_entry_postli_1                      0x00014153   Thumb Code     0  rtentry2.o(.ARM.Collect$$rtentry$$0000000C)
    __rt_exit                                0x0001415b   Thumb Code     0  rtexit.o(.ARM.Collect$$rtexit$$00000000)
    __rt_exit_ls                             0x0001415d   Thumb Code     0  rtexit2.o(.ARM.Collect$$rtexit$$00000003)
    __rt_exit_prels_1                        0x0001415d   Thumb Code     0  rtexit2.o(.ARM.Collect$$rtexit$$00000002)
    __rt_exit_exit                           0x00014161   Thumb Code     0  rtexit2.o(.ARM.Collect$$rtexit$$00000004)
    __asm___11_app_timer_c_cd27f9c3__nrf_delay_us 0x00014169   Thumb Code    30  app_timer.o(.emb_text)
    __asm___13_simple_uart_c_5dda6715__nrf_delay_us 0x00014189   Thumb Code    30  simple_uart.o(.emb_text)
    __asm___15_twi_sw_master_c_959ec897__nrf_delay_us 0x000141a9   Thumb Code    30  twi_sw_master.o(.emb_text)
    __asm___11_nrf_delay_c_532987f3__nrf_delay_us 0x000141c9   Thumb Code    30  nrf_delay.o(.emb_text)
    __aeabi_memcpy4                          0x000141e9   Thumb Code    56  rt_memcpy.o(.emb_text)
    __aeabi_memcpy8                          0x000141e9   Thumb Code     0  rt_memcpy.o(.emb_text)
    Reset_Handler                            0x00014221   Thumb Code    18  arm_startup_nrf51.o(.text)
    NMI_Handler                              0x00014233   Thumb Code     2  arm_startup_nrf51.o(.text)
    HardFault_Handler                        0x00014235   Thumb Code     2  arm_startup_nrf51.o(.text)
    SVC_Handler                              0x00014237   Thumb Code     2  arm_startup_nrf51.o(.text)
    PendSV_Handler                           0x00014239   Thumb Code     2  arm_startup_nrf51.o(.text)
    SysTick_Handler                          0x0001423b   Thumb Code     2  arm_startup_nrf51.o(.text)
    ADC_IRQHandler                           0x0001423d   Thumb Code     0  arm_startup_nrf51.o(.text)
    CCM_AAR_IRQHandler                       0x0001423d   Thumb Code     0  arm_startup_nrf51.o(.text)
    ECB_IRQHandler                           0x0001423d   Thumb Code     0  arm_startup_nrf51.o(.text)
    GPIOTE_IRQHandler                        0x0001423d   Thumb Code     0  arm_startup_nrf51.o(.text)
    LPCOMP_COMP_IRQHandler                   0x0001423d   Thumb Code     0  arm_startup_nrf51.o(.text)
    POWER_CLOCK_IRQHandler                   0x0001423d   Thumb Code     0  arm_startup_nrf51.o(.text)
    QDEC_IRQHandler                          0x0001423d   Thumb Code     0  arm_startup_nrf51.o(.text)
    RADIO_IRQHandler                         0x0001423d   Thumb Code     0  arm_startup_nrf51.o(.text)
    RNG_IRQHandler                           0x0001423d   Thumb Code     0  arm_startup_nrf51.o(.text)
    RTC0_IRQHandler                          0x0001423d   Thumb Code     0  arm_startup_nrf51.o(.text)
    SPI0_TWI0_IRQHandler                     0x0001423d   Thumb Code     0  arm_startup_nrf51.o(.text)
    SPI1_TWI1_IRQHandler                     0x0001423d   Thumb Code     0  arm_startup_nrf51.o(.text)
    SWI1_IRQHandler                          0x0001423d   Thumb Code     0  arm_startup_nrf51.o(.text)
    SWI3_IRQHandler                          0x0001423d   Thumb Code     0  arm_startup_nrf51.o(.text)
    SWI4_IRQHandler                          0x0001423d   Thumb Code     0  arm_startup_nrf51.o(.text)
    SWI5_IRQHandler                          0x0001423d   Thumb Code     0  arm_startup_nrf51.o(.text)
    TEMP_IRQHandler                          0x0001423d   Thumb Code     0  arm_startup_nrf51.o(.text)
    TIMER0_IRQHandler                        0x0001423d   Thumb Code     0  arm_startup_nrf51.o(.text)
    TIMER1_IRQHandler                        0x0001423d   Thumb Code     0  arm_startup_nrf51.o(.text)
    TIMER2_IRQHandler                        0x0001423d   Thumb Code     0  arm_startup_nrf51.o(.text)
    UART0_IRQHandler                         0x0001423d   Thumb Code     0  arm_startup_nrf51.o(.text)
    WDT_IRQHandler                           0x0001423d   Thumb Code     0  arm_startup_nrf51.o(.text)
    __user_initial_stackheap                 0x00014241   Thumb Code     0  arm_startup_nrf51.o(.text)
    SystemCoreClockUpdate                    0x00014269   Thumb Code     8  system_nrf51.o(.text)
    SystemInit                               0x0001430d   Thumb Code    38  system_nrf51.o(.text)
    app_error_handler                        0x00014351   Thumb Code    32  main.o(.text)
    assert_nrf_callback                      0x00014371   Thumb Code    18  main.o(.text)
    adc_init                                 0x000144b3   Thumb Code    44  main.o(.text)
    main                                     0x000147ab   Thumb Code   170  main.o(.text)
    advertising_start                        0x00014bd3   Thumb Code    72  ble_init.o(.text)
    ble_init                                 0x00014dc5   Thumb Code    50  ble_init.o(.text)
    i2c_write                                0x00014e25   Thumb Code    26  mpu_config.o(.text)
    i2c_read                                 0x00014e3f   Thumb Code   100  mpu_config.o(.text)
    mpu_config_command                       0x00014ea3   Thumb Code   212  mpu_config.o(.text)
    mpu9150_init                             0x00014f77   Thumb Code   108  mpu_config.o(.text)
    ble_srv_report_ref_encode                0x00014fe9   Thumb Code    60  ble_srv_common.o(.text)
    ble_srv_ascii_to_utf8                    0x00015025   Thumb Code    18  ble_srv_common.o(.text)
    HEX2ASCII_Hi                             0x00015037   Thumb Code    30  ble_srv_common.o(.text)
    HEX2ASCII_Low                            0x00015055   Thumb Code    28  ble_srv_common.o(.text)
    ble_mps_on_ble_evt                       0x00015179   Thumb Code    58  ble_mps.o(.text)
    ble_mps_init                             0x00015693   Thumb Code   174  ble_mps.o(.text)
    ble_mps_send_hvn                         0x00015741   Thumb Code    58  ble_mps.o(.text)
    ble_bas_on_ble_evt                       0x000157db   Thumb Code    58  ble_bas.o(.text)
    ble_bas_init                             0x000159d5   Thumb Code    66  ble_bas.o(.text)
    ble_bas_battery_level_update             0x00015a17   Thumb Code   118  ble_bas.o(.text)
    ble_error_log_write                      0x00015ac3   Thumb Code    98  ble_error_log.o(.text)
    ble_error_log_read                       0x00015b25   Thumb Code   174  ble_error_log.o(.text)
    ble_error_log_clear                      0x00015bd3   Thumb Code     8  ble_error_log.o(.text)
    ble_error_log_init                       0x00015bdb   Thumb Code    60  ble_error_log.o(.text)
    ble_flash_crc16_compute                  0x00015c59   Thumb Code    64  ble_flash.o(.text)
    ble_flash_word_write                     0x00015d37   Thumb Code    18  ble_flash.o(.text)
    ble_flash_block_write                    0x00015d49   Thumb Code    36  ble_flash.o(.text)
    ble_flash_page_erase                     0x00015d6d   Thumb Code    26  ble_flash.o(.text)
    ble_flash_page_write                     0x00015d87   Thumb Code   120  ble_flash.o(.text)
    ble_flash_page_read                      0x00015dff   Thumb Code   112  ble_flash.o(.text)
    ble_flash_page_addr                      0x00015e6f   Thumb Code    18  ble_flash.o(.text)
    ble_flash_on_radio_active_evt            0x00015e81   Thumb Code     6  ble_flash.o(.text)
    ble_advdata_set                          0x000163e3   Thumb Code   122  ble_advdata.o(.text)
    RTC1_IRQHandler                          0x00016c1f   Thumb Code    34  app_timer.o(.text)
    SWI0_IRQHandler                          0x00016c41   Thumb Code     8  app_timer.o(.text)
    app_timer_init                           0x00016c49   Thumb Code   246  app_timer.o(.text)
    app_timer_create                         0x00016d3f   Thumb Code   108  app_timer.o(.text)
    app_timer_start                          0x00016dcd   Thumb Code    98  app_timer.o(.text)
    app_timer_stop                           0x00016e2f   Thumb Code    60  app_timer.o(.text)
    app_timer_stop_all                       0x00016e6b   Thumb Code    26  app_timer.o(.text)
    app_timer_cnt_get                        0x00016e85   Thumb Code    14  app_timer.o(.text)
    app_timer_cnt_diff_compute               0x00016e93   Thumb Code    22  app_timer.o(.text)
    ble_conn_params_init                     0x00017007   Thumb Code    90  ble_conn_params.o(.text)
    ble_conn_params_stop                     0x00017061   Thumb Code    12  ble_conn_params.o(.text)
    ble_conn_params_on_ble_evt               0x000171af   Thumb Code    62  ble_conn_params.o(.text)
    ble_conn_params_change_conn_params       0x000171ed   Thumb Code    86  ble_conn_params.o(.text)
    ble_stack_handler_init                   0x0001727b   Thumb Code    84  ble_stack_handler.o(.text)
    intern_ble_stack_events_execute          0x000172cf   Thumb Code    60  ble_stack_handler.o(.text)
    SWI2_IRQHandler                          0x0001730b   Thumb Code    50  ble_stack_handler.o(.text)
    ble_debug_assert_handler                 0x00017381   Thumb Code    56  ble_debug_assert_handler.o(.text)
    simple_uart_get                          0x000173c5   Thumb Code    24  simple_uart.o(.text)
    simple_uart_get_with_timeout             0x000173dd   Thumb Code    62  simple_uart.o(.text)
    simple_uart_put                          0x0001741b   Thumb Code    22  simple_uart.o(.text)
    simple_uart_putstring                    0x00017431   Thumb Code    32  simple_uart.o(.text)
    simple_uart_config                       0x00017451   Thumb Code    90  simple_uart.o(.text)
    nrf_adc_init                             0x000174e1   Thumb Code    66  nrf_adc.o(.text)
    nrf_adc_init_vbat                        0x00017523   Thumb Code    12  nrf_adc.o(.text)
    nrf_adc_read                             0x0001752f   Thumb Code    28  nrf_adc.o(.text)
    nrf_adc_read_vbat_f                      0x0001754b   Thumb Code    40  nrf_adc.o(.text)
    nrf_adc_read_vbat_mv                     0x00017573   Thumb Code    16  nrf_adc.o(.text)
    twi_master_init                          0x0001769f   Thumb Code    70  twi_sw_master.o(.text)
    twi_master_transfer                      0x000178d1   Thumb Code   128  twi_sw_master.o(.text)
    nrf_delay_ms                             0x00017959   Thumb Code    24  nrf_delay.o(.text)
    strlen                                   0x00017975   Thumb Code    62  strlen.o(.text)
    __aeabi_memcpy                           0x000179b9   Thumb Code   130  rt_memcpy.o(.text)
    __rt_memcpy                              0x000179b9   Thumb Code     0  rt_memcpy.o(.text)
    _memset_w                                0x00017a3b   Thumb Code    26  rt_memclr.o(.text)
    _memset                                  0x00017a55   Thumb Code    30  rt_memclr.o(.text)
    __aeabi_memclr                           0x00017a73   Thumb Code     4  rt_memclr.o(.text)
    __rt_memclr                              0x00017a73   Thumb Code     0  rt_memclr.o(.text)
    __aeabi_memclr4                          0x00017a77   Thumb Code     0  rt_memclr.o(.text)
    __aeabi_memclr8                          0x00017a77   Thumb Code     0  rt_memclr.o(.text)
    __rt_memclr_w                            0x00017a77   Thumb Code     4  rt_memclr.o(.text)
    strncpy                                  0x00017a7d   Thumb Code   104  strncpy.o(.text)
    __aeabi_uidiv                            0x00017ae9   Thumb Code     0  aeabi_sdiv.o(.text)
    __aeabi_uidivmod                         0x00017ae9   Thumb Code    20  aeabi_sdiv.o(.text)
    __aeabi_idiv                             0x00017afd   Thumb Code     0  aeabi_sdiv.o(.text)
    __aeabi_idivmod                          0x00017afd   Thumb Code   326  aeabi_sdiv.o(.text)
    __use_two_region_memory                  0x00017c43   Thumb Code     2  heapauxi.o(.text)
    __rt_heap_escrow$2region                 0x00017c45   Thumb Code     2  heapauxi.o(.text)
    __rt_heap_expand$2region                 0x00017c47   Thumb Code     2  heapauxi.o(.text)
    __aeabi_fdiv                             0x00017c49   Thumb Code     0  fdiv.o(.text)
    _fdiv                                    0x00017c49   Thumb Code   336  fdiv.o(.text)
    _frdiv                                   0x00017d99   Thumb Code     8  fdiv.o(.text)
    __aeabi_i2f_normalise                    0x00017da9   Thumb Code    72  fflti.o(.text)
    __aeabi_i2f                              0x00017df1   Thumb Code    16  fflti.o(.text)
    _fflt                                    0x00017df1   Thumb Code     0  fflti.o(.text)
    __aeabi_ui2f                             0x00017e01   Thumb Code     6  fflti.o(.text)
    _ffltu                                   0x00017e01   Thumb Code     0  fflti.o(.text)
    __user_setup_stackheap                   0x00017e07   Thumb Code    62  sys_stackheap_outer.o(.text)
    exit                                     0x00017e45   Thumb Code    12  exit.o(.text)
    __user_libspace                          0x00017e51   Thumb Code     8  libspace.o(.text)
    __user_perproc_libspace                  0x00017e51   Thumb Code     0  libspace.o(.text)
    __user_perthread_libspace                0x00017e51   Thumb Code     0  libspace.o(.text)
    _sys_exit                                0x00017e59   Thumb Code     8  sys_exit.o(.text)
    __I$use$semihosting                      0x00017e65   Thumb Code     0  use_no_semi.o(.text)
    __use_no_semihosting_swi                 0x00017e65   Thumb Code     2  use_no_semi.o(.text)
    __ARM_common_switch8                     0x00017e67   Thumb Code    28  main.o(i.__ARM_common_switch8)
    __semihosting_library_function           0x00017e67   Thumb Code     0  indicate_semi.o(.text)
    __aeabi_fmul                             0x00017e85   Thumb Code     0  fmul.o(x$fpl$fmul)
    _fmul                                    0x00017e85   Thumb Code   172  fmul.o(x$fpl$fmul)
    __I$use$fp                               0x00017f34   Number         0  usenofp.o(x$fpl$usenofp)
    Region$$Table$$Base                      0x00017f88   Number         0  anon$$obj.o(Region$$Table)
    Region$$Table$$Limit                     0x00017fa8   Number         0  anon$$obj.o(Region$$Table)
    SystemCoreClock                          0x20002000   Data           4  system_nrf51.o(.data)
    __libspace_start                         0x200025dc   Data          96  libspace.o(.bss)
    __temporary_stack_top$libspace           0x2000263c   Data           0  libspace.o(.bss)



==============================================================================

Memory Map of the image

  Image Entry point : 0x000140c1

  Load Region LR_IROM1 (Base: 0x00014000, Size: 0x00004030, Max: 0x0002b000, ABSOLUTE)

    Execution Region ER_IROM1 (Base: 0x00014000, Size: 0x00003fa8, Max: 0x0002b000, ABSOLUTE)

    Base Addr    Size         Type   Attr      Idx    E Section Name        Object

    0x00014000   0x000000c0   Data   RO            3    RESET               arm_startup_nrf51.o
    0x000140c0   0x00000008   Code   RO          849  * !!!main             c_p.l(__main.o)
    0x000140c8   0x0000003c   Code   RO         1023    !!!scatter          c_p.l(__scatter.o)
    0x00014104   0x0000001a   Code   RO         1025    !!handler_copy      c_p.l(__scatter_copy.o)
    0x0001411e   0x00000002   PAD
    0x00014120   0x0000001c   Code   RO         1027    !!handler_zi        c_p.l(__scatter_zi.o)
    0x0001413c   0x00000002   Code   RO          895    .ARM.Collect$$libinit$$00000000  c_p.l(libinit.o)
    0x0001413e   0x00000004   Code   RO          908    .ARM.Collect$$libinit$$00000001  c_p.l(libinit2.o)
    0x00014142   0x00000000   Code   RO          912    .ARM.Collect$$libinit$$00000008  c_p.l(libinit2.o)
    0x00014142   0x00000000   Code   RO          914    .ARM.Collect$$libinit$$0000000A  c_p.l(libinit2.o)
    0x00014142   0x00000000   Code   RO          916    .ARM.Collect$$libinit$$0000000C  c_p.l(libinit2.o)
    0x00014142   0x00000000   Code   RO          919    .ARM.Collect$$libinit$$0000000F  c_p.l(libinit2.o)
    0x00014142   0x00000000   Code   RO          921    .ARM.Collect$$libinit$$00000011  c_p.l(libinit2.o)
    0x00014142   0x00000000   Code   RO          923    .ARM.Collect$$libinit$$00000013  c_p.l(libinit2.o)
    0x00014142   0x00000000   Code   RO          925    .ARM.Collect$$libinit$$00000015  c_p.l(libinit2.o)
    0x00014142   0x00000000   Code   RO          927    .ARM.Collect$$libinit$$00000017  c_p.l(libinit2.o)
    0x00014142   0x00000000   Code   RO          929    .ARM.Collect$$libinit$$00000019  c_p.l(libinit2.o)
    0x00014142   0x00000000   Code   RO          931    .ARM.Collect$$libinit$$0000001B  c_p.l(libinit2.o)
    0x00014142   0x00000000   Code   RO          933    .ARM.Collect$$libinit$$0000001D  c_p.l(libinit2.o)
    0x00014142   0x00000000   Code   RO          935    .ARM.Collect$$libinit$$0000001F  c_p.l(libinit2.o)
    0x00014142   0x00000000   Code   RO          937    .ARM.Collect$$libinit$$00000021  c_p.l(libinit2.o)
    0x00014142   0x00000000   Code   RO          939    .ARM.Collect$$libinit$$00000023  c_p.l(libinit2.o)
    0x00014142   0x00000000   Code   RO          943    .ARM.Collect$$libinit$$0000002A  c_p.l(libinit2.o)
    0x00014142   0x00000000   Code   RO          945    .ARM.Collect$$libinit$$0000002C  c_p.l(libinit2.o)
    0x00014142   0x00000000   Code   RO          947    .ARM.Collect$$libinit$$0000002E  c_p.l(libinit2.o)
    0x00014142   0x00000000   Code   RO          949    .ARM.Collect$$libinit$$00000030  c_p.l(libinit2.o)
    0x00014142   0x00000002   Code   RO          950    .ARM.Collect$$libinit$$00000031  c_p.l(libinit2.o)
    0x00014144   0x00000002   Code   RO          981    .ARM.Collect$$libshutdown$$00000000  c_p.l(libshutdown.o)
    0x00014146   0x00000000   Code   RO         1008    .ARM.Collect$$libshutdown$$00000003  c_p.l(libshutdown2.o)
    0x00014146   0x00000000   Code   RO         1011    .ARM.Collect$$libshutdown$$00000006  c_p.l(libshutdown2.o)
    0x00014146   0x00000000   Code   RO         1014    .ARM.Collect$$libshutdown$$00000009  c_p.l(libshutdown2.o)
    0x00014146   0x00000000   Code   RO         1016    .ARM.Collect$$libshutdown$$0000000B  c_p.l(libshutdown2.o)
    0x00014146   0x00000000   Code   RO         1019    .ARM.Collect$$libshutdown$$0000000E  c_p.l(libshutdown2.o)
    0x00014146   0x00000002   Code   RO         1020    .ARM.Collect$$libshutdown$$0000000F  c_p.l(libshutdown2.o)
    0x00014148   0x00000000   Code   RO          858    .ARM.Collect$$rtentry$$00000000  c_p.l(rtentry.o)
    0x00014148   0x00000000   Code   RO          865    .ARM.Collect$$rtentry$$00000002  c_p.l(rtentry2.o)
    0x00014148   0x00000006   Code   RO          877    .ARM.Collect$$rtentry$$00000004  c_p.l(rtentry4.o)
    0x0001414e   0x00000000   Code   RO          867    .ARM.Collect$$rtentry$$00000009  c_p.l(rtentry2.o)
    0x0001414e   0x00000004   Code   RO          868    .ARM.Collect$$rtentry$$0000000A  c_p.l(rtentry2.o)
    0x00014152   0x00000000   Code   RO          870    .ARM.Collect$$rtentry$$0000000C  c_p.l(rtentry2.o)
    0x00014152   0x00000008   Code   RO          871    .ARM.Collect$$rtentry$$0000000D  c_p.l(rtentry2.o)
    0x0001415a   0x00000002   Code   RO          900    .ARM.Collect$$rtexit$$00000000  c_p.l(rtexit.o)
    0x0001415c   0x00000000   Code   RO          954    .ARM.Collect$$rtexit$$00000002  c_p.l(rtexit2.o)
    0x0001415c   0x00000004   Code   RO          955    .ARM.Collect$$rtexit$$00000003  c_p.l(rtexit2.o)
    0x00014160   0x00000006   Code   RO          956    .ARM.Collect$$rtexit$$00000004  c_p.l(rtexit2.o)
    0x00014166   0x00000002   PAD
    0x00014168   0x0000001e   Code   RO          571    .emb_text           app_timer.o
    0x00014186   0x00000002   PAD
    0x00014188   0x0000001e   Code   RO          729    .emb_text           simple_uart.o
    0x000141a6   0x00000002   PAD
    0x000141a8   0x0000001e   Code   RO          782    .emb_text           twi_sw_master.o
    0x000141c6   0x00000002   PAD
    0x000141c8   0x0000001e   Code   RO          809    .emb_text           nrf_delay.o
    0x000141e6   0x00000002   PAD
    0x000141e8   0x00000038   Code   RO          835    .emb_text           c_p.l(rt_memcpy.o)
    0x00014220   0x00000048   Code   RO            4    .text               arm_startup_nrf51.o
    0x00014268   0x000000e8   Code   RO           12    .text               system_nrf51.o
    0x00014350   0x000005a4   Code   RO           70    .text               main.o
    0x000148f4   0x00000530   Code   RO          238    .text               ble_init.o
    0x00014e24   0x000001c4   Code   RO          332    .text               mpu_config.o
    0x00014fe8   0x000000c0   Code   RO          360    .text               ble_srv_common.o
    0x000150a8   0x000006d2   Code   RO          401    .text               ble_mps.o
    0x0001577a   0x00000002   PAD
    0x0001577c   0x00000320   Code   RO          446    .text               ble_bas.o
    0x00015a9c   0x000001bc   Code   RO          475    .text               ble_error_log.o
    0x00015c58   0x00000244   Code   RO          508    .text               ble_flash.o
    0x00015e9c   0x000005d8   Code   RO          542    .text               ble_advdata.o
    0x00016474   0x00000aec   Code   RO          572    .text               app_timer.o
    0x00016f60   0x00000308   Code   RO          622    .text               ble_conn_params.o
    0x00017268   0x00000118   Code   RO          658    .text               ble_stack_handler.o
    0x00017380   0x00000044   Code   RO          698    .text               ble_debug_assert_handler.o
    0x000173c4   0x0000011c   Code   RO          730    .text               simple_uart.o
    0x000174e0   0x00000130   Code   RO          759    .text               nrf_adc.o
    0x00017610   0x00000348   Code   RO          783    .text               twi_sw_master.o
    0x00017958   0x0000001c   Code   RO          810    .text               nrf_delay.o
    0x00017974   0x00000044   Code   RO          833    .text               c_p.l(strlen.o)
    0x000179b8   0x00000082   Code   RO          836    .text               c_p.l(rt_memcpy.o)
    0x00017a3a   0x00000040   Code   RO          839    .text               c_p.l(rt_memclr.o)
    0x00017a7a   0x00000002   PAD
    0x00017a7c   0x0000006c   Code   RO          841    .text               c_p.l(strncpy.o)
    0x00017ae8   0x0000015a   Code   RO          843    .text               c_p.l(aeabi_sdiv.o)
    0x00017c42   0x00000006   Code   RO          847    .text               c_p.l(heapauxi.o)
    0x00017c48   0x00000160   Code   RO          851    .text               fz_ps.l(fdiv.o)
    0x00017da8   0x0000005e   Code   RO          854    .text               fz_ps.l(fflti.o)
    0x00017e06   0x0000003e   Code   RO          881    .text               c_p.l(sys_stackheap_outer.o)
    0x00017e44   0x0000000c   Code   RO          884    .text               c_p.l(exit.o)
    0x00017e50   0x00000008   Code   RO          896    .text               c_p.l(libspace.o)
    0x00017e58   0x0000000c   Code   RO          951    .text               c_p.l(sys_exit.o)
    0x00017e64   0x00000002   Code   RO          970    .text               c_p.l(use_no_semi.o)
    0x00017e66   0x00000000   Code   RO          972    .text               c_p.l(indicate_semi.o)
    0x00017e66   0x0000001c   Code   RO           91    i.__ARM_common_switch8  main.o
    0x00017e82   0x00000002   PAD
    0x00017e84   0x000000b0   Code   RO          856    x$fpl$fmul          fz_ps.l(fmul.o)
    0x00017f34   0x00000000   Code   RO          863    x$fpl$usenofp       fz_ps.l(usenofp.o)
    0x00017f34   0x00000004   Data   RO          240    .constdata          ble_init.o
    0x00017f38   0x00000010   Data   RO          402    .constdata          ble_mps.o
    0x00017f48   0x00000040   Data   RO          852    .constdata          fz_ps.l(fdiv.o)
    0x00017f88   0x00000020   Data   RO         1021    Region$$Table       anon$$obj.o


    Execution Region RW_IRAM1 (Base: 0x20002000, Size: 0x00001640, Max: 0x00002000, ABSOLUTE)

    Base Addr    Size         Type   Attr      Idx    E Section Name        Object

    0x20002000   0x00000004   Data   RW           13    .data               system_nrf51.o
    0x20002004   0x00000015   Data   RW           72    .data               main.o
    0x20002019   0x00000003   PAD
    0x2000201c   0x00000008   Data   RW          241    .data               ble_init.o
    0x20002024   0x00000004   Data   RW          333    .data               mpu_config.o
    0x20002028   0x00000001   Data   RW          477    .data               ble_error_log.o
    0x20002029   0x00000001   Data   RW          509    .data               ble_flash.o
    0x2000202a   0x00000002   PAD
    0x2000202c   0x00000028   Data   RW          573    .data               app_timer.o
    0x20002054   0x00000019   Data   RW          624    .data               ble_conn_params.o
    0x2000206d   0x00000003   PAD
    0x20002070   0x0000000e   Data   RW          659    .data               ble_stack_handler.o
    0x2000207e   0x00000002   PAD
    0x20002080   0x00000008   Data   RW          700    .data               ble_debug_assert_handler.o
    0x20002088   0x000002ac   Zero   RW           71    .bss                main.o
    0x20002334   0x00000084   Zero   RW          239    .bss                ble_init.o
    0x200023b8   0x00000188   Zero   RW          476    .bss                ble_error_log.o
    0x20002540   0x0000001c   Zero   RW          623    .bss                ble_conn_params.o
    0x2000255c   0x00000080   Zero   RW          699    .bss                ble_debug_assert_handler.o
    0x200025dc   0x00000060   Zero   RW          897    .bss                c_p.l(libspace.o)
    0x2000263c   0x00000004   PAD
    0x20002640   0x00000800   Zero   RW            2    HEAP                arm_startup_nrf51.o
    0x20002e40   0x00000800   Zero   RW            1    STACK               arm_startup_nrf51.o


==============================================================================

Image component sizes


      Code (inc. data)   RO Data    RW Data    ZI Data      Debug   Object Name

      2826        184          0         40          0      25957   app_timer.o
        72         32        192          0       4096        732   arm_startup_nrf51.o
      1496          6          0          0          0      12338   ble_advdata.o
       800         16          0          0          0      14007   ble_bas.o
       776         38          0         25         28       7458   ble_conn_params.o
        68         12          0          8        128       1315   ble_debug_assert_handler.o
       444         66          0          1        392       5352   ble_error_log.o
       580         22          0          1          0       4841   ble_flash.o
      1328         78          4          8        132      25201   ble_init.o
      1746         14         16          0          0      27443   ble_mps.o
       192         56          0          0          0      19781   ble_srv_common.o
       280         68          0         14          0       9297   ble_stack_handler.o
      1472        150          0         21        684      67834   main.o
       452         16          0          4          0       2005   mpu_config.o
       304         32          0          0          0       7227   nrf_adc.o
        58          4          0          0          0       1411   nrf_delay.o
       314         16          0          0          0       4700   simple_uart.o
       232         30          0          4          0      21701   system_nrf51.o
       870          8          0          0          0       4370   twi_sw_master.o

    ----------------------------------------------------------------------
     14322        848        244        136       5460     262970   Object Totals
         0          0         32          0          0          0   (incl. Generated)
        12          0          0         10          0          0   (incl. Padding)

    ----------------------------------------------------------------------

      Code (inc. data)   RO Data    RW Data    ZI Data      Debug   Library Member Name

         8          0          0          0          0         68   __main.o
        60          8          0          0          0          0   __scatter.o
        26          0          0          0          0          0   __scatter_copy.o
        28          0          0          0          0          0   __scatter_zi.o
       346          0          0          0          0         92   aeabi_sdiv.o
        12          0          0          0          0         64   exit.o
         6          0          0          0          0        136   heapauxi.o
         0          0          0          0          0          0   indicate_semi.o
         2          0          0          0          0          0   libinit.o
         6          0          0          0          0          0   libinit2.o
         2          0          0          0          0          0   libshutdown.o
         2          0          0          0          0          0   libshutdown2.o
         8          4          0          0         96         68   libspace.o
        64          0          0          0          0        108   rt_memclr.o
       186          0          0          0          0        144   rt_memcpy.o
         0          0          0          0          0          0   rtentry.o
        12          0          0          0          0          0   rtentry2.o
         6          0          0          0          0          0   rtentry4.o
         2          0          0          0          0          0   rtexit.o
        10          0          0          0          0          0   rtexit2.o
        68          6          0          0          0         72   strlen.o
       108          4          0          0          0         76   strncpy.o
        12          4          0          0          0         60   sys_exit.o
        62          0          0          0          0         80   sys_stackheap_outer.o
         2          0          0          0          0         68   use_no_semi.o
       352          8         64          0          0         88   fdiv.o
        94          0          0          0          0         92   fflti.o
       176          4          0          0          0         80   fmul.o
         0          0          0          0          0          0   usenofp.o

    ----------------------------------------------------------------------
      1666         38         64          0        100       1296   Library Totals
         6          0          0          0          4          0   (incl. Padding)

    ----------------------------------------------------------------------

      Code (inc. data)   RO Data    RW Data    ZI Data      Debug   Library Name

      1038         26          0          0         96       1036   c_p.l
       622         12         64          0          0        260   fz_ps.l

    ----------------------------------------------------------------------
      1666         38         64          0        100       1296   Library Totals

    ----------------------------------------------------------------------

==============================================================================


      Code (inc. data)   RO Data    RW Data    ZI Data      Debug   

     15988        886        308        136       5560     262402   Grand Totals
     15988        886        308        136       5560     262402   ELF Image Totals
     15988        886        308        136          0          0   ROM Totals

==============================================================================

    Total RO  Size (Code + RO Data)                16296 (  15.91kB)
    Total RW  Size (RW Data + ZI Data)              5696 (   5.56kB)
    Total ROM Size (Code + RO Data + RW Data)      16432 (  16.05kB)

==============================================================================

