<html>
<body>
<pre>
<h1>µVision Build Log</h1>
<h2>Project:</h2>
C:\Keil\ARM\Device\Nordic\nrf51822\Board\nrf6310\ble\ble_app_mpu\arm\ble_app_uart.uvproj
Project File Date:  02/25/2015

<h2>Output:</h2>
Rebuild target 'nrf51822_xxaa_s110 (256K)'
assembling arm_startup_nrf51.s...
compiling system_nrf51.c...
compiling main.c...
..\main.c(292): warning:  #177-D: function "send_msg_uart" was declared but never referenced
  static void send_msg_uart(char * msg)
..\main.c: 1 warning, 0 errors
compiling ble_init.c...
compiling mpu_config.c...
compiling ble_srv_common.c...
compiling ble_mps.c...
compiling ble_bas.c...
compiling ble_error_log.c...
compiling ble_flash.c...
compiling ble_advdata.c...
compiling app_timer.c...
compiling ble_conn_params.c...
compiling ble_stack_handler.c...
compiling ble_debug_assert_handler.c...
compiling simple_uart.c...
compiling nrf_adc.c...
compiling twi_sw_master.c...
compiling nrf_delay.c...
linking...
Program Size: Code=15988 RO-data=308 RW-data=136 ZI-data=5560  
FromELF: creating hex file...
".\_build\ble_app_uart.axf" - 0 Error(s), 1 Warning(s).
</pre>
</body>
</html>
ta=136 ZI-data=5560  
FromELF: creating hex file...
".\_build\ble_app_uart.axf" - 0 Error(s), 2 Warning(s).
RF51822_XXAA" selected (257 KB flash, 16 KB RAM).
Set JLink Project File to "C:\Keil\ARM\Device\Nordic\nrf51822\Board\nrf6310\ble\ble_app_mpu\arm\JLinkSettings.ini"
* JLink Info: Device "NRF51822_XXAA" selected (257 KB flash, 16 KB RAM).
 
JLink info:
------------
DLL: V4.86a, compiled Jun 11 2014 17:22:49
Firmware: J-Link Lite-Cortex-M V8 compiled Aug 29 2012 15:24:23
Hardware: V8.00
S/N : 518005439 
Feature(s) : GDB 
 
* JLink Info: Found SWD-DP with ID 0x0BB11477
* JLink Info: Found Cortex-M0 r0p0, Little endian.
* JLink Info: FPUnit: 4 code (BP) slots and 0 literal slots
ROMTableAddr = 0xE00FF003
 
Target info:
------------
Device: nRF51822_xxAA
VTarget = 3.300V
State of Pins: 
TCK: 0, TDI: 0, TDO: 1, TMS: 1, TRES: 1, TRST: 1
Hardware-Breakpoints: 4
Software-Breakpoints: 8192
Watchpoints:          2
JTAG speed: 1000 kHz
 
Erase Done.
Programming Done.
Verify OK.
Application running ...
s: 8192
Watchpoints:          2
JTAG speed: 1000 kHz
 
Erase Done.
Programming Done.
Verify OK.
Application running ...
Load "C:\\Keil\\ARM\\Device\\Nordic\\nrf51822\\Board\\nrf6310\\ble\\ble_app_mpu\\arm\\_build\\ble_app_uart.axf" 
* JLink Info: Device "NRF51822_XXAA" selected (257 KB flash, 16 KB RAM).
Set JLink Project File to "C:\Keil\ARM\Device\Nordic\nrf51822\Board\nrf6310\ble\ble_app_mpu\arm\JLinkSettings.ini"
* JLink Info: Device "NRF51822_XXAA" selected (257 KB flash, 16 KB RAM).
 
JLink info:
------------
DLL: V4.86a, compiled Jun 11 2014 17:22:49
Firmware: J-Link Lite-Cortex-M V8 compiled Aug 29 2012 15:24:23
Hardware: V8.00
S/N : 518005439 
Feature(s) : GDB 
 
* JLink Info: Found SWD-DP with ID 0x0BB11477
* JLink Info: Found Cortex-M0 r0p0, Little endian.
* JLink Info: FPUnit: 4 code (BP) slots and 0 literal slots
ROMTableAddr = 0xE00FF003
 
Target info:
------------
Device: nRF51822_xxAA
VTarget = 3.300V
State of Pins: 
TCK: 0, TDI: 0, TDO: 1, TMS: 1, TRES: 1, TRST: 1
Hardware-Breakpoints: 4
Software-Breakpoints: 8192
Watchpoints:          2
JTAG speed: 1000 kHz
 
Erase Done.
Programming Done.
Verify OK.
Application running ...
