Product: MDK-ARM Standard 5.10
Component: ARM Compiler 5.04 update 1 (build 49)
Tool: armlink [5040049]

==============================================================================

Section Cross References

    arm_startup_nrf51.o(STACK) refers (Special) to heapauxi.o(.text) for __use_two_region_memory
    arm_startup_nrf51.o(HEAP) refers (Special) to heapauxi.o(.text) for __use_two_region_memory
    arm_startup_nrf51.o(RESET) refers (Special) to heapauxi.o(.text) for __use_two_region_memory
    arm_startup_nrf51.o(RESET) refers to arm_startup_nrf51.o(STACK) for __initial_sp
    arm_startup_nrf51.o(RESET) refers to arm_startup_nrf51.o(.text) for Reset_Handler
    arm_startup_nrf51.o(RESET) refers to main.o(.text) for UART0_IRQHandler
    arm_startup_nrf51.o(RESET) refers to app_timer.o(.text) for RTC1_IRQHandler
    arm_startup_nrf51.o(RESET) refers to ble_stack_handler.o(.text) for SWI2_IRQHandler
    arm_startup_nrf51.o(.text) refers (Special) to heapauxi.o(.text) for __use_two_region_memory
    arm_startup_nrf51.o(.text) refers to system_nrf51.o(.text) for SystemInit
    arm_startup_nrf51.o(.text) refers to __main.o(!!!main) for __main
    arm_startup_nrf51.o(.text) refers to arm_startup_nrf51.o(HEAP) for Heap_Mem
    arm_startup_nrf51.o(.text) refers to arm_startup_nrf51.o(STACK) for Stack_Mem
    system_nrf51.o(.text) refers to system_nrf51.o(.data) for SystemCoreClock
    main.o(.text) refers to ble_debug_assert_handler.o(.text) for ble_debug_assert_handler
    main.o(.text) refers to app_timer.o(.text) for app_timer_init
    main.o(.text) refers to rt_memclr.o(.text) for __aeabi_memclr4
    main.o(.text) refers to ble_advdata.o(.text) for ble_advdata_set
    main.o(.text) refers to ble_nus.o(.text) for ble_nus_init
    main.o(.text) refers to ble_conn_params.o(.text) for ble_conn_params_init
    main.o(.text) refers to rt_memcpy.o(.text) for __aeabi_memcpy
    main.o(.text) refers to main.o(.bss) for APP_TIMER_BUF
    main.o(.text) refers to main.o(.data) for adv_timeout_count
    main.o(.text) refers to main.o(.constdata) for .constdata
    main.o(.text) refers to ble_stack_handler.o(.text) for ble_stack_handler_init
    main.o(.text) refers to simple_uart.o(.text) for simple_uart_get
    main.o(.text) refers to nrf_adc.o(.text) for nrf_adc_init
    main.o(.text) refers to twi_sw_master.o(.text) for twi_master_transfer
    main.o(.text) refers to ble_srv_common.o(.text) for HEX2ASCII_Hi
    main.o(.text) refers to spi_master.o(.text) for spi_master_init
    main.o(.text) refers to nrf_delay.o(.text) for nrf_delay_ms
    main.o(.text) refers to ff.o(.text) for f_mount
    nrf_adc.o(.text) refers to fflti.o(.text) for __aeabi_ui2f
    nrf_adc.o(.text) refers to fmul.o(x$fpl$fmul) for __aeabi_fmul
    nrf_adc.o(.text) refers to fdiv.o(.text) for __aeabi_fdiv
    ble_srv_common.o(.text) refers to main.o(.text) for app_error_handler
    ble_srv_common.o(.text) refers to strlen.o(.text) for strlen
    ble_nus.o(.text) refers to rt_memclr.o(.text) for __aeabi_memclr4
    ble_nus.o(.text) refers to ble_nus.o(.constdata) for .constdata
    ble_error_log.o(.text) refers to rt_memcpy.o(.emb_text) for __aeabi_memcpy4
    ble_error_log.o(.text) refers to strncpy.o(.text) for strncpy
    ble_error_log.o(.text) refers to aeabi_sdiv.o(.text) for __aeabi_uidivmod
    ble_error_log.o(.text) refers to ble_flash.o(.text) for ble_flash_page_write
    ble_error_log.o(.text) refers to main.o(.text) for app_error_handler
    ble_error_log.o(.text) refers to arm_startup_nrf51.o(RESET) for __Vectors
    ble_error_log.o(.text) refers to ble_error_log.o(.bss) for m_ble_error_log
    ble_error_log.o(.text) refers to ble_error_log.o(.data) for m_ble_log_clear_flag
    ble_flash.o(.text) refers to rt_memcpy.o(.emb_text) for __aeabi_memcpy4
    ble_flash.o(.text) refers to ble_flash.o(.data) for m_radio_active
    ble_advdata.o(.text) refers to rt_memcpy.o(.text) for __aeabi_memcpy
    app_timer.o(.text) refers to app_timer.o(.emb_text) for __asm___11_app_timer_c_cd27f9c3__nrf_delay_us
    app_timer.o(.text) refers to main.o(.text) for app_error_handler
    app_timer.o(.text) refers to app_timer.o(.data) for mp_nodes
    ble_conn_params.o(.text) refers to rt_memcpy.o(.emb_text) for __aeabi_memcpy4
    ble_conn_params.o(.text) refers to rt_memcpy.o(.text) for __aeabi_memcpy
    ble_conn_params.o(.text) refers to app_timer.o(.text) for app_timer_create
    ble_conn_params.o(.text) refers to ble_conn_params.o(.data) for m_preferred_conn_params
    ble_conn_params.o(.text) refers to ble_conn_params.o(.bss) for m_conn_params_config
    ble_stack_handler.o(.text) refers to main.o(.text) for assert_nrf_callback
    ble_stack_handler.o(.text) refers to ble_stack_handler.o(.data) for m_evt_buffer
    ble_debug_assert_handler.o(.text) refers to strncpy.o(.text) for strncpy
    ble_debug_assert_handler.o(.text) refers to ble_error_log.o(.text) for ble_error_log_write
[...]
    rtentry.o(.ARM.Collect$$rtentry$$00000000) refers (Special) to rtentry2.o(.ARM.Collect$$rtentry$$0000000D) for __rt_entry_main
    rtentry.o(.ARM.Collect$$rtentry$$00000000) refers (Special) to rtentry2.o(.ARM.Collect$$rtentry$$0000000C) for __rt_entry_postli_1
    rtentry.o(.ARM.Collect$$rtentry$$00000000) refers (Special) to rtentry2.o(.ARM.Collect$$rtentry$$00000009) for __rt_entry_postsh_1
    rtentry.o(.ARM.Collect$$rtentry$$00000000) refers (Special) to rtentry2.o(.ARM.Collect$$rtentry$$00000002) for __rt_entry_presh_1
    rtentry.o(.ARM.Collect$$rtentry$$00000000) refers (Special) to rtentry4.o(.ARM.Collect$$rtentry$$00000004) for __rt_entry_sh
    aeabi_idiv0_sigfpe.o(.text) refers to rt_div0.o(.text) for __rt_div0
    rtentry2.o(.ARM.Collect$$rtentry$$00000008) refers to boardinit2.o(.text) for _platform_post_stackheap_init
    rtentry2.o(.ARM.Collect$$rtentry$$0000000A) refers to libinit.o(.ARM.Collect$$libinit$$00000000) for __rt_lib_init
    rtentry2.o(.ARM.Collect$$rtentry$$0000000B) refers to boardinit3.o(.text) for _platform_post_lib_init
    rtentry2.o(.ARM.Collect$$rtentry$$0000000D) refers to main.o(.text) for main
    rtentry2.o(.ARM.Collect$$rtentry$$0000000D) refers to exit.o(.text) for exit
    rtentry2.o(.ARM.exidx) refers to rtentry2.o(.ARM.Collect$$rtentry$$00000001) for .ARM.Collect$$rtentry$$00000001
    rtentry2.o(.ARM.exidx) refers to rtentry2.o(.ARM.Collect$$rtentry$$00000008) for .ARM.Collect$$rtentry$$00000008
    rtentry2.o(.ARM.exidx) refers to rtentry2.o(.ARM.Collect$$rtentry$$0000000A) for .ARM.Collect$$rtentry$$0000000A
    rtentry2.o(.ARM.exidx) refers to rtentry2.o(.ARM.Collect$$rtentry$$0000000B) for .ARM.Collect$$rtentry$$0000000B
    rtentry2.o(.ARM.exidx) refers to rtentry2.o(.ARM.Collect$$rtentry$$0000000D) for .ARM.Collect$$rtentry$$0000000D
    rtentry4.o(.ARM.Collect$$rtentry$$00000004) refers to sys_stackheap_outer.o(.text) for __user_setup_stackheap
    rtentry4.o(.ARM.exidx) refers to rtentry4.o(.ARM.Collect$$rtentry$$00000004) for .ARM.Collect$$rtentry$$00000004
    rt_div0.o(.text) refers to defsig_fpe_outer.o(.text) for __rt_SIGFPE
    sys_stackheap_outer.o(.text) refers to libspace.o(.text) for __user_perproc_libspace
    sys_stackheap_outer.o(.text) refers to arm_startup_nrf51.o(.text) for __user_initial_stackheap
    sys_stackheap_outer.o(__vectab_stack_and_reset_area) refers to tempstk.o(.text) for __temporary_stack_top
    sys_stackheap_outer.o(__vectab_stack_and_reset_area) refers to __main.o(!!!main) for __main
    exit.o(.text) refers to rtexit.o(.ARM.Collect$$rtexit$$00000000) for __rt_exit
    defsig_fpe_outer.o(.text) refers to defsig_fpe_inner.o(.text) for __rt_SIGFPE_inner
    defsig_fpe_outer.o(.text) refers to defsig_exit.o(.text) for __sig_exit
    defsig_fpe_formal.o(.text) refers to rt_raise.o(.text) for __rt_raise
    libinit.o(.ARM.Collect$$libinit$$00000000) refers (Special) to libinit2.o(.ARM.Collect$$libinit$$0000002C) for __rt_lib_init_alloca_1
    libinit.o(.ARM.Collect$$libinit$$00000000) refers (Special) to libinit2.o(.ARM.Collect$$libinit$$0000002A) for __rt_lib_init_argv_1
    libinit.o(.ARM.Collect$$libinit$$00000000) refers (Special) to libinit2.o(.ARM.Collect$$libinit$$00000019) for __rt_lib_init_atexit_1
    libinit.o(.ARM.Collect$$libinit$$00000000) refers (Special) to libinit2.o(.ARM.Collect$$libinit$$0000001F) for __rt_lib_init_clock_1
    libinit.o(.ARM.Collect$$libinit$$00000000) refers (Special) to libinit2.o(.ARM.Collect$$libinit$$00000030) for __rt_lib_init_cpp_1
    libinit.o(.ARM.Collect$$libinit$$00000000) refers (Special) to libinit2.o(.ARM.Collect$$libinit$$0000002E) for __rt_lib_init_exceptions_1
    libinit.o(.ARM.Collect$$libinit$$00000000) refers (Special) to libinit2.o(.ARM.Collect$$libinit$$00000001) for __rt_lib_init_fp_1
    libinit.o(.ARM.Collect$$libinit$$00000000) refers (Special) to libinit2.o(.ARM.Collect$$libinit$$0000001D) for __rt_lib_init_fp_trap_1
    libinit.o(.ARM.Collect$$libinit$$00000000) refers (Special) to libinit2.o(.ARM.Collect$$libinit$$00000021) for __rt_lib_init_getenv_1
    libinit.o(.ARM.Collect$$libinit$$00000000) refers (Special) to libinit2.o(.ARM.Collect$$libinit$$00000008) for __rt_lib_init_heap_1
    libinit.o(.ARM.Collect$$libinit$$00000000) refers (Special) to libinit2.o(.ARM.Collect$$libinit$$0000000F) for __rt_lib_init_lc_collate_1
    libinit.o(.ARM.Collect$$libinit$$00000000) refers (Special) to libinit2.o(.ARM.Collect$$libinit$$00000011) for __rt_lib_init_lc_ctype_1
    libinit.o(.ARM.Collect$$libinit$$00000000) refers (Special) to libinit2.o(.ARM.Collect$$libinit$$00000013) for __rt_lib_init_lc_monetary_1
    libinit.o(.ARM.Collect$$libinit$$00000000) refers (Special) to libinit2.o(.ARM.Collect$$libinit$$00000015) for __rt_lib_init_lc_numeric_1
    libinit.o(.ARM.Collect$$libinit$$00000000) refers (Special) to libinit2.o(.ARM.Collect$$libinit$$00000017) for __rt_lib_init_lc_time_1
    libinit.o(.ARM.Collect$$libinit$$00000000) refers (Special) to libinit2.o(.ARM.Collect$$libinit$$0000000C) for __rt_lib_init_rand_1
    libinit.o(.ARM.Collect$$libinit$$00000000) refers (Special) to libinit2.o(.ARM.Collect$$libinit$$00000031) for __rt_lib_init_return
    libinit.o(.ARM.Collect$$libinit$$00000000) refers (Special) to libinit2.o(.ARM.Collect$$libinit$$0000001B) for __rt_lib_init_signal_1
    libinit.o(.ARM.Collect$$libinit$$00000000) refers (Special) to libinit2.o(.ARM.Collect$$libinit$$00000023) for __rt_lib_init_stdio_1
    libinit.o(.ARM.Collect$$libinit$$00000000) refers (Special) to libinit2.o(.ARM.Collect$$libinit$$0000000A) for __rt_lib_init_user_alloc_1
    libspace.o(.text) refers to libspace.o(.bss) for __libspace_start
    rtexit.o(.ARM.Collect$$rtexit$$00000000) refers (Special) to rtexit2.o(.ARM.Collect$$rtexit$$00000004) for __rt_exit_exit
    rtexit.o(.ARM.Collect$$rtexit$$00000000) refers (Special) to rtexit2.o(.ARM.Collect$$rtexit$$00000003) for __rt_exit_ls
    rtexit.o(.ARM.Collect$$rtexit$$00000000) refers (Special) to rtexit2.o(.ARM.Collect$$rtexit$$00000002) for __rt_exit_prels_1
    rtexit.o(.ARM.exidx) refers (Special) to rtexit2.o(.ARM.Collect$$rtexit$$00000004) for __rt_exit_exit
    rtexit.o(.ARM.exidx) refers (Special) to rtexit2.o(.ARM.Collect$$rtexit$$00000003) for __rt_exit_ls
    rtexit.o(.ARM.exidx) refers (Special) to rtexit2.o(.ARM.Collect$$rtexit$$00000002) for __rt_exit_prels_1
    rtexit.o(.ARM.exidx) refers to rtexit.o(.ARM.Collect$$rtexit$$00000000) for .ARM.Collect$$rtexit$$00000000
    rt_raise.o(.text) refers to __raise.o(.text) for __raise
    rt_raise.o(.text) refers to sys_exit.o(.text) for _sys_exit
    defsig_exit.o(.text) refers to sys_exit.o(.text) for _sys_exit
    defsig_fpe_inner.o(.text) refers to defsig_general.o(.text) for __default_signal_display
    libinit2.o(.ARM.Collect$$libinit$$0000000E) refers to libinit2.o(.ARM.Collect$$libinit$$0000000D) for .ARM.Collect$$libinit$$0000000D
    libinit2.o(.ARM.Collect$$libinit$$00000010) refers to libinit2.o(.ARM.Collect$$libinit$$0000000D) for .ARM.Collect$$libinit$$0000000D
    libinit2.o(.ARM.Collect$$libinit$$00000012) refers to libinit2.o(.ARM.Collect$$libinit$$0000000D) for .ARM.Collect$$libinit$$0000000D
    libinit2.o(.ARM.Collect$$libinit$$00000014) refers to libinit2.o(.ARM.Collect$$libinit$$0000000D) for .ARM.Collect$$libinit$$0000000D
    libinit2.o(.ARM.Collect$$libinit$$00000016) refers to libinit2.o(.ARM.Collect$$libinit$$0000000D) for .ARM.Collect$$libinit$$0000000D
    libinit2.o(.ARM.Collect$$libinit$$00000024) refers to argv_veneer.o(.text) for __ARM_argv_veneer
    libinit2.o(.ARM.Collect$$libinit$$00000025) refers to argv_veneer.o(.text) for __ARM_argv_veneer
    sys_exit.o(.text) refers (Special) to use_no_semi.o(.text) for __I$use$semihosting
    sys_exit.o(.text) refers (Special) to indicate_semi.o(.text) for __semihosting_library_function
    rtexit2.o(.ARM.Collect$$rtexit$$00000003) refers to libshutdown.o(.ARM.Collect$$libshutdown$$00000000) for __rt_lib_shutdown
    rtexit2.o(.ARM.Collect$$rtexit$$00000004) refers to sys_exit.o(.text) for _sys_exit
    rtexit2.o(.ARM.exidx) refers to rtexit2.o(.ARM.Collect$$rtexit$$00000001) for .ARM.Collect$$rtexit$$00000001
    rtexit2.o(.ARM.exidx) refers to rtexit2.o(.ARM.Collect$$rtexit$$00000003) for .ARM.Collect$$rtexit$$00000003
    rtexit2.o(.ARM.exidx) refers to rtexit2.o(.ARM.Collect$$rtexit$$00000004) for .ARM.Collect$$rtexit$$00000004
    __raise.o(.text) refers to defsig.o(CL$$defsig) for __default_signal_handler
    defsig_general.o(.text) refers to sys_wrch.o(.text) for _ttywrch
    sys_wrch.o(.text) refers (Special) to use_no_semi.o(.text) for __I$use$semihosting
    sys_wrch.o(.text) refers (Special) to indicate_semi.o(.text) for __semihosting_library_function
    defsig.o(CL$$defsig) refers to defsig_fpe_inner.o(.text) for __rt_SIGFPE_inner
    defsig.o(CL$$defsig) refers to defsig_rtmem_inner.o(.text) for __rt_SIGRTMEM_inner
    _get_argv_nomalloc.o(.text) refers (Special) to hrguard.o(.text) for __heap_region$guard
    _get_argv_nomalloc.o(.text) refers to defsig_rtmem_outer.o(.text) for __rt_SIGRTMEM
    _get_argv_nomalloc.o(.text) refers to sys_command.o(.text) for _sys_command_string
    libshutdown.o(.ARM.Collect$$libshutdown$$00000000) refers (Special) to libshutdown2.o(.ARM.Collect$$libshutdown$$00000006) for __rt_lib_shutdown_fp_trap_1
    libshutdown.o(.ARM.Collect$$libshutdown$$00000000) refers (Special) to libshutdown2.o(.ARM.Collect$$libshutdown$$0000000E) for __rt_lib_shutdown_heap_1
    libshutdown.o(.ARM.Collect$$libshutdown$$00000000) refers (Special) to libshutdown2.o(.ARM.Collect$$libshutdown$$0000000F) for __rt_lib_shutdown_return
    libshutdown.o(.ARM.Collect$$libshutdown$$00000000) refers (Special) to libshutdown2.o(.ARM.Collect$$libshutdown$$00000009) for __rt_lib_shutdown_signal_1
    libshutdown.o(.ARM.Collect$$libshutdown$$00000000) refers (Special) to libshutdown2.o(.ARM.Collect$$libshutdown$$00000003) for __rt_lib_shutdown_stdio_1
    libshutdown.o(.ARM.Collect$$libshutdown$$00000000) refers (Special) to libshutdown2.o(.ARM.Collect$$libshutdown$$0000000B) for __rt_lib_shutdown_user_alloc_1
    sys_command.o(.text) refers (Special) to use_no_semi.o(.text) for __I$use$semihosting
    sys_command.o(.text) refers (Special) to indicate_semi.o(.text) for __semihosting_library_function
    defsig_abrt_inner.o(.text) refers to defsig_general.o(.text) for __default_signal_display
    defsig_rtred_inner.o(.text) refers to defsig_general.o(.text) for __default_signal_display
    defsig_rtmem_inner.o(.text) refers to defsig_general.o(.text) for __default_signal_display
    defsig_rtmem_outer.o(.text) refers to defsig_rtmem_inner.o(.text) for __rt_SIGRTMEM_inner
    defsig_rtmem_outer.o(.text) refers to defsig_exit.o(.text) for __sig_exit
    defsig_rtmem_formal.o(.text) refers to rt_raise.o(.text) for __rt_raise
    defsig_stak_inner.o(.text) refers to defsig_general.o(.text) for __default_signal_display
    defsig_pvfn_inner.o(.text) refers to defsig_general.o(.text) for __default_signal_display
    defsig_cppl_inner.o(.text) refers to defsig_general.o(.text) for __default_signal_display
    defsig_segv_inner.o(.text) refers to defsig_general.o(.text) for __default_signal_display
    defsig_other.o(.text) refers to defsig_general.o(.text) for __default_signal_display


==============================================================================

Removing Unused input sections from the image.

    Removing system_nrf51.o(.rev16_text), (4 bytes).
    Removing system_nrf51.o(.revsh_text), (4 bytes).
    Removing main.o(.rev16_text), (4 bytes).
    Removing main.o(.revsh_text), (4 bytes).
    Removing main.o(.emb_text), (30 bytes).
    Removing nrf_adc.o(.rev16_text), (4 bytes).
    Removing nrf_adc.o(.revsh_text), (4 bytes).
    Removing ble_srv_common.o(.rev16_text), (4 bytes).
    Removing ble_srv_common.o(.revsh_text), (4 bytes).
    Removing ble_nus.o(.rev16_text), (4 bytes).
    Removing ble_nus.o(.revsh_text), (4 bytes).
    Removing ble_error_log.o(.rev16_text), (4 bytes).
    Removing ble_error_log.o(.revsh_text), (4 bytes).
    Removing ble_flash.o(.rev16_text), (4 bytes).
    Removing ble_flash.o(.revsh_text), (4 bytes).
    Removing ble_advdata.o(.rev16_text), (4 bytes).
    Removing ble_advdata.o(.revsh_text), (4 bytes).
    Removing app_timer.o(.rev16_text), (4 bytes).
    Removing app_timer.o(.revsh_text), (4 bytes).
    Removing ble_conn_params.o(.rev16_text), (4 bytes).
    Removing ble_conn_params.o(.revsh_text), (4 bytes).
    Removing ble_stack_handler.o(.rev16_text), (4 bytes).
    Removing ble_stack_handler.o(.revsh_text), (4 bytes).
    Removing ble_debug_assert_handler.o(.rev16_text), (4 bytes).
    Removing ble_debug_assert_handler.o(.revsh_text), (4 bytes).
    Removing simple_uart.o(.rev16_text), (4 bytes).
    Removing simple_uart.o(.revsh_text), (4 bytes).
    Removing nrf_delay.o(.rev16_text), (4 bytes).
    Removing nrf_delay.o(.revsh_text), (4 bytes).
    Removing twi_sw_master.o(.rev16_text), (4 bytes).
    Removing twi_sw_master.o(.revsh_text), (4 bytes).
    Removing diskio.o(.rev16_text), (4 bytes).
    Removing diskio.o(.revsh_text), (4 bytes).
    Removing spi_master.o(.rev16_text), (4 bytes).
    Removing spi_master.o(.revsh_text), (4 bytes).
    Removing spi_master.o(.emb_text), (30 bytes).

36 unused section(s) (total 196 bytes) removed from the image.

==============================================================================

Image Symbol Table

    Local Symbols

    Symbol Name                              Value     Ov Type        Size  Object(Section)

    ../clib/angel/boardlib.s                 0x00000000   Number         0  boardinit1.o ABSOLUTE
    ../clib/angel/boardlib.s                 0x00000000   Number         0  boardshut.o ABSOLUTE
    ../clib/angel/boardlib.s                 0x00000000   Number         0  boardinit2.o ABSOLUTE
    ../clib/angel/boardlib.s                 0x00000000   Number         0  boardinit3.o ABSOLUTE
    ../clib/angel/handlers.s                 0x00000000   Number         0  __scatter_zi.o ABSOLUTE
    ../clib/angel/handlers.s                 0x00000000   Number         0  __scatter_copy.o ABSOLUTE
    ../clib/angel/kernel.s                   0x00000000   Number         0  rtexit.o ABSOLUTE
    ../clib/angel/kernel.s                   0x00000000   Number         0  rtexit2.o ABSOLUTE
    ../clib/angel/kernel.s                   0x00000000   Number         0  rtentry4.o ABSOLUTE
    ../clib/angel/kernel.s                   0x00000000   Number         0  rtentry2.o ABSOLUTE
    ../clib/angel/kernel.s                   0x00000000   Number         0  rtentry.o ABSOLUTE
    ../clib/angel/rt.s                       0x00000000   Number         0  aeabi_idiv0_sigfpe.o ABSOLUTE
    ../clib/angel/rt.s                       0x00000000   Number         0  rt_div0.o ABSOLUTE
    ../clib/angel/rt.s                       0x00000000   Number         0  rt_raise.o ABSOLUTE
    ../clib/angel/rt.s                       0x00000000   Number         0  aeabi_idiv0.o ABSOLUTE
    ../clib/angel/scatterp.s                 0x00000000   Number         0  __scatter.o ABSOLUTE
    ../clib/angel/startup.s                  0x00000000   Number         0  __main.o ABSOLUTE
    ../clib/angel/sys.s                      0x00000000   Number         0  use_no_semi.o ABSOLUTE
    ../clib/angel/sys.s                      0x00000000   Number         0  indicate_semi.o ABSOLUTE
    ../clib/angel/sys.s                      0x00000000   Number         0  libspace.o ABSOLUTE
    ../clib/angel/sys.s                      0x00000000   Number         0  tempstk.o ABSOLUTE
    ../clib/angel/sys.s                      0x00000000   Number         0  sys_stackheap_outer.o ABSOLUTE
    ../clib/angel/sysapp.c                   0x00000000   Number         0  sys_exit.o ABSOLUTE
    ../clib/angel/sysapp.c                   0x00000000   Number         0  sys_command.o ABSOLUTE
    ../clib/angel/sysapp.c                   0x00000000   Number         0  sys_wrch.o ABSOLUTE
    ../clib/armsys.c                         0x00000000   Number         0  no_argv.o ABSOLUTE
    ../clib/armsys.c                         0x00000000   Number         0  argv_veneer.o ABSOLUTE
    ../clib/armsys.c                         0x00000000   Number         0  _get_argv_nomalloc.o ABSOLUTE
    ../clib/division.s                       0x00000000   Number         0  aeabi_sdiv.o ABSOLUTE
    ../clib/division.s                       0x00000000   Number         0  aeabi_sdiv_div0.o ABSOLUTE
    ../clib/heapalloc.c                      0x00000000   Number         0  hrguard.o ABSOLUTE
    ../clib/heapaux.c                        0x00000000   Number         0  heapauxi.o ABSOLUTE
    ../clib/libinit.s                        0x00000000   Number         0  libinit2.o ABSOLUTE
    ../clib/libinit.s                        0x00000000   Number         0  libinit.o ABSOLUTE
    ../clib/libinit.s                        0x00000000   Number         0  libshutdown2.o ABSOLUTE
    ../clib/libinit.s                        0x00000000   Number         0  libshutdown.o ABSOLUTE
    ../clib/memcpset.c                       0x00000000   Number         0  rt_memcpy.o ABSOLUTE
    ../clib/memcpset.c                       0x00000000   Number         0  rt_memclr.o ABSOLUTE
    ../clib/memcpset.c                       0x00000000   Number         0  rt_memcpy.o ABSOLUTE
    ../clib/signal.c                         0x00000000   Number         0  defsig_pvfn_inner.o ABSOLUTE
    ../clib/signal.c                         0x00000000   Number         0  defsig_stak_inner.o ABSOLUTE
    ../clib/signal.c                         0x00000000   Number         0  defsig_rtmem_formal.o ABSOLUTE
    ../clib/signal.c                         0x00000000   Number         0  defsig_rtmem_outer.o ABSOLUTE
    ../clib/signal.c                         0x00000000   Number         0  defsig_rtmem_inner.o ABSOLUTE
    ../clib/signal.c                         0x00000000   Number         0  defsig_rtred_inner.o ABSOLUTE
    ../clib/signal.c                         0x00000000   Number         0  defsig_general.o ABSOLUTE
    ../clib/signal.c                         0x00000000   Number         0  defsig_segv_inner.o ABSOLUTE
    ../clib/signal.c                         0x00000000   Number         0  defsig_other.o ABSOLUTE
    ../clib/signal.c                         0x00000000   Number         0  defsig_abrt_inner.o ABSOLUTE
    ../clib/signal.c                         0x00000000   Number         0  defsig_exit.o ABSOLUTE
    ../clib/signal.c                         0x00000000   Number         0  defsig_fpe_outer.o ABSOLUTE
    ../clib/signal.c                         0x00000000   Number         0  __raise.o ABSOLUTE
    ../clib/signal.c                         0x00000000   Number         0  defsig_cppl_inner.o ABSOLUTE
    ../clib/signal.c                         0x00000000   Number         0  defsig_fpe_formal.o ABSOLUTE
    ../clib/signal.c                         0x00000000   Number         0  defsig_fpe_inner.o ABSOLUTE
    ../clib/signal.s                         0x00000000   Number         0  defsig.o ABSOLUTE
    ../clib/stdlib.c                         0x00000000   Number         0  exit.o ABSOLUTE
    ../clib/string.c                         0x00000000   Number         0  strncpy.o ABSOLUTE
    ../clib/string.c                         0x00000000   Number         0  strlen.o ABSOLUTE
    ../fplib/cfplib/fdiv.c                   0x00000000   Number         0  fdiv.o ABSOLUTE
    ../fplib/cfplib/fflt.c                   0x00000000   Number         0  fflti.o ABSOLUTE
    ../fplib/cfplib/fpinit.c                 0x00000000   Number         0  fpinit.o ABSOLUTE
    ../fplib/fmul6m.s                        0x00000000   Number         0  fmul.o ABSOLUTE
    ../fplib/usenofp.s                       0x00000000   Number         0  usenofp.o ABSOLUTE
    ..\..\..\..\..\Source\app_common\app_timer.c 0x00000000   Number         0  app_timer.o ABSOLUTE
    ..\..\..\..\..\Source\ble\ble_advdata.c  0x00000000   Number         0  ble_advdata.o ABSOLUTE
    ..\..\..\..\..\Source\ble\ble_conn_params.c 0x00000000   Number         0  ble_conn_params.o ABSOLUTE
    ..\..\..\..\..\Source\ble\ble_debug_assert_handler.c 0x00000000   Number         0  ble_debug_assert_handler.o ABSOLUTE
    ..\..\..\..\..\Source\ble\ble_error_log.c 0x00000000   Number         0  ble_error_log.o ABSOLUTE
    ..\..\..\..\..\Source\ble\ble_flash.c    0x00000000   Number         0  ble_flash.o ABSOLUTE
    ..\..\..\..\..\Source\ble\ble_services\ble_srv_common.c 0x00000000   Number         0  ble_srv_common.o ABSOLUTE
    ..\..\..\..\..\Source\ble\ble_stack_handler.c 0x00000000   Number         0  ble_stack_handler.o ABSOLUTE
    ..\..\..\..\..\Source\nrf_delay\nrf_delay.c 0x00000000   Number         0  nrf_delay.o ABSOLUTE
    ..\..\..\..\..\Source\simple_uart\simple_uart.c 0x00000000   Number         0  simple_uart.o ABSOLUTE
    ..\..\..\..\..\Source\spi_master\spi_master.c 0x00000000   Number         0  spi_master.o ABSOLUTE
    ..\..\..\..\..\Source\templates\arm\arm_startup_nrf51.s 0x00000000   Number         0  arm_startup_nrf51.o ABSOLUTE
    ..\..\..\..\..\Source\templates\system_nrf51.c 0x00000000   Number         0  system_nrf51.o ABSOLUTE
    ..\..\..\..\..\Source\twi_master\twi_sw_master.c 0x00000000   Number         0  twi_sw_master.o ABSOLUTE
    ..\\..\\..\\..\\..\\Source\\app_common\\app_timer.c 0x00000000   Number         0  app_timer.o ABSOLUTE
    ..\\..\\..\\..\\..\\Source\\ble\\ble_advdata.c 0x00000000   Number         0  ble_advdata.o ABSOLUTE
    ..\\..\\..\\..\\..\\Source\\ble\\ble_conn_params.c 0x00000000   Number         0  ble_conn_params.o ABSOLUTE
    ..\\..\\..\\..\\..\\Source\\ble\\ble_debug_assert_handler.c 0x00000000   Number         0  ble_debug_assert_handler.o ABSOLUTE
    ..\\..\\..\\..\\..\\Source\\ble\\ble_error_log.c 0x00000000   Number         0  ble_error_log.o ABSOLUTE
    ..\\..\\..\\..\\..\\Source\\ble\\ble_flash.c 0x00000000   Number         0  ble_flash.o ABSOLUTE
    ..\\..\\..\\..\\..\\Source\\ble\\ble_services\\ble_srv_common.c 0x00000000   Number         0  ble_srv_common.o ABSOLUTE
    ..\\..\\..\\..\\..\\Source\\ble\\ble_stack_handler.c 0x00000000   Number         0  ble_stack_handler.o ABSOLUTE
    ..\\..\\..\\..\\..\\Source\\nrf_delay\\nrf_delay.c 0x00000000   Number         0  nrf_delay.o ABSOLUTE
    ..\\..\\..\\..\\..\\Source\\simple_uart\\simple_uart.c 0x00000000   Number         0  simple_uart.o ABSOLUTE
    ..\\..\\..\\..\\..\\Source\\spi_master\\spi_master.c 0x00000000   Number         0  spi_master.o ABSOLUTE
    ..\\..\\..\\..\\..\\Source\\templates\\system_nrf51.c 0x00000000   Number         0  system_nrf51.o ABSOLUTE
    ..\\..\\..\\..\\..\\Source\\twi_master\\twi_sw_master.c 0x00000000   Number         0  twi_sw_master.o ABSOLUTE
    ..\\ble_nus.c                            0x00000000   Number         0  ble_nus.o ABSOLUTE
    ..\\diskio.c                             0x00000000   Number         0  diskio.o ABSOLUTE
    ..\\main.c                               0x00000000   Number         0  main.o ABSOLUTE
    ..\\nrf_adc.c                            0x00000000   Number         0  nrf_adc.o ABSOLUTE
    ..\ble_nus.c                             0x00000000   Number         0  ble_nus.o ABSOLUTE
    ..\diskio.c                              0x00000000   Number         0  diskio.o ABSOLUTE
    ..\fattime.c                             0x00000000   Number         0  fattime.o ABSOLUTE
    ..\ff.c                                  0x00000000   Number         0  ff.o ABSOLUTE
    ..\main.c                                0x00000000   Number         0  main.o ABSOLUTE
    ..\nrf_adc.c                             0x00000000   Number         0  nrf_adc.o ABSOLUTE
    dc.s                                     0x00000000   Number         0  dc.o ABSOLUTE
    RESET                                    0x00014000   Section      192  arm_startup_nrf51.o(RESET)
    !!!main                                  0x000140c0   Section        8  __main.o(!!!main)
    !!!scatter                               0x000140c8   Section       60  __scatter.o(!!!scatter)
    !!handler_copy                           0x00014104   Section       26  __scatter_copy.o(!!handler_copy)
    !!handler_zi                             0x00014120   Section       28  __scatter_zi.o(!!handler_zi)
    .ARM.Collect$$libinit$$00000000          0x0001413c   Section        2  libinit.o(.ARM.Collect$$libinit$$00000000)
    .ARM.Collect$$libinit$$00000001          0x0001413e   Section        4  libinit2.o(.ARM.Collect$$libinit$$00000001)
    .ARM.Collect$$libinit$$00000008          0x00014142   Section        0  libinit2.o(.ARM.Collect$$libinit$$00000008)
    .ARM.Collect$$libinit$$0000000A          0x00014142   Section        0  libinit2.o(.ARM.Collect$$libinit$$0000000A)
    .ARM.Collect$$libinit$$0000000C          0x00014142   Section        0  libinit2.o(.ARM.Collect$$libinit$$0000000C)
    .ARM.Collect$$libinit$$0000000F          0x00014142   Section        0  libinit2.o(.ARM.Collect$$libinit$$0000000F)
    .ARM.Collect$$libinit$$00000011          0x00014142   Section        0  libinit2.o(.ARM.Collect$$libinit$$00000011)
    .ARM.Collect$$libinit$$00000013          0x00014142   Section        0  libinit2.o(.ARM.Collect$$libinit$$00000013)
    .ARM.Collect$$libinit$$00000015          0x00014142   Section        0  libinit2.o(.ARM.Collect$$libinit$$00000015)
    .ARM.Collect$$libinit$$00000017          0x00014142   Section        0  libinit2.o(.ARM.Collect$$libinit$$00000017)
    .ARM.Collect$$libinit$$00000019          0x00014142   Section        0  libinit2.o(.ARM.Collect$$libinit$$00000019)
    .ARM.Collect$$libinit$$0000001B          0x00014142   Section        0  libinit2.o(.ARM.Collect$$libinit$$0000001B)
    .ARM.Collect$$libinit$$0000001D          0x00014142   Section        0  libinit2.o(.ARM.Collect$$libinit$$0000001D)
    .ARM.Collect$$libinit$$0000001F          0x00014142   Section        0  libinit2.o(.ARM.Collect$$libinit$$0000001F)
    .ARM.Collect$$libinit$$00000021          0x00014142   Section        0  libinit2.o(.ARM.Collect$$libinit$$00000021)
    .ARM.Collect$$libinit$$00000023          0x00014142   Section        0  libinit2.o(.ARM.Collect$$libinit$$00000023)
    .ARM.Collect$$libinit$$0000002A          0x00014142   Section        0  libinit2.o(.ARM.Collect$$libinit$$0000002A)
    .ARM.Collect$$libinit$$0000002C          0x00014142   Section        0  libinit2.o(.ARM.Collect$$libinit$$0000002C)
    .ARM.Collect$$libinit$$0000002E          0x00014142   Section        0  libinit2.o(.ARM.Collect$$libinit$$0000002E)
    .ARM.Collect$$libinit$$00000030          0x00014142   Section        0  libinit2.o(.ARM.Collect$$libinit$$00000030)
    .ARM.Collect$$libinit$$00000031          0x00014142   Section        2  libinit2.o(.ARM.Collect$$libinit$$00000031)
    .ARM.Collect$$libshutdown$$00000000      0x00014144   Section        2  libshutdown.o(.ARM.Collect$$libshutdown$$00000000)
    .ARM.Collect$$libshutdown$$00000003      0x00014146   Section        0  libshutdown2.o(.ARM.Collect$$libshutdown$$00000003)
    .ARM.Collect$$libshutdown$$00000006      0x00014146   Section        0  libshutdown2.o(.ARM.Collect$$libshutdown$$00000006)
    .ARM.Collect$$libshutdown$$00000009      0x00014146   Section        0  libshutdown2.o(.ARM.Collect$$libshutdown$$00000009)
    .ARM.Collect$$libshutdown$$0000000B      0x00014146   Section        0  libshutdown2.o(.ARM.Collect$$libshutdown$$0000000B)
    .ARM.Collect$$libshutdown$$0000000E      0x00014146   Section        0  libshutdown2.o(.ARM.Collect$$libshutdown$$0000000E)
    .ARM.Collect$$libshutdown$$0000000F      0x00014146   Section        2  libshutdown2.o(.ARM.Collect$$libshutdown$$0000000F)
    .ARM.Collect$$rtentry$$00000000          0x00014148   Section        0  rtentry.o(.ARM.Collect$$rtentry$$00000000)
    .ARM.Collect$$rtentry$$00000002          0x00014148   Section        0  rtentry2.o(.ARM.Collect$$rtentry$$00000002)
    .ARM.Collect$$rtentry$$00000004          0x00014148   Section        6  rtentry4.o(.ARM.Collect$$rtentry$$00000004)
    .ARM.Collect$$rtentry$$00000009          0x0001414e   Section        0  rtentry2.o(.ARM.Collect$$rtentry$$00000009)
    .ARM.Collect$$rtentry$$0000000A          0x0001414e   Section        4  rtentry2.o(.ARM.Collect$$rtentry$$0000000A)
    .ARM.Collect$$rtentry$$0000000C          0x00014152   Section        0  rtentry2.o(.ARM.Collect$$rtentry$$0000000C)
    .ARM.Collect$$rtentry$$0000000D          0x00014152   Section        8  rtentry2.o(.ARM.Collect$$rtentry$$0000000D)
    .ARM.Collect$$rtexit$$00000000           0x0001415a   Section        2  rtexit.o(.ARM.Collect$$rtexit$$00000000)
    .ARM.Collect$$rtexit$$00000002           0x0001415c   Section        0  rtexit2.o(.ARM.Collect$$rtexit$$00000002)
    .ARM.Collect$$rtexit$$00000003           0x0001415c   Section        4  rtexit2.o(.ARM.Collect$$rtexit$$00000003)
    .ARM.Collect$$rtexit$$00000004           0x00014160   Section        6  rtexit2.o(.ARM.Collect$$rtexit$$00000004)
    .emb_text                                0x00014168   Section       30  app_timer.o(.emb_text)
    .emb_text                                0x00014188   Section       30  simple_uart.o(.emb_text)
    .emb_text                                0x000141a8   Section       30  nrf_delay.o(.emb_text)
    .emb_text                                0x000141c8   Section       30  twi_sw_master.o(.emb_text)
    .emb_text                                0x000141e8   Section       56  rt_memcpy.o(.emb_text)
    .text                                    0x00014220   Section       72  arm_startup_nrf51.o(.text)
    .text                                    0x00014268   Section        0  system_nrf51.o(.text)
    is_disabled_in_debug_needed              0x00014271   Thumb Code    52  system_nrf51.o(.text)
    is_manual_peripheral_setup_needed        0x000142a5   Thumb Code   104  system_nrf51.o(.text)
    .text                                    0x00014350   Section        0  main.o(.text)
    leds_init                                0x0001438b   Thumb Code    72  main.o(.text)
    timers_init                              0x000143d3   Thumb Code    46  main.o(.text)
    gap_params_init                          0x00014401   Thumb Code   118  main.o(.text)
    advertising_init                         0x00014477   Thumb Code   108  main.o(.text)
    services_init                            0x000144f1   Thumb Code    48  main.o(.text)
    sec_params_init                          0x00014521   Thumb Code    66  main.o(.text)
    on_conn_params_evt                       0x00014563   Thumb Code    46  main.o(.text)
    conn_params_error_handler                0x00014591   Thumb Code    16  main.o(.text)
    conn_params_init                         0x000145a1   Thumb Code    82  main.o(.text)
    timers_start                             0x000145f3   Thumb Code     2  main.o(.text)
    advertising_start                        0x000145f5   Thumb Code    72  main.o(.text)
    on_ble_evt                               0x0001463d   Thumb Code   352  main.o(.text)
    ble_evt_dispatch                         0x0001479d   Thumb Code    26  main.o(.text)
    ble_stack_init                           0x000147b7   Thumb Code    50  main.o(.text)
    buttons_init                             0x000147e9   Thumb Code    26  main.o(.text)
    power_manage                             0x00014803   Thumb Code    32  main.o(.text)
    nrf_gpio_pin_set                         0x00014c0f   Thumb Code    10  main.o(.text)
    nrf_gpio_pin_clear                       0x00014c19   Thumb Code    10  main.o(.text)
    .text                                    0x00014c38   Section        0  nrf_adc.o(.text)
    NVIC_SetPriority                         0x00014cdb   Thumb Code   110  nrf_adc.o(.text)
    .text                                    0x00014d68   Section        0  ble_srv_common.o(.text)
    .text                                    0x00014e28   Section        0  ble_nus.o(.text)
    on_connect                               0x00014e29   Thumb Code     6  ble_nus.o(.text)
    on_disconnect                            0x00014e2f   Thumb Code     8  ble_nus.o(.text)
    on_write                                 0x00014e37   Thumb Code    68  ble_nus.o(.text)
    rx_char_add                              0x00014eb5   Thumb Code   292  ble_nus.o(.text)
    tx_char_add                              0x00014fd9   Thumb Code   212  ble_nus.o(.text)
    .text                                    0x00015170   Section        0  ble_error_log.o(.text)
    fetch_stack                              0x00015171   Thumb Code    38  ble_error_log.o(.text)
    .text                                    0x0001532c   Section        0  ble_flash.o(.text)
    flash_page_erase                         0x0001536d   Thumb Code    48  ble_flash.o(.text)
    flash_word_unprotected_write             0x0001539d   Thumb Code    46  ble_flash.o(.text)
    flash_word_write                         0x000153cb   Thumb Code    64  ble_flash.o(.text)
    .text                                    0x00015570   Section        0  ble_advdata.o(.text)
    name_encode                              0x00015571   Thumb Code   106  ble_advdata.o(.text)
    appearance_encode                        0x000155db   Thumb Code    74  ble_advdata.o(.text)
    uint8_array_encode                       0x00015625   Thumb Code    82  ble_advdata.o(.text)
    tx_power_level_encode                    0x00015677   Thumb Code    48  ble_advdata.o(.text)
    uuid_list_sized_encode                   0x000156a7   Thumb Code   196  ble_advdata.o(.text)
    uuid_list_encode                         0x0001576b   Thumb Code    64  ble_advdata.o(.text)
    conn_int_check                           0x000157ab   Thumb Code    88  ble_advdata.o(.text)
    conn_int_encode                          0x00015803   Thumb Code    92  ble_advdata.o(.text)
    manuf_specific_data_encode               0x0001585f   Thumb Code   106  ble_advdata.o(.text)
    service_data_encode                      0x000158c9   Thumb Code   140  ble_advdata.o(.text)
    adv_data_encode                          0x00015955   Thumb Code   304  ble_advdata.o(.text)
    advdata_check                            0x00015a85   Thumb Code    34  ble_advdata.o(.text)
    srdata_check                             0x00015aa7   Thumb Code    16  ble_advdata.o(.text)
    uint16_encode                            0x00015b31   Thumb Code    18  ble_advdata.o(.text)
    .text                                    0x00015b48   Section        0  app_timer.o(.text)
    NVIC_SetPriority                         0x00015b49   Thumb Code   110  app_timer.o(.text)
    rtc1_init                                0x00015bb7   Thumb Code    18  app_timer.o(.text)
    rtc1_start                               0x00015bc9   Thumb Code    42  app_timer.o(.text)
    rtc1_stop                                0x00015bf3   Thumb Code    44  app_timer.o(.text)
    timer_list_insert                        0x00015c1f   Thumb Code   212  app_timer.o(.text)
    timer_list_remove                        0x00015cf3   Thumb Code   156  app_timer.o(.text)
    timer_timeouts_check_sched               0x00015d8f   Thumb Code    10  app_timer.o(.text)
    timer_list_handler_sched                 0x00015d99   Thumb Code    10  app_timer.o(.text)
    timeout_handler_exec                     0x00015da3   Thumb Code    60  app_timer.o(.text)
    timer_timeouts_check                     0x00015ddf   Thumb Code   132  app_timer.o(.text)
    elapsed_ticks_acquire                    0x00015e63   Thumb Code    82  app_timer.o(.text)
    list_deletions_handler                   0x00015eb5   Thumb Code   280  app_timer.o(.text)
    expired_timers_handler                   0x00015fcd   Thumb Code   100  app_timer.o(.text)
    list_insertions_handler                  0x00016031   Thumb Code   264  app_timer.o(.text)
    compare_reg_update                       0x00016139   Thumb Code   128  app_timer.o(.text)
    timer_list_handler                       0x000161b9   Thumb Code    70  app_timer.o(.text)
    user_op_enque                            0x000161ff   Thumb Code     4  app_timer.o(.text)
    user_op_alloc                            0x00016203   Thumb Code    44  app_timer.o(.text)
    timer_start_op_schedule                  0x0001622f   Thumb Code    80  app_timer.o(.text)
    timer_stop_op_schedule                   0x0001627f   Thumb Code    58  app_timer.o(.text)
    timer_stop_all_op_schedule               0x000162b9   Thumb Code    58  app_timer.o(.text)
    user_id_get                              0x0001647f   Thumb Code    34  app_timer.o(.text)
    NVIC_EnableIRQ                           0x0001657d   Thumb Code    14  app_timer.o(.text)
    NVIC_SetPendingIRQ                       0x0001658b   Thumb Code    14  app_timer.o(.text)
    NVIC_ClearPendingIRQ                     0x00016599   Thumb Code    16  app_timer.o(.text)
    current_int_priority_get                 0x000165a9   Thumb Code    84  app_timer.o(.text)
    rtc1_counter_get                         0x000165fd   Thumb Code     6  app_timer.o(.text)
    ticks_diff_get                           0x00016603   Thumb Code    10  app_timer.o(.text)
    .text                                    0x00016634   Section        0  ble_conn_params.o(.text)
    is_conn_params_ok                        0x00016635   Thumb Code    30  ble_conn_params.o(.text)
    update_timeout_handler                   0x00016653   Thumb Code   136  ble_conn_params.o(.text)
    conn_params_negotiation                  0x00016741   Thumb Code   126  ble_conn_params.o(.text)
    on_connect                               0x000167bf   Thumb Code    42  ble_conn_params.o(.text)
    on_disconnect                            0x000167e9   Thumb Code    50  ble_conn_params.o(.text)
    on_write                                 0x0001681b   Thumb Code    84  ble_conn_params.o(.text)
    on_conn_params_update                    0x0001686f   Thumb Code    20  ble_conn_params.o(.text)
    .text                                    0x0001693c   Section        0  ble_stack_handler.o(.text)
    softdevice_assertion_handler             0x0001693d   Thumb Code    18  ble_stack_handler.o(.text)
    .text                                    0x00016a54   Section        0  ble_debug_assert_handler.o(.text)
    .text                                    0x00016a98   Section        0  simple_uart.o(.text)
    nrf_gpio_cfg_output                      0x00016b7f   Thumb Code    18  simple_uart.o(.text)
    nrf_gpio_cfg_input                       0x00016b91   Thumb Code    20  simple_uart.o(.text)
    .text                                    0x00016bb4   Section        0  nrf_delay.o(.text)
    .text                                    0x00016bd0   Section        0  twi_sw_master.o(.text)
    twi_master_clear_bus                     0x00016bd1   Thumb Code   142  twi_sw_master.o(.text)
    twi_master_wait_while_scl_low            0x00016ca5   Thumb Code    38  twi_sw_master.o(.text)
    twi_master_issue_stopcondition           0x00016ccb   Thumb Code    52  twi_sw_master.o(.text)
    twi_master_clock_byte                    0x00016cff   Thumb Code   176  twi_sw_master.o(.text)
    twi_master_clock_byte_in                 0x00016daf   Thumb Code   156  twi_sw_master.o(.text)
    twi_master_issue_startcondition          0x00016e4b   Thumb Code    70  twi_sw_master.o(.text)
    .text                                    0x00016f18   Section        0  diskio.o(.text)
    interface_speed                          0x00016f19   Thumb Code    30  diskio.o(.text)
    rcvr_spi                                 0x00016f37   Thumb Code    10  diskio.o(.text)
    wait_ready                               0x00016f41   Thumb Code    36  diskio.o(.text)
    release_spi                              0x00016f65   Thumb Code     8  diskio.o(.text)
    power_on                                 0x00016f6d   Thumb Code     2  diskio.o(.text)
    power_off                                0x00016f6f   Thumb Code     2  diskio.o(.text)
    rcvr_datablock                           0x00016f71   Thumb Code   100  diskio.o(.text)
    xmit_datablock                           0x00016fd5   Thumb Code    90  diskio.o(.text)
    send_cmd                                 0x0001702f   Thumb Code   148  diskio.o(.text)
    .text                                    0x00017634   Section        0  fattime.o(.text)
    .text                                    0x00017638   Section        0  ff.o(.text)
    mem_cpy                                  0x00017639   Thumb Code    26  ff.o(.text)
    mem_set                                  0x00017653   Thumb Code    20  ff.o(.text)
    mem_cmp                                  0x00017667   Thumb Code    42  ff.o(.text)
    chk_chr                                  0x00017691   Thumb Code    22  ff.o(.text)
    move_window                              0x000176a7   Thumb Code   118  ff.o(.text)
    sync                                     0x0001771d   Thumb Code   300  ff.o(.text)
    remove_chain                             0x00017aa3   Thumb Code   108  ff.o(.text)
    create_chain                             0x00017b0f   Thumb Code   194  ff.o(.text)
    dir_seek                                 0x00017beb   Thumb Code   156  ff.o(.text)
    dir_next                                 0x00017c87   Thumb Code   288  ff.o(.text)
    dir_find                                 0x00017da7   Thumb Code    98  ff.o(.text)
    dir_read                                 0x00017e09   Thumb Code    92  ff.o(.text)
    dir_register                             0x00017e65   Thumb Code   126  ff.o(.text)
    dir_remove                               0x00017ee3   Thumb Code    48  ff.o(.text)
    create_name                              0x00017f13   Thumb Code   256  ff.o(.text)
    get_fileinfo                             0x00018013   Thumb Code   144  ff.o(.text)
    follow_path                              0x000180a3   Thumb Code   174  ff.o(.text)
    check_fs                                 0x00018151   Thumb Code   150  ff.o(.text)
    validate                                 0x00018551   Thumb Code    48  ff.o(.text)
    .text                                    0x00019eb4   Section        0  spi_master.o(.text)
    nrf_gpio_cfg_output                      0x0001a081   Thumb Code    18  spi_master.o(.text)
    nrf_gpio_cfg_input                       0x0001a093   Thumb Code    20  spi_master.o(.text)
    nrf_gpio_pin_set                         0x0001a0a7   Thumb Code    10  spi_master.o(.text)
    nrf_gpio_pin_clear                       0x0001a0b1   Thumb Code    10  spi_master.o(.text)
    .text                                    0x0001a0cc   Section        0  strlen.o(.text)
    .text                                    0x0001a110   Section        0  rt_memcpy.o(.text)
    .text                                    0x0001a192   Section        0  rt_memclr.o(.text)
    .text                                    0x0001a1d4   Section        0  strncpy.o(.text)
    .text                                    0x0001a240   Section      346  aeabi_sdiv.o(.text)
    .text                                    0x0001a39a   Section        0  heapauxi.o(.text)
    .text                                    0x0001a3a0   Section        0  fdiv.o(.text)
    .text                                    0x0001a500   Section        0  fflti.o(.text)
    .text                                    0x0001a55e   Section       62  sys_stackheap_outer.o(.text)
    .text                                    0x0001a59c   Section        0  exit.o(.text)
    .text                                    0x0001a5a8   Section        8  libspace.o(.text)
    .text                                    0x0001a5b0   Section        0  sys_exit.o(.text)
    .text                                    0x0001a5bc   Section        2  use_no_semi.o(.text)
    .text                                    0x0001a5be   Section        0  indicate_semi.o(.text)
    i.__ARM_common_switch8                   0x0001a5be   Section        0  diskio.o(i.__ARM_common_switch8)
    x$fpl$fmul                               0x0001a5dc   Section      176  fmul.o(x$fpl$fmul)
    .constdata                               0x0001a68c   Section        4  main.o(.constdata)
    x$fpl$usenofp                            0x0001a68c   Section        0  usenofp.o(x$fpl$usenofp)
    .constdata                               0x0001a690   Section       16  ble_nus.o(.constdata)
    .constdata                               0x0001a6a0   Section       66  ff.o(.constdata)
    sstbl                                    0x0001a6a0   Data          44  ff.o(.constdata)
    cstbl                                    0x0001a6cc   Data          22  ff.o(.constdata)
    .constdata                               0x0001a6e2   Section       64  fdiv.o(.constdata)
    fdiv_tab                                 0x0001a6e2   Data          64  fdiv.o(.constdata)
    .data                                    0x20002000   Section        4  system_nrf51.o(.data)
    __tagsym$$used                           0x20002000   Number         0  system_nrf51.o(.data)
    .data                                    0x20002004   Section       29  main.o(.data)
    m_sec_params                             0x20002004   Data           6  main.o(.data)
    m_conn_handle                            0x2000200a   Data           2  main.o(.data)
    cmd_buffer                               0x2000200c   Data           2  main.o(.data)
    i2c_buffer                               0x2000200e   Data           6  main.o(.data)
    adv_timeout_count                        0x20002014   Data           1  main.o(.data)
    adc_data                                 0x20002018   Data           4  main.o(.data)
    nus_init                                 0x2000201c   Data           4  main.o(.data)
    index                                    0x20002020   Data           1  main.o(.data)
    .data                                    0x20002021   Section        1  ble_error_log.o(.data)
    m_ble_log_clear_flag                     0x20002021   Data           1  ble_error_log.o(.data)
    .data                                    0x20002022   Section        1  ble_flash.o(.data)
    m_radio_active                           0x20002022   Data           1  ble_flash.o(.data)
    .data                                    0x20002024   Section       40  app_timer.o(.data)
    m_node_array_size                        0x20002024   Data           1  app_timer.o(.data)
    mp_nodes                                 0x20002028   Data           4  app_timer.o(.data)
    m_user_array_size                        0x2000202c   Data           1  app_timer.o(.data)
    mp_users                                 0x20002030   Data           4  app_timer.o(.data)
    m_timer_id_head                          0x20002034   Data           4  app_timer.o(.data)
    m_ticks_latest                           0x20002038   Data           4  app_timer.o(.data)
    m_ticks_elapsed                          0x2000203c   Data           8  app_timer.o(.data)
    m_ticks_elapsed_q_read_ind               0x20002044   Data           1  app_timer.o(.data)
    m_ticks_elapsed_q_write_ind              0x20002045   Data           1  app_timer.o(.data)
    m_evt_schedule_func                      0x20002048   Data           4  app_timer.o(.data)
    .data                                    0x2000204c   Section       25  ble_conn_params.o(.data)
    m_preferred_conn_params                  0x2000204c   Data           8  ble_conn_params.o(.data)
    m_update_count                           0x20002054   Data           1  ble_conn_params.o(.data)
    m_conn_handle                            0x20002056   Data           2  ble_conn_params.o(.data)
    m_current_conn_params                    0x20002058   Data           8  ble_conn_params.o(.data)
    m_conn_params_timer_id                   0x20002060   Data           4  ble_conn_params.o(.data)
    m_change_param                           0x20002064   Data           1  ble_conn_params.o(.data)
    .data                                    0x20002068   Section       14  ble_stack_handler.o(.data)
    m_evt_handler                            0x20002068   Data           4  ble_stack_handler.o(.data)
    m_evt_schedule_func                      0x2000206c   Data           4  ble_stack_handler.o(.data)
    m_evt_buffer                             0x20002070   Data           4  ble_stack_handler.o(.data)
    m_evt_buffer_size                        0x20002074   Data           2  ble_stack_handler.o(.data)
    .data                                    0x20002078   Section        8  ble_debug_assert_handler.o(.data)
    s_line_num                               0x20002078   Data           2  ble_debug_assert_handler.o(.data)
    s_error_code                             0x2000207c   Data           4  ble_debug_assert_handler.o(.data)
    .data                                    0x20002080   Section       13  diskio.o(.data)
    Stat                                     0x20002080   Data           1  diskio.o(.data)
    Timer1                                   0x20002084   Data           4  diskio.o(.data)
    Timer2                                   0x20002088   Data           4  diskio.o(.data)
    CardType                                 0x2000208c   Data           1  diskio.o(.data)
    .data                                    0x20002090   Section        6  ff.o(.data)
    FatFs                                    0x20002090   Data           4  ff.o(.data)
    Fsid                                     0x20002094   Data           2  ff.o(.data)
    .data                                    0x20002098   Section        4  spi_master.o(.data)
    .bss                                     0x2000209c   Section      744  main.o(.bss)
    m_nus                                    0x2000209c   Data          28  main.o(.bss)
    data_txt_buffer                          0x200020b8   Data          14  main.o(.bss)
    acc_data                                 0x200020c8   Data          12  main.o(.bss)
    APP_TIMER_BUF                            0x200020d4   Data         536  main.o(.bss)
    m_auth_status                            0x200022ec   Data          50  main.o(.bss)
    EVT_BUFFER                               0x20002320   Data          80  main.o(.bss)
    data_array                               0x20002370   Data          20  main.o(.bss)
    .bss                                     0x20002384   Section      392  ble_error_log.o(.bss)
    m_ble_error_log                          0x20002384   Data         392  ble_error_log.o(.bss)
    .bss                                     0x2000250c   Section       28  ble_conn_params.o(.bss)
    m_conn_params_config                     0x2000250c   Data          28  ble_conn_params.o(.bss)
    .bss                                     0x20002528   Section      128  ble_debug_assert_handler.o(.bss)
    s_file_name                              0x20002528   Data         128  ble_debug_assert_handler.o(.bss)
    .bss                                     0x200025a8   Section       96  libspace.o(.bss)
    HEAP                                     0x20002608   Section     2048  arm_startup_nrf51.o(HEAP)
    Heap_Mem                                 0x20002608   Data        2048  arm_startup_nrf51.o(HEAP)
    STACK                                    0x20002e08   Section     2048  arm_startup_nrf51.o(STACK)
    Stack_Mem                                0x20002e08   Data        2048  arm_startup_nrf51.o(STACK)
    __initial_sp                             0x20003608   Data           0  arm_startup_nrf51.o(STACK)

    Global Symbols

    Symbol Name                              Value     Ov Type        Size  Object(Section)

    BuildAttributes$$THM_ISAv3M$S$PE$A:L22$X:L11$S22$IEEE1$IW$USESV6$~STKCKD$USESV7$ENUMINT$~SHL$OSPACE$ROPI$EBA8$UX$STANDARDLIB$REQ8$PRES8$EABIv2 0x00000000   Number         0  anon$$obj.o ABSOLUTE
    __ARM_use_no_argv                        0x00000000   Number         0  main.o ABSOLUTE
    __ARM_exceptions_init                     - Undefined Weak Reference
    __alloca_initialize                       - Undefined Weak Reference
    __cpp_initialize__aeabi_                  - Undefined Weak Reference
    __cxa_finalize                            - Undefined Weak Reference
    __rt_locale                               - Undefined Weak Reference
    __sigvec_lookup                           - Undefined Weak Reference
    _atexit_init                              - Undefined Weak Reference
    _call_atexit_fns                          - Undefined Weak Reference
    _clock_init                               - Undefined Weak Reference
    _fp_trap_init                             - Undefined Weak Reference
    _fp_trap_shutdown                         - Undefined Weak Reference
    _get_lc_collate                           - Undefined Weak Reference
    _get_lc_ctype                             - Undefined Weak Reference
    _get_lc_monetary                          - Undefined Weak Reference
    _get_lc_numeric                           - Undefined Weak Reference
    _get_lc_time                              - Undefined Weak Reference
    _getenv_init                              - Undefined Weak Reference
    _handle_redirection                       - Undefined Weak Reference
    _init_alloc                               - Undefined Weak Reference
    _init_user_alloc                          - Undefined Weak Reference
    _initio                                   - Undefined Weak Reference
    _rand_init                                - Undefined Weak Reference
    _signal_finish                            - Undefined Weak Reference
    _signal_init                              - Undefined Weak Reference
    _terminate_alloc                          - Undefined Weak Reference
    _terminate_user_alloc                     - Undefined Weak Reference
    _terminateio                              - Undefined Weak Reference
    __Vectors_Size                           0x000000c0   Number         0  arm_startup_nrf51.o ABSOLUTE
    __Vectors                                0x00014000   Data           4  arm_startup_nrf51.o(RESET)
    __Vectors_End                            0x000140c0   Data           0  arm_startup_nrf51.o(RESET)
    __main                                   0x000140c1   Thumb Code     8  __main.o(!!!main)
    __scatterload                            0x000140c9   Thumb Code     0  __scatter.o(!!!scatter)
    __scatterload_rt2                        0x000140c9   Thumb Code    52  __scatter.o(!!!scatter)
    __scatterload_rt2_thumb_only             0x000140c9   Thumb Code     0  __scatter.o(!!!scatter)
    __scatterload_null                       0x000140d9   Thumb Code     0  __scatter.o(!!!scatter)
    __scatterload_copy                       0x00014105   Thumb Code    26  __scatter_copy.o(!!handler_copy)
    __scatterload_zeroinit                   0x00014121   Thumb Code    28  __scatter_zi.o(!!handler_zi)
    __rt_lib_init                            0x0001413d   Thumb Code     0  libinit.o(.ARM.Collect$$libinit$$00000000)
    __rt_lib_init_fp_1                       0x0001413f   Thumb Code     0  libinit2.o(.ARM.Collect$$libinit$$00000001)
    __rt_lib_init_alloca_1                   0x00014143   Thumb Code     0  libinit2.o(.ARM.Collect$$libinit$$0000002C)
    __rt_lib_init_argv_1                     0x00014143   Thumb Code     0  libinit2.o(.ARM.Collect$$libinit$$0000002A)
    __rt_lib_init_atexit_1                   0x00014143   Thumb Code     0  libinit2.o(.ARM.Collect$$libinit$$00000019)
    __rt_lib_init_clock_1                    0x00014143   Thumb Code     0  libinit2.o(.ARM.Collect$$libinit$$0000001F)
    __rt_lib_init_cpp_1                      0x00014143   Thumb Code     0  libinit2.o(.ARM.Collect$$libinit$$00000030)
    __rt_lib_init_exceptions_1               0x00014143   Thumb Code     0  libinit2.o(.ARM.Collect$$libinit$$0000002E)
    __rt_lib_init_fp_trap_1                  0x00014143   Thumb Code     0  libinit2.o(.ARM.Collect$$libinit$$0000001D)
    __rt_lib_init_getenv_1                   0x00014143   Thumb Code     0  libinit2.o(.ARM.Collect$$libinit$$00000021)
    __rt_lib_init_heap_1                     0x00014143   Thumb Code     0  libinit2.o(.ARM.Collect$$libinit$$00000008)
    __rt_lib_init_lc_collate_1               0x00014143   Thumb Code     0  libinit2.o(.ARM.Collect$$libinit$$0000000F)
    __rt_lib_init_lc_ctype_1                 0x00014143   Thumb Code     0  libinit2.o(.ARM.Collect$$libinit$$00000011)
    __rt_lib_init_lc_monetary_1              0x00014143   Thumb Code     0  libinit2.o(.ARM.Collect$$libinit$$00000013)
    __rt_lib_init_lc_numeric_1               0x00014143   Thumb Code     0  libinit2.o(.ARM.Collect$$libinit$$00000015)
    __rt_lib_init_lc_time_1                  0x00014143   Thumb Code     0  libinit2.o(.ARM.Collect$$libinit$$00000017)
    __rt_lib_init_rand_1                     0x00014143   Thumb Code     0  libinit2.o(.ARM.Collect$$libinit$$0000000C)
    __rt_lib_init_return                     0x00014143   Thumb Code     0  libinit2.o(.ARM.Collect$$libinit$$00000031)
    __rt_lib_init_signal_1                   0x00014143   Thumb Code     0  libinit2.o(.ARM.Collect$$libinit$$0000001B)
    __rt_lib_init_stdio_1                    0x00014143   Thumb Code     0  libinit2.o(.ARM.Collect$$libinit$$00000023)
    __rt_lib_init_user_alloc_1               0x00014143   Thumb Code     0  libinit2.o(.ARM.Collect$$libinit$$0000000A)
    __rt_lib_shutdown                        0x00014145   Thumb Code     0  libshutdown.o(.ARM.Collect$$libshutdown$$00000000)
    __rt_lib_shutdown_fp_trap_1              0x00014147   Thumb Code     0  libshutdown2.o(.ARM.Collect$$libshutdown$$00000006)
    __rt_lib_shutdown_heap_1                 0x00014147   Thumb Code     0  libshutdown2.o(.ARM.Collect$$libshutdown$$0000000E)
    __rt_lib_shutdown_return                 0x00014147   Thumb Code     0  libshutdown2.o(.ARM.Collect$$libshutdown$$0000000F)
    __rt_lib_shutdown_signal_1               0x00014147   Thumb Code     0  libshutdown2.o(.ARM.Collect$$libshutdown$$00000009)
    __rt_lib_shutdown_stdio_1                0x00014147   Thumb Code     0  libshutdown2.o(.ARM.Collect$$libshutdown$$00000003)
    __rt_lib_shutdown_user_alloc_1           0x00014147   Thumb Code     0  libshutdown2.o(.ARM.Collect$$libshutdown$$0000000B)
    __rt_entry                               0x00014149   Thumb Code     0  rtentry.o(.ARM.Collect$$rtentry$$00000000)
    __rt_entry_presh_1                       0x00014149   Thumb Code     0  rtentry2.o(.ARM.Collect$$rtentry$$00000002)
    __rt_entry_sh                            0x00014149   Thumb Code     0  rtentry4.o(.ARM.Collect$$rtentry$$00000004)
    __rt_entry_li                            0x0001414f   Thumb Code     0  rtentry2.o(.ARM.Collect$$rtentry$$0000000A)
    __rt_entry_postsh_1                      0x0001414f   Thumb Code     0  rtentry2.o(.ARM.Collect$$rtentry$$00000009)
    __rt_entry_main                          0x00014153   Thumb Code     0  rtentry2.o(.ARM.Collect$$rtentry$$0000000D)
    __rt_entry_postli_1                      0x00014153   Thumb Code     0  rtentry2.o(.ARM.Collect$$rtentry$$0000000C)
    __rt_exit                                0x0001415b   Thumb Code     0  rtexit.o(.ARM.Collect$$rtexit$$00000000)
    __rt_exit_ls                             0x0001415d   Thumb Code     0  rtexit2.o(.ARM.Collect$$rtexit$$00000003)
    __rt_exit_prels_1                        0x0001415d   Thumb Code     0  rtexit2.o(.ARM.Collect$$rtexit$$00000002)
    __rt_exit_exit                           0x00014161   Thumb Code     0  rtexit2.o(.ARM.Collect$$rtexit$$00000004)
    __asm___11_app_timer_c_cd27f9c3__nrf_delay_us 0x00014169   Thumb Code    30  app_timer.o(.emb_text)
    __asm___13_simple_uart_c_5dda6715__nrf_delay_us 0x00014189   Thumb Code    30  simple_uart.o(.emb_text)
    __asm___11_nrf_delay_c_532987f3__nrf_delay_us 0x000141a9   Thumb Code    30  nrf_delay.o(.emb_text)
    __asm___15_twi_sw_master_c_959ec897__nrf_delay_us 0x000141c9   Thumb Code    30  twi_sw_master.o(.emb_text)
    __aeabi_memcpy4                          0x000141e9   Thumb Code    56  rt_memcpy.o(.emb_text)
    __aeabi_memcpy8                          0x000141e9   Thumb Code     0  rt_memcpy.o(.emb_text)
    Reset_Handler                            0x00014221   Thumb Code    18  arm_startup_nrf51.o(.text)
    NMI_Handler                              0x00014233   Thumb Code     2  arm_startup_nrf51.o(.text)
    HardFault_Handler                        0x00014235   Thumb Code     2  arm_startup_nrf51.o(.text)
    SVC_Handler                              0x00014237   Thumb Code     2  arm_startup_nrf51.o(.text)
    PendSV_Handler                           0x00014239   Thumb Code     2  arm_startup_nrf51.o(.text)
    SysTick_Handler                          0x0001423b   Thumb Code     2  arm_startup_nrf51.o(.text)
    ADC_IRQHandler                           0x0001423d   Thumb Code     0  arm_startup_nrf51.o(.text)
    CCM_AAR_IRQHandler                       0x0001423d   Thumb Code     0  arm_startup_nrf51.o(.text)
    ECB_IRQHandler                           0x0001423d   Thumb Code     0  arm_startup_nrf51.o(.text)
    GPIOTE_IRQHandler                        0x0001423d   Thumb Code     0  arm_startup_nrf51.o(.text)
    LPCOMP_COMP_IRQHandler                   0x0001423d   Thumb Code     0  arm_startup_nrf51.o(.text)
    POWER_CLOCK_IRQHandler                   0x0001423d   Thumb Code     0  arm_startup_nrf51.o(.text)
    QDEC_IRQHandler                          0x0001423d   Thumb Code     0  arm_startup_nrf51.o(.text)
    RADIO_IRQHandler                         0x0001423d   Thumb Code     0  arm_startup_nrf51.o(.text)
    RNG_IRQHandler                           0x0001423d   Thumb Code     0  arm_startup_nrf51.o(.text)
    RTC0_IRQHandler                          0x0001423d   Thumb Code     0  arm_startup_nrf51.o(.text)
    SPI0_TWI0_IRQHandler                     0x0001423d   Thumb Code     0  arm_startup_nrf51.o(.text)
    SPI1_TWI1_IRQHandler                     0x0001423d   Thumb Code     0  arm_startup_nrf51.o(.text)
    SWI1_IRQHandler                          0x0001423d   Thumb Code     0  arm_startup_nrf51.o(.text)
    SWI3_IRQHandler                          0x0001423d   Thumb Code     0  arm_startup_nrf51.o(.text)
    SWI4_IRQHandler                          0x0001423d   Thumb Code     0  arm_startup_nrf51.o(.text)
    SWI5_IRQHandler                          0x0001423d   Thumb Code     0  arm_startup_nrf51.o(.text)
    TEMP_IRQHandler                          0x0001423d   Thumb Code     0  arm_startup_nrf51.o(.text)
    TIMER0_IRQHandler                        0x0001423d   Thumb Code     0  arm_startup_nrf51.o(.text)
    TIMER1_IRQHandler                        0x0001423d   Thumb Code     0  arm_startup_nrf51.o(.text)
    TIMER2_IRQHandler                        0x0001423d   Thumb Code     0  arm_startup_nrf51.o(.text)
    WDT_IRQHandler                           0x0001423d   Thumb Code     0  arm_startup_nrf51.o(.text)
    __user_initial_stackheap                 0x00014241   Thumb Code     0  arm_startup_nrf51.o(.text)
    SystemCoreClockUpdate                    0x00014269   Thumb Code     8  system_nrf51.o(.text)
    SystemInit                               0x0001430d   Thumb Code    38  system_nrf51.o(.text)
    app_error_handler                        0x00014351   Thumb Code    44  main.o(.text)
    assert_nrf_callback                      0x0001437d   Thumb Code    14  main.o(.text)
    receive_data_handler                     0x000144e3   Thumb Code    14  main.o(.text)
    UART0_IRQHandler                         0x00014823   Thumb Code    96  main.o(.text)
    ADC_init                                 0x00014883   Thumb Code    44  main.o(.text)
    MPU9150_init                             0x000148af   Thumb Code   184  main.o(.text)
    MPU9150_get                              0x00014967   Thumb Code   192  main.o(.text)
    main                                     0x00014a27   Thumb Code   488  main.o(.text)
    nrf_adc_init                             0x00014c39   Thumb Code    66  nrf_adc.o(.text)
    nrf_adc_init_vbat                        0x00014c7b   Thumb Code    12  nrf_adc.o(.text)
    nrf_adc_read                             0x00014c87   Thumb Code    28  nrf_adc.o(.text)
    nrf_adc_read_vbat_f                      0x00014ca3   Thumb Code    40  nrf_adc.o(.text)
    nrf_adc_read_vbat_mv                     0x00014ccb   Thumb Code    16  nrf_adc.o(.text)
    ble_srv_report_ref_encode                0x00014d69   Thumb Code    60  ble_srv_common.o(.text)
    ble_srv_ascii_to_utf8                    0x00014da5   Thumb Code    18  ble_srv_common.o(.text)
    HEX2ASCII_Hi                             0x00014db7   Thumb Code    30  ble_srv_common.o(.text)
    HEX2ASCII_Low                            0x00014dd5   Thumb Code    28  ble_srv_common.o(.text)
    ble_nus_on_ble_evt                       0x00014e7b   Thumb Code    58  ble_nus.o(.text)
    ble_nus_init                             0x000150ad   Thumb Code   118  ble_nus.o(.text)
    ble_nus_send_string                      0x00015123   Thumb Code    68  ble_nus.o(.text)
    ble_error_log_write                      0x00015197   Thumb Code    98  ble_error_log.o(.text)
    ble_error_log_read                       0x000151f9   Thumb Code   174  ble_error_log.o(.text)
    ble_error_log_clear                      0x000152a7   Thumb Code     8  ble_error_log.o(.text)
    ble_error_log_init                       0x000152af   Thumb Code    60  ble_error_log.o(.text)
    ble_flash_crc16_compute                  0x0001532d   Thumb Code    64  ble_flash.o(.text)
    ble_flash_word_write                     0x0001540b   Thumb Code    18  ble_flash.o(.text)
    ble_flash_block_write                    0x0001541d   Thumb Code    36  ble_flash.o(.text)
    ble_flash_page_erase                     0x00015441   Thumb Code    26  ble_flash.o(.text)
    ble_flash_page_write                     0x0001545b   Thumb Code   120  ble_flash.o(.text)
    ble_flash_page_read                      0x000154d3   Thumb Code   112  ble_flash.o(.text)
    ble_flash_page_addr                      0x00015543   Thumb Code    18  ble_flash.o(.text)
    ble_flash_on_radio_active_evt            0x00015555   Thumb Code     6  ble_flash.o(.text)
    ble_advdata_set                          0x00015ab7   Thumb Code   122  ble_advdata.o(.text)
    RTC1_IRQHandler                          0x000162f3   Thumb Code    34  app_timer.o(.text)
    SWI0_IRQHandler                          0x00016315   Thumb Code     8  app_timer.o(.text)
    app_timer_init                           0x0001631d   Thumb Code   246  app_timer.o(.text)
    app_timer_create                         0x00016413   Thumb Code   108  app_timer.o(.text)
    app_timer_start                          0x000164a1   Thumb Code    98  app_timer.o(.text)
    app_timer_stop                           0x00016503   Thumb Code    60  app_timer.o(.text)
    app_timer_stop_all                       0x0001653f   Thumb Code    26  app_timer.o(.text)
    app_timer_cnt_get                        0x00016559   Thumb Code    14  app_timer.o(.text)
    app_timer_cnt_diff_compute               0x00016567   Thumb Code    22  app_timer.o(.text)
    ble_conn_params_init                     0x000166db   Thumb Code    90  ble_conn_params.o(.text)
    ble_conn_params_stop                     0x00016735   Thumb Code    12  ble_conn_params.o(.text)
    ble_conn_params_on_ble_evt               0x00016883   Thumb Code    62  ble_conn_params.o(.text)
    ble_conn_params_change_conn_params       0x000168c1   Thumb Code    86  ble_conn_params.o(.text)
    ble_stack_handler_init                   0x0001694f   Thumb Code    84  ble_stack_handler.o(.text)
    intern_ble_stack_events_execute          0x000169a3   Thumb Code    60  ble_stack_handler.o(.text)
    SWI2_IRQHandler                          0x000169df   Thumb Code    50  ble_stack_handler.o(.text)
    ble_debug_assert_handler                 0x00016a55   Thumb Code    56  ble_debug_assert_handler.o(.text)
    simple_uart_get                          0x00016a99   Thumb Code    24  simple_uart.o(.text)
    simple_uart_get_with_timeout             0x00016ab1   Thumb Code    62  simple_uart.o(.text)
    simple_uart_put                          0x00016aef   Thumb Code    22  simple_uart.o(.text)
    simple_uart_putstring                    0x00016b05   Thumb Code    32  simple_uart.o(.text)
    simple_uart_config                       0x00016b25   Thumb Code    90  simple_uart.o(.text)
    nrf_delay_ms                             0x00016bb5   Thumb Code    24  nrf_delay.o(.text)
    twi_master_init                          0x00016c5f   Thumb Code    70  twi_sw_master.o(.text)
    twi_master_transfer                      0x00016e91   Thumb Code   128  twi_sw_master.o(.text)
    disk_initialize                          0x000170c3   Thumb Code   322  diskio.o(.text)
    disk_status                              0x00017205   Thumb Code    16  diskio.o(.text)
    disk_read                                0x00017215   Thumb Code   154  diskio.o(.text)
    disk_write                               0x000172af   Thumb Code   212  diskio.o(.text)
    disk_ioctl                               0x00017383   Thumb Code   630  diskio.o(.text)
    disk_timerproc                           0x000175f9   Thumb Code    42  diskio.o(.text)
    get_fattime                              0x00017635   Thumb Code     4  fattime.o(.text)
    get_fat                                  0x00017849   Thumb Code   262  ff.o(.text)
    put_fat                                  0x0001794f   Thumb Code   340  ff.o(.text)
    clust2sect                               0x00017bd1   Thumb Code    26  ff.o(.text)
    chk_mounted                              0x000181e7   Thumb Code   874  ff.o(.text)
    f_mount                                  0x00018581   Thumb Code    44  ff.o(.text)
    f_open                                   0x000185ad   Thumb Code   430  ff.o(.text)
    f_read                                   0x0001875b   Thumb Code   530  ff.o(.text)
    f_write                                  0x0001896d   Thumb Code   564  ff.o(.text)
    f_sync                                   0x00018ba1   Thumb Code   196  ff.o(.text)
    f_close                                  0x00018c65   Thumb Code    22  ff.o(.text)
    f_lseek                                  0x00018c7b   Thumb Code   494  ff.o(.text)
    f_opendir                                0x00018e69   Thumb Code   114  ff.o(.text)
    f_readdir                                0x00018edb   Thumb Code    94  ff.o(.text)
    f_stat                                   0x00018f39   Thumb Code    64  ff.o(.text)
    f_getfree                                0x00018f79   Thumb Code   286  ff.o(.text)
    f_truncate                               0x00019097   Thumb Code   172  ff.o(.text)
    f_unlink                                 0x00019143   Thumb Code   206  ff.o(.text)
    f_mkdir                                  0x00019211   Thumb Code   430  ff.o(.text)
    f_chmod                                  0x000193bf   Thumb Code    90  ff.o(.text)
    f_utime                                  0x00019419   Thumb Code    92  ff.o(.text)
    f_rename                                 0x00019475   Thumb Code   304  ff.o(.text)
    f_mkfs                                   0x000195a5   Thumb Code  1642  ff.o(.text)
    f_gets                                   0x00019c0f   Thumb Code    82  ff.o(.text)
    f_putc                                   0x00019c61   Thumb Code    58  ff.o(.text)
    f_puts                                   0x00019c9b   Thumb Code    42  ff.o(.text)
    f_printf                                 0x00019cc5   Thumb Code   494  ff.o(.text)
    spi_master_init                          0x00019eb5   Thumb Code   282  spi_master.o(.text)
    spi_master_tx_rx                         0x00019fcf   Thumb Code   132  spi_master.o(.text)
    spi_wr_1byte                             0x0001a053   Thumb Code    26  spi_master.o(.text)
    disable_ss                               0x0001a06d   Thumb Code    10  spi_master.o(.text)
    enable_ss                                0x0001a077   Thumb Code    10  spi_master.o(.text)
    strlen                                   0x0001a0cd   Thumb Code    62  strlen.o(.text)
    __aeabi_memcpy                           0x0001a111   Thumb Code   130  rt_memcpy.o(.text)
    __rt_memcpy                              0x0001a111   Thumb Code     0  rt_memcpy.o(.text)
    _memset_w                                0x0001a193   Thumb Code    26  rt_memclr.o(.text)
    _memset                                  0x0001a1ad   Thumb Code    30  rt_memclr.o(.text)
    __aeabi_memclr                           0x0001a1cb   Thumb Code     4  rt_memclr.o(.text)
    __rt_memclr                              0x0001a1cb   Thumb Code     0  rt_memclr.o(.text)
    __aeabi_memclr4                          0x0001a1cf   Thumb Code     0  rt_memclr.o(.text)
    __aeabi_memclr8                          0x0001a1cf   Thumb Code     0  rt_memclr.o(.text)
    __rt_memclr_w                            0x0001a1cf   Thumb Code     4  rt_memclr.o(.text)
    strncpy                                  0x0001a1d5   Thumb Code   104  strncpy.o(.text)
    __aeabi_uidiv                            0x0001a241   Thumb Code     0  aeabi_sdiv.o(.text)
    __aeabi_uidivmod                         0x0001a241   Thumb Code    20  aeabi_sdiv.o(.text)
    __aeabi_idiv                             0x0001a255   Thumb Code     0  aeabi_sdiv.o(.text)
    __aeabi_idivmod                          0x0001a255   Thumb Code   326  aeabi_sdiv.o(.text)
    __use_two_region_memory                  0x0001a39b   Thumb Code     2  heapauxi.o(.text)
    __rt_heap_escrow$2region                 0x0001a39d   Thumb Code     2  heapauxi.o(.text)
    __rt_heap_expand$2region                 0x0001a39f   Thumb Code     2  heapauxi.o(.text)
    __aeabi_fdiv                             0x0001a3a1   Thumb Code     0  fdiv.o(.text)
    _fdiv                                    0x0001a3a1   Thumb Code   336  fdiv.o(.text)
    _frdiv                                   0x0001a4f1   Thumb Code     8  fdiv.o(.text)
    __aeabi_i2f_normalise                    0x0001a501   Thumb Code    72  fflti.o(.text)
    __aeabi_i2f                              0x0001a549   Thumb Code    16  fflti.o(.text)
    _fflt                                    0x0001a549   Thumb Code     0  fflti.o(.text)
    __aeabi_ui2f                             0x0001a559   Thumb Code     6  fflti.o(.text)
    _ffltu                                   0x0001a559   Thumb Code     0  fflti.o(.text)
    __user_setup_stackheap                   0x0001a55f   Thumb Code    62  sys_stackheap_outer.o(.text)
    exit                                     0x0001a59d   Thumb Code    12  exit.o(.text)
    __user_libspace                          0x0001a5a9   Thumb Code     8  libspace.o(.text)
    __user_perproc_libspace                  0x0001a5a9   Thumb Code     0  libspace.o(.text)
    __user_perthread_libspace                0x0001a5a9   Thumb Code     0  libspace.o(.text)
    _sys_exit                                0x0001a5b1   Thumb Code     8  sys_exit.o(.text)
    __I$use$semihosting                      0x0001a5bd   Thumb Code     0  use_no_semi.o(.text)
    __use_no_semihosting_swi                 0x0001a5bd   Thumb Code     2  use_no_semi.o(.text)
    __ARM_common_switch8                     0x0001a5bf   Thumb Code    28  diskio.o(i.__ARM_common_switch8)
    __semihosting_library_function           0x0001a5bf   Thumb Code     0  indicate_semi.o(.text)
    __aeabi_fmul                             0x0001a5dd   Thumb Code     0  fmul.o(x$fpl$fmul)
    _fmul                                    0x0001a5dd   Thumb Code   172  fmul.o(x$fpl$fmul)
    __I$use$fp                               0x0001a68c   Number         0  usenofp.o(x$fpl$usenofp)
    Region$$Table$$Base                      0x0001a724   Number         0  anon$$obj.o(Region$$Table)
    Region$$Table$$Limit                     0x0001a744   Number         0  anon$$obj.o(Region$$Table)
    SystemCoreClock                          0x20002000   Data           4  system_nrf51.o(.data)
    spi_base_address                         0x20002098   Data           4  spi_master.o(.data)
    __libspace_start                         0x200025a8   Data          96  libspace.o(.bss)
    __temporary_stack_top$libspace           0x20002608   Data           0  libspace.o(.bss)



==============================================================================

Memory Map of the image

  Image Entry point : 0x000140c1

  Load Region LR_IROM1 (Base: 0x00014000, Size: 0x000067e0, Max: 0x0002b000, ABSOLUTE)

    Execution Region ER_IROM1 (Base: 0x00014000, Size: 0x00006744, Max: 0x0002b000, ABSOLUTE)

    Base Addr    Size         Type   Attr      Idx    E Section Name        Object

    0x00014000   0x000000c0   Data   RO            3    RESET               arm_startup_nrf51.o
    0x000140c0   0x00000008   Code   RO          842  * !!!main             c_p.l(__main.o)
    0x000140c8   0x0000003c   Code   RO         1016    !!!scatter          c_p.l(__scatter.o)
    0x00014104   0x0000001a   Code   RO         1018    !!handler_copy      c_p.l(__scatter_copy.o)
    0x0001411e   0x00000002   PAD
    0x00014120   0x0000001c   Code   RO         1020    !!handler_zi        c_p.l(__scatter_zi.o)
    0x0001413c   0x00000002   Code   RO          888    .ARM.Collect$$libinit$$00000000  c_p.l(libinit.o)
    0x0001413e   0x00000004   Code   RO          901    .ARM.Collect$$libinit$$00000001  c_p.l(libinit2.o)
    0x00014142   0x00000000   Code   RO          905    .ARM.Collect$$libinit$$00000008  c_p.l(libinit2.o)
    0x00014142   0x00000000   Code   RO          907    .ARM.Collect$$libinit$$0000000A  c_p.l(libinit2.o)
    0x00014142   0x00000000   Code   RO          909    .ARM.Collect$$libinit$$0000000C  c_p.l(libinit2.o)
    0x00014142   0x00000000   Code   RO          912    .ARM.Collect$$libinit$$0000000F  c_p.l(libinit2.o)
    0x00014142   0x00000000   Code   RO          914    .ARM.Collect$$libinit$$00000011  c_p.l(libinit2.o)
    0x00014142   0x00000000   Code   RO          916    .ARM.Collect$$libinit$$00000013  c_p.l(libinit2.o)
    0x00014142   0x00000000   Code   RO          918    .ARM.Collect$$libinit$$00000015  c_p.l(libinit2.o)
    0x00014142   0x00000000   Code   RO          920    .ARM.Collect$$libinit$$00000017  c_p.l(libinit2.o)
    0x00014142   0x00000000   Code   RO          922    .ARM.Collect$$libinit$$00000019  c_p.l(libinit2.o)
    0x00014142   0x00000000   Code   RO          924    .ARM.Collect$$libinit$$0000001B  c_p.l(libinit2.o)
    0x00014142   0x00000000   Code   RO          926    .ARM.Collect$$libinit$$0000001D  c_p.l(libinit2.o)
    0x00014142   0x00000000   Code   RO          928    .ARM.Collect$$libinit$$0000001F  c_p.l(libinit2.o)
    0x00014142   0x00000000   Code   RO          930    .ARM.Collect$$libinit$$00000021  c_p.l(libinit2.o)
    0x00014142   0x00000000   Code   RO          932    .ARM.Collect$$libinit$$00000023  c_p.l(libinit2.o)
    0x00014142   0x00000000   Code   RO          936    .ARM.Collect$$libinit$$0000002A  c_p.l(libinit2.o)
    0x00014142   0x00000000   Code   RO          938    .ARM.Collect$$libinit$$0000002C  c_p.l(libinit2.o)
    0x00014142   0x00000000   Code   RO          940    .ARM.Collect$$libinit$$0000002E  c_p.l(libinit2.o)
    0x00014142   0x00000000   Code   RO          942    .ARM.Collect$$libinit$$00000030  c_p.l(libinit2.o)
    0x00014142   0x00000002   Code   RO          943    .ARM.Collect$$libinit$$00000031  c_p.l(libinit2.o)
    0x00014144   0x00000002   Code   RO          974    .ARM.Collect$$libshutdown$$00000000  c_p.l(libshutdown.o)
    0x00014146   0x00000000   Code   RO         1001    .ARM.Collect$$libshutdown$$00000003  c_p.l(libshutdown2.o)
    0x00014146   0x00000000   Code   RO         1004    .ARM.Collect$$libshutdown$$00000006  c_p.l(libshutdown2.o)
    0x00014146   0x00000000   Code   RO         1007    .ARM.Collect$$libshutdown$$00000009  c_p.l(libshutdown2.o)
    0x00014146   0x00000000   Code   RO         1009    .ARM.Collect$$libshutdown$$0000000B  c_p.l(libshutdown2.o)
    0x00014146   0x00000000   Code   RO         1012    .ARM.Collect$$libshutdown$$0000000E  c_p.l(libshutdown2.o)
    0x00014146   0x00000002   Code   RO         1013    .ARM.Collect$$libshutdown$$0000000F  c_p.l(libshutdown2.o)
    0x00014148   0x00000000   Code   RO          851    .ARM.Collect$$rtentry$$00000000  c_p.l(rtentry.o)
    0x00014148   0x00000000   Code   RO          858    .ARM.Collect$$rtentry$$00000002  c_p.l(rtentry2.o)
    0x00014148   0x00000006   Code   RO          870    .ARM.Collect$$rtentry$$00000004  c_p.l(rtentry4.o)
    0x0001414e   0x00000000   Code   RO          860    .ARM.Collect$$rtentry$$00000009  c_p.l(rtentry2.o)
    0x0001414e   0x00000004   Code   RO          861    .ARM.Collect$$rtentry$$0000000A  c_p.l(rtentry2.o)
    0x00014152   0x00000000   Code   RO          863    .ARM.Collect$$rtentry$$0000000C  c_p.l(rtentry2.o)
    0x00014152   0x00000008   Code   RO          864    .ARM.Collect$$rtentry$$0000000D  c_p.l(rtentry2.o)
    0x0001415a   0x00000002   Code   RO          893    .ARM.Collect$$rtexit$$00000000  c_p.l(rtexit.o)
    0x0001415c   0x00000000   Code   RO          947    .ARM.Collect$$rtexit$$00000002  c_p.l(rtexit2.o)
    0x0001415c   0x00000004   Code   RO          948    .ARM.Collect$$rtexit$$00000003  c_p.l(rtexit2.o)
    0x00014160   0x00000006   Code   RO          949    .ARM.Collect$$rtexit$$00000004  c_p.l(rtexit2.o)
    0x00014166   0x00000002   PAD
    0x00014168   0x0000001e   Code   RO          454    .emb_text           app_timer.o
    0x00014186   0x00000002   PAD
    0x00014188   0x0000001e   Code   RO          618    .emb_text           simple_uart.o
    0x000141a6   0x00000002   PAD
    0x000141a8   0x0000001e   Code   RO          648    .emb_text           nrf_delay.o
    0x000141c6   0x00000002   PAD
    0x000141c8   0x0000001e   Code   RO          672    .emb_text           twi_sw_master.o
    0x000141e6   0x00000002   PAD
    0x000141e8   0x00000038   Code   RO          828    .emb_text           c_p.l(rt_memcpy.o)
    0x00014220   0x00000048   Code   RO            4    .text               arm_startup_nrf51.o
    0x00014268   0x000000e8   Code   RO           12    .text               system_nrf51.o
    0x00014350   0x000008e8   Code   RO           70    .text               main.o
    0x00014c38   0x00000130   Code   RO          246    .text               nrf_adc.o
    0x00014d68   0x000000c0   Code   RO          269    .text               ble_srv_common.o
    0x00014e28   0x00000348   Code   RO          313    .text               ble_nus.o
    0x00015170   0x000001bc   Code   RO          358    .text               ble_error_log.o
    0x0001532c   0x00000244   Code   RO          391    .text               ble_flash.o
    0x00015570   0x000005d8   Code   RO          425    .text               ble_advdata.o
    0x00015b48   0x00000aec   Code   RO          455    .text               app_timer.o
    0x00016634   0x00000308   Code   RO          505    .text               ble_conn_params.o
    0x0001693c   0x00000118   Code   RO          547    .text               ble_stack_handler.o
    0x00016a54   0x00000044   Code   RO          587    .text               ble_debug_assert_handler.o
    0x00016a98   0x0000011c   Code   RO          619    .text               simple_uart.o
    0x00016bb4   0x0000001c   Code   RO          649    .text               nrf_delay.o
    0x00016bd0   0x00000348   Code   RO          673    .text               twi_sw_master.o
    0x00016f18   0x0000071c   Code   RO          705    .text               diskio.o
    0x00017634   0x00000004   Code   RO          749    .text               fattime.o
    0x00017638   0x0000287a   Code   RO          764    .text               ff.o
    0x00019eb2   0x00000002   PAD
    0x00019eb4   0x00000218   Code   RO          791    .text               spi_master.o
    0x0001a0cc   0x00000044   Code   RO          826    .text               c_p.l(strlen.o)
    0x0001a110   0x00000082   Code   RO          829    .text               c_p.l(rt_memcpy.o)
    0x0001a192   0x00000040   Code   RO          832    .text               c_p.l(rt_memclr.o)
    0x0001a1d2   0x00000002   PAD
    0x0001a1d4   0x0000006c   Code   RO          834    .text               c_p.l(strncpy.o)
    0x0001a240   0x0000015a   Code   RO          836    .text               c_p.l(aeabi_sdiv.o)
    0x0001a39a   0x00000006   Code   RO          840    .text               c_p.l(heapauxi.o)
    0x0001a3a0   0x00000160   Code   RO          844    .text               fz_ps.l(fdiv.o)
    0x0001a500   0x0000005e   Code   RO          847    .text               fz_ps.l(fflti.o)
    0x0001a55e   0x0000003e   Code   RO          874    .text               c_p.l(sys_stackheap_outer.o)
    0x0001a59c   0x0000000c   Code   RO          877    .text               c_p.l(exit.o)
    0x0001a5a8   0x00000008   Code   RO          889    .text               c_p.l(libspace.o)
    0x0001a5b0   0x0000000c   Code   RO          944    .text               c_p.l(sys_exit.o)
    0x0001a5bc   0x00000002   Code   RO          963    .text               c_p.l(use_no_semi.o)
    0x0001a5be   0x00000000   Code   RO          965    .text               c_p.l(indicate_semi.o)
    0x0001a5be   0x0000001c   Code   RO          722    i.__ARM_common_switch8  diskio.o
    0x0001a5da   0x00000002   PAD
    0x0001a5dc   0x000000b0   Code   RO          849    x$fpl$fmul          fz_ps.l(fmul.o)
    0x0001a68c   0x00000000   Code   RO          856    x$fpl$usenofp       fz_ps.l(usenofp.o)
    0x0001a68c   0x00000004   Data   RO           72    .constdata          main.o
    0x0001a690   0x00000010   Data   RO          314    .constdata          ble_nus.o
    0x0001a6a0   0x00000042   Data   RO          765    .constdata          ff.o
    0x0001a6e2   0x00000040   Data   RO          845    .constdata          fz_ps.l(fdiv.o)
    0x0001a722   0x00000002   PAD
    0x0001a724   0x00000020   Data   RO         1014    Region$$Table       anon$$obj.o


    Execution Region RW_IRAM1 (Base: 0x20002000, Size: 0x00001608, Max: 0x00002000, ABSOLUTE)

    Base Addr    Size         Type   Attr      Idx    E Section Name        Object

    0x20002000   0x00000004   Data   RW           13    .data               system_nrf51.o
    0x20002004   0x0000001d   Data   RW           73    .data               main.o
    0x20002021   0x00000001   Data   RW          360    .data               ble_error_log.o
    0x20002022   0x00000001   Data   RW          392    .data               ble_flash.o
    0x20002023   0x00000001   PAD
    0x20002024   0x00000028   Data   RW          456    .data               app_timer.o
    0x2000204c   0x00000019   Data   RW          507    .data               ble_conn_params.o
    0x20002065   0x00000003   PAD
    0x20002068   0x0000000e   Data   RW          548    .data               ble_stack_handler.o
    0x20002076   0x00000002   PAD
    0x20002078   0x00000008   Data   RW          589    .data               ble_debug_assert_handler.o
    0x20002080   0x0000000d   Data   RW          706    .data               diskio.o
    0x2000208d   0x00000003   PAD
    0x20002090   0x00000006   Data   RW          766    .data               ff.o
    0x20002096   0x00000002   PAD
    0x20002098   0x00000004   Data   RW          792    .data               spi_master.o
    0x2000209c   0x000002e8   Zero   RW           71    .bss                main.o
    0x20002384   0x00000188   Zero   RW          359    .bss                ble_error_log.o
    0x2000250c   0x0000001c   Zero   RW          506    .bss                ble_conn_params.o
    0x20002528   0x00000080   Zero   RW          588    .bss                ble_debug_assert_handler.o
    0x200025a8   0x00000060   Zero   RW          890    .bss                c_p.l(libspace.o)
    0x20002608   0x00000800   Zero   RW            2    HEAP                arm_startup_nrf51.o
    0x20002e08   0x00000800   Zero   RW            1    STACK               arm_startup_nrf51.o


==============================================================================

Image component sizes


      Code (inc. data)   RO Data    RW Data    ZI Data      Debug   Object Name

      2826        184          0         40          0      26069   app_timer.o
        72         32        192          0       4096        748   arm_startup_nrf51.o
      1496          6          0          0          0      12410   ble_advdata.o
       776         38          0         25         28      16770   ble_conn_params.o
        68         12          0          8        128       1347   ble_debug_assert_handler.o
       444         66          0          1        392       5440   ble_error_log.o
       580         22          0          1          0       4901   ble_flash.o
       840         10         16          0          0      26178   ble_nus.o
       192         56          0          0          0      19877   ble_srv_common.o
       280         68          0         14          0       9405   ble_stack_handler.o
      1848         52          0         13          0       7745   diskio.o
         4          0          0          0          0        438   fattime.o
     10362        130         66          6          0      28045   ff.o
      2280        174          4         29        744      75377   main.o
       304         32          0          0          0       7247   nrf_adc.o
        58          4          0          0          0       1467   nrf_delay.o
       314         16          0          0          0       4772   simple_uart.o
       536         18          0          4          0       5072   spi_master.o
       232         30          0          4          0      21757   system_nrf51.o
       870          8          0          0          0       4430   twi_sw_master.o

    ----------------------------------------------------------------------
     24394        958        310        156       5388     279495   Object Totals
         0          0         32          0          0          0   (incl. Generated)
        12          0          0         11          0          0   (incl. Padding)

    ----------------------------------------------------------------------

      Code (inc. data)   RO Data    RW Data    ZI Data      Debug   Library Member Name

         8          0          0          0          0         68   __main.o
        60          8          0          0          0          0   __scatter.o
        26          0          0          0          0          0   __scatter_copy.o
        28          0          0          0          0          0   __scatter_zi.o
       346          0          0          0          0         92   aeabi_sdiv.o
        12          0          0          0          0         64   exit.o
         6          0          0          0          0        136   heapauxi.o
         0          0          0          0          0          0   indicate_semi.o
         2          0          0          0          0          0   libinit.o
         6          0          0          0          0          0   libinit2.o
         2          0          0          0          0          0   libshutdown.o
         2          0          0          0          0          0   libshutdown2.o
         8          4          0          0         96         68   libspace.o
        64          0          0          0          0        108   rt_memclr.o
       186          0          0          0          0        144   rt_memcpy.o
         0          0          0          0          0          0   rtentry.o
        12          0          0          0          0          0   rtentry2.o
         6          0          0          0          0          0   rtentry4.o
         2          0          0          0          0          0   rtexit.o
        10          0          0          0          0          0   rtexit2.o
        68          6          0          0          0         72   strlen.o
       108          4          0          0          0         76   strncpy.o
        12          4          0          0          0         60   sys_exit.o
        62          0          0          0          0         80   sys_stackheap_outer.o
         2          0          0          0          0         68   use_no_semi.o
       352          8         64          0          0         88   fdiv.o
        94          0          0          0          0         92   fflti.o
       176          4          0          0          0         80   fmul.o
         0          0          0          0          0          0   usenofp.o

    ----------------------------------------------------------------------
      1666         38         66          0         96       1296   Library Totals
         6          0          2          0          0          0   (incl. Padding)

    ----------------------------------------------------------------------

      Code (inc. data)   RO Data    RW Data    ZI Data      Debug   Library Name

      1038         26          0          0         96       1036   c_p.l
       622         12         64          0          0        260   fz_ps.l

    ----------------------------------------------------------------------
      1666         38         66          0         96       1296   Library Totals

    ----------------------------------------------------------------------

==============================================================================


      Code (inc. data)   RO Data    RW Data    ZI Data      Debug   

     26060        996        376        156       5484     278839   Grand Totals
     26060        996        376        156       5484     278839   ELF Image Totals
     26060        996        376        156          0          0   ROM Totals

==============================================================================

    Total RO  Size (Code + RO Data)                26436 (  25.82kB)
    Total RW  Size (RW Data + ZI Data)              5640 (   5.51kB)
    Total ROM Size (Code + RO Data + RW Data)      26592 (  25.97kB)

==============================================================================

