<html>
<body>
<pre>
<h1>µVision Build Log</h1>
<h2>Project:</h2>
C:\Keil\ARM\Device\Nordic\nrf51822\Board\nrf6310\ble\ble_app_uart_sdk4.3_DevZoneFix\arm\ble_app_uart.uvproj
Project File Date:  07/05/2013

<h2>Output:</h2>
Rebuild target 'nrf51822_xxaa_s110 (256K)'
assembling arm_startup_nrf51.s...
compiling system_nrf51.c...
compiling main.c...
compiling ble_srv_common.c...
compiling ble_nus.c...
compiling ble_error_log.c...
compiling ble_flash.c...
compiling ble_advdata.c...
compiling app_timer.c...
compiling ble_conn_params.c...
compiling ble_stack_handler.c...
compiling ble_debug_assert_handler.c...
compiling simple_uart.c...
linking...
Program Size: Code=10412 RO-data=244 RW-data=112 ZI-data=5456  
FromELF: creating hex file...
".\_build\ble_app_uart.axf" - 0 Error(s), 0 Warning(s).
Load "C:\\Keil\\ARM\\Device\\Nordic\\nrf51822\\Board\\nrf6310\\ble\\ble_app_uart_sdk4.3_DevZoneFix\\arm\\_build\\ble_app_uart.AXF" 
* JLink Info: Device "NRF51822" selected (256 KB flash, 8 KB RAM).
Set JLink Project File to "C:\Keil\ARM\Device\Nordic\nrf51822\Board\nrf6310\ble\ble_app_uart_sdk4.3_DevZoneFix\arm\JLinkSettings.ini"
* JLink Info: Device "NRF51822" selected (256 KB flash, 8 KB RAM).
 
JLink info:
------------
DLL: V4.54a, compiled Sep 17 2012 15:58:45
Firmware: J-Link Lite-Cortex-M V8 compiled Aug 29 2012 15:24:23
Hardware: V8.00
S/N : 518000949 
Feature(s) : GDB 
 
Load "C:\\Keil\\ARM\\Device\\Nordic\\nrf51822\\Board\\nrf6310\\ble\\ble_app_uart_sdk4.3_DevZoneFix\\arm\\_build\\ble_app_uart.AXF" 
* JLink Info: Device "NRF51822" selected (256 KB flash, 8 KB RAM).
Set JLink Project File to "C:\Keil\ARM\Device\Nordic\nrf51822\Board\nrf6310\ble\ble_app_uart_sdk4.3_DevZoneFix\arm\JLinkSettings.ini"
* JLink Info: Device "NRF51822" selected (256 KB flash, 8 KB RAM).
 
JLink info:
------------
DLL: V4.54a, compiled Sep 17 2012 15:58:45
Firmware: J-Link Lite-Cortex-M V8 compiled Aug 29 2012 15:24:23
Hardware: V8.00
S/N : 518000949 
Feature(s) : GDB 
 
Load "C:\\Keil\\ARM\\Device\\Nordic\\nrf51822\\Board\\nrf6310\\ble\\ble_app_uart_sdk4.3_DevZoneFix\\arm\\_build\\ble_app_uart.AXF" 
* JLink Info: Device "NRF51822" selected (256 KB flash, 8 KB RAM).
Set JLink Project File to "C:\Keil\ARM\Device\Nordic\nrf51822\Board\nrf6310\ble\ble_app_uart_sdk4.3_DevZoneFix\arm\JLinkSettings.ini"
* JLink Info: Device "NRF51822" selected (256 KB flash, 8 KB RAM).
 
JLink info:
------------
DLL: V4.54a, compiled Sep 17 2012 15:58:45
Firmware: J-Link Lite-Cortex-M V8 compiled Aug 29 2012 15:24:23
Hardware: V8.00
S/N : 518000949 
Feature(s) : GDB 
 
Rebuild target 'nrf51822_xxaa_s110 (256K)'
assembling arm_startup_nrf51.s...
compiling system_nrf51.c...
compiling main.c...
compiling ble_srv_common.c...
compiling ble_nus.c...
compiling ble_error_log.c...
compiling ble_flash.c...
compiling ble_advdata.c...
compiling app_timer.c...
compiling ble_conn_params.c...
compiling ble_stack_handler.c...
compiling ble_debug_assert_handler.c...
compiling simple_uart.c...
linking...
Program Size: Code=10412 RO-data=244 RW-data=112 ZI-data=5456  
FromELF: creating hex file...
".\_build\ble_app_uart.axf" - 0 Error(s), 0 Warning(s).
Rebuild target 'nrf51822_xxaa_s110 (256K)'
assembling arm_startup_nrf51.s...
compiling system_nrf51.c...
compiling main.c...
compiling ble_srv_common.c...
compiling ble_nus.c...
compiling ble_error_log.c...
compiling ble_flash.c...
compiling ble_advdata.c...
compiling app_timer.c...
compiling ble_conn_params.c...
compiling ble_stack_handler.c...
compiling ble_debug_assert_handler.c...
compiling simple_uart.c...
linking...
Program Size: Code=10392 RO-data=244 RW-data=112 ZI-data=5456  
FromELF: creating hex file...
".\_build\ble_app_uart.axf" - 0 Error(s), 0 Warning(s).
Load "C:\\Keil\\ARM\\Device\\Nordic\\nrf51822\\Board\\nrf6310\\ble\\ble_app_uart_sdk4.3_DevZoneFix\\arm\\_build\\ble_app_uart.AXF" 
* JLink Info: Device "NRF51822" selected (256 KB flash, 8 KB RAM).
Set JLink Project File to "C:\Keil\ARM\Device\Nordic\nrf51822\Board\nrf6310\ble\ble_app_uart_sdk4.3_DevZoneFix\arm\JLinkSettings.ini"
* JLink Info: Device "NRF51822" selected (256 KB flash, 8 KB RAM).
 
JLink info:
------------
DLL: V4.54a, compiled Sep 17 2012 15:58:45
Firmware: J-Link Lite-Cortex-M V8 compiled Aug 29 2012 15:24:23
Hardware: V8.00
S/N : 518000949 
Feature(s) : GDB 
 
Rebuild target 'nrf51822_xxaa_s110 (256K)'
assembling arm_startup_nrf51.s...
compiling system_nrf51.c...
compiling main.c...
compiling ble_srv_common.c...
compiling ble_nus.c...
compiling ble_error_log.c...
compiling ble_flash.c...
compiling ble_advdata.c...
compiling app_timer.c...
compiling ble_conn_params.c...
compiling ble_stack_handler.c...
compiling ble_debug_assert_handler.c...
compiling simple_uart.c...
linking...
Program Size: Code=10392 RO-data=244 RW-data=112 ZI-data=5456  
FromELF: creating hex file...
".\_build\ble_app_uart.axf" - 0 Error(s), 0 Warning(s).
Load "C:\\Keil\\ARM\\Device\\Nordic\\nrf51822\\Board\\nrf6310\\ble\\ble_app_uart_sdk4.3_DevZoneFix\\arm\\_build\\ble_app_uart.AXF" 
* JLink Info: Device "NRF51822" selected (256 KB flash, 8 KB RAM).
Set JLink Project File to "C:\Keil\ARM\Device\Nordic\nrf51822\Board\nrf6310\ble\ble_app_uart_sdk4.3_DevZoneFix\arm\JLinkSettings.ini"
* JLink Info: Device "NRF51822" selected (256 KB flash, 8 KB RAM).
 
JLink info:
------------
DLL: V4.54a, compiled Sep 17 2012 15:58:45
Firmware: J-Link Lite-Cortex-M V8 compiled Aug 29 2012 15:24:23
Hardware: V8.00
S/N : 518000949 
Feature(s) : GDB 
 
Rebuild target 'nrf51822_xxaa_s110 (256K)'
assembling arm_startup_nrf51.s...
compiling system_nrf51.c...
compiling main.c...
compiling ble_srv_common.c...
compiling ble_nus.c...
compiling ble_error_log.c...
compiling ble_flash.c...
compiling ble_advdata.c...
compiling app_timer.c...
compiling ble_conn_params.c...
compiling ble_stack_handler.c...
compiling ble_debug_assert_handler.c...
compiling simple_uart.c...
linking...
Program Size: Code=10392 RO-data=244 RW-data=112 ZI-data=5456  
FromELF: creating hex file...
".\_build\ble_app_uart.axf" - 0 Error(s), 0 Warning(s).
Load "C:\\Keil\\ARM\\Device\\Nordic\\nrf51822\\Board\\nrf6310\\ble\\ble_app_uart_sdk4.3_DevZoneFix\\arm\\_build\\ble_app_uart.AXF" 
* JLink Info: Device "NRF51822" selected (256 KB flash, 8 KB RAM).
Set JLink Project File to "C:\Keil\ARM\Device\Nordic\nrf51822\Board\nrf6310\ble\ble_app_uart_sdk4.3_DevZoneFix\arm\JLinkSettings.ini"
* JLink Info: Device "NRF51822" selected (256 KB flash, 8 KB RAM).
 
JLink info:
------------
DLL: V4.54a, compiled Sep 17 2012 15:58:45
Firmware: J-Link Lite-Cortex-M V8 compiled Aug 29 2012 15:24:23
Hardware: V8.00
S/N : 518000949 
Feature(s) : GDB 
 
Load "C:\\Keil\\ARM\\Device\\Nordic\\nrf51822\\Board\\nrf6310\\ble\\ble_app_uart_sdk4.3_DevZoneFix\\arm\\_build\\ble_app_uart.AXF" 
* JLink Info: Device "NRF51822" selected (256 KB flash, 8 KB RAM).
Set JLink Project File to "C:\Keil\ARM\Device\Nordic\nrf51822\Board\nrf6310\ble\ble_app_uart_sdk4.3_DevZoneFix\arm\JLinkSettings.ini"
* JLink Info: Device "NRF51822" selected (256 KB flash, 8 KB RAM).
 
JLink info:
------------
DLL: V4.54a, compiled Sep 17 2012 15:58:45
Firmware: J-Link Lite-Cortex-M V8 compiled Aug 29 2012 15:24:23
Hardware: V8.00
S/N : 518000949 
Feature(s) : GDB 
 
* JLink Info: Found SWD-DP with ID 0x0BB11477
* JLink Info: FPUnit: 4 code (BP) slots and 0 literal slots
* JLink Info: Found Cortex-M0 r0p0, Little endian.
ROMTableAddr = 0xE00FF003
 
Target info:
------------
Device: nRF51822_xxAA
VTarget = 3.190V
State of Pins: 
TCK: 0, TDI: 0, TDO: 0, TMS: 1, TRES: 1, TRST: 1
Hardware-Breakpoints: 4
Software-Breakpoints: 8192
Watchpoints:          2
JTAG speed: 1000 kHz
 
Erase Done.
Programming Failed!
