<html>
<body>
<pre>
<h1>µVision Build Log</h1>
<h2>Project:</h2>
C:\Users\95909\Dropbox\Nordic\nrf51822\Board\nrf6310\ble\ble_app_mpu_sdcard\arm\ble_app_uart.uvproj
Project File Date:  03/27/2015

<h2>Output:</h2>
Rebuild target 'nrf51822_xxaa_s110 (256K)'
assembling arm_startup_nrf51.s...
compiling system_nrf51.c...
compiling main.c...
compiling ble_init.c...
compiling mpu_config.c...
compiling sdcard_manage.c...
..\sdcard_manage.c(18): warning:  #188-D: enumerated type mixed with another type
                res = f_printf(&p_sdcard_fileio->fdst, "%s %02d.%02d. %02d:%02d:%02d.%02d\n", buffer, buf[5], buf[4], buf[3], buf[2], buf[1], buf[0]);
..\sdcard_manage.c: 1 warning, 0 errors
compiling ble_srv_common.c...
compiling ble_mps.c...
compiling ble_bas.c...
compiling ble_error_log.c...
compiling ble_flash.c...
compiling ble_advdata.c...
compiling app_timer.c...
compiling ble_conn_params.c...
compiling ble_stack_handler.c...
compiling ble_debug_assert_handler.c...
compiling nrf_adc.c...
compiling twi_sw_master.c...
compiling nrf_delay.c...
compiling diskio.c...
compiling fattime.c...
compiling ff.c...
compiling spi_master.c...
linking...
Program Size: Code=31284 RO-data=648 RW-data=172 ZI-data=7252  
FromELF: creating hex file...
".\_build\ble_app_uart.axf" - 0 Error(s), 1 Warning(s).
Load "C:\\Users\\95909\\Dropbox\\Nordic\\nrf51822\\Board\\nrf6310\\ble\\ble_app_mpu_sdcard\\arm\\_build\\ble_app_uart.axf" 
* JLink Info: Device "NRF51822_XXAA" selected (257 KB flash, 16 KB RAM).
Set JLink Project File to "C:\Users\95909\Dropbox\Nordic\nrf51822\Board\nrf6310\ble\ble_app_mpu_sdcard\arm\JLinkSettings.ini"
* JLink Info: Device "NRF51822_XXAA" selected (257 KB flash, 16 KB RAM).
 
JLink info:
------------
DLL: V4.86a, compiled Jun 11 2014 17:22:49
Firmware: J-Link Lite-Cortex-M V8 compiled Aug 29 2012 15:24:23
Hardware: V8.00
S/N : 518005439 
Feature(s) : GDB 
 
* JLink Info: Found SWD-DP with ID 0x0BB11477
* JLink Info: Found Cortex-M0 r0p0, Little endian.
* JLink Info: FPUnit: 4 code (BP) slots and 0 literal slots
ROMTableAddr = 0xE00FF003
 
Target info:
------------
Device: nRF51822_xxAA
VTarget = 3.300V
State of Pins: 
TCK: 0, TDI: 0, TDO: 1, TMS: 1, TRES: 1, TRST: 1
Hardware-Breakpoints: 4
Software-Breakpoints: 8192
Watchpoints:          2
JTAG speed: 1000 kHz
 
Erase Done.
Programming Done.
Verify OK.
Application running ...
</pre>
</body>
</html>
