Product: MDK-ARM Standard 5.10
Component: ARM Compiler 5.04 update 1 (build 49)
Tool: armlink [5040049]

==============================================================================

Section Cross References

    arm_startup_nrf51.o(STACK) refers (Special) to heapauxi.o(.text) for __use_two_region_memory
    arm_startup_nrf51.o(HEAP) refers (Special) to heapauxi.o(.text) for __use_two_region_memory
    arm_startup_nrf51.o(RESET) refers (Special) to heapauxi.o(.text) for __use_two_region_memory
    arm_startup_nrf51.o(RESET) refers to arm_startup_nrf51.o(STACK) for __initial_sp
    arm_startup_nrf51.o(RESET) refers to arm_startup_nrf51.o(.text) for Reset_Handler
    arm_startup_nrf51.o(RESET) refers to app_timer.o(.text) for RTC1_IRQHandler
    arm_startup_nrf51.o(RESET) refers to ble_stack_handler.o(.text) for SWI2_IRQHandler
    arm_startup_nrf51.o(.text) refers (Special) to heapauxi.o(.text) for __use_two_region_memory
    arm_startup_nrf51.o(.text) refers to system_nrf51.o(.text) for SystemInit
    arm_startup_nrf51.o(.text) refers to __main.o(!!!main) for __main
    arm_startup_nrf51.o(.text) refers to arm_startup_nrf51.o(HEAP) for Heap_Mem
    arm_startup_nrf51.o(.text) refers to arm_startup_nrf51.o(STACK) for Stack_Mem
    system_nrf51.o(.text) refers to system_nrf51.o(.data) for SystemCoreClock
    main.o(.text) refers to h1_alloc.o(.text) for malloc
    main.o(.text) refers to h1_free.o(.text) for free
    main.o(.text) refers to ble_debug_assert_handler.o(.text) for ble_debug_assert_handler
    main.o(.text) refers to rt_memclr.o(.text) for __aeabi_memclr
    main.o(.text) refers to app_timer.o(.text) for app_timer_init
    main.o(.text) refers to nrf_adc.o(.text) for nrf_adc_init
    main.o(.text) refers to ble_bas.o(.text) for ble_bas_battery_level_update
    main.o(.text) refers to mpu_config.o(.text) for mpu_config_command
    main.o(.text) refers to nrf_delay.o(.text) for nrf_delay_ms
    main.o(.text) refers to spi_master.o(.text) for spi_master_init
    main.o(.text) refers to ble_init.o(.text) for ble_init
    main.o(.text) refers to sdcard_manage.o(.text) for sdcard_fs_init
    main.o(.text) refers to main.o(.bss) for m_ble_init
    main.o(.text) refers to main.o(.data) for LED_BLINK_ON
    ble_init.o(.text) refers to main.o(.text) for app_error_handler
    ble_init.o(.text) refers to rt_memclr.o(.text) for __aeabi_memclr4
    ble_init.o(.text) refers to ble_advdata.o(.text) for ble_advdata_set
    ble_init.o(.text) refers to ble_mps.o(.text) for ble_mps_init
    ble_init.o(.text) refers to ble_bas.o(.text) for ble_bas_init
    ble_init.o(.text) refers to ble_conn_params.o(.text) for ble_conn_params_init
    ble_init.o(.text) refers to rt_memcpy.o(.text) for __aeabi_memcpy
    ble_init.o(.text) refers to ble_init.o(.constdata) for .constdata
    ble_init.o(.text) refers to ble_init.o(.data) for p_ble_init
    ble_init.o(.text) refers to ble_init.o(.bss) for m_auth_status
    ble_init.o(.text) refers to ble_stack_handler.o(.text) for ble_stack_handler_init
    mpu_config.o(.text) refers to twi_sw_master.o(.text) for twi_master_transfer
    mpu_config.o(.text) refers to nrf_delay.o(.text) for nrf_delay_ms
    mpu_config.o(.text) refers to mpu_config.o(i.__ARM_common_switch8) for __ARM_common_switch8
    mpu_config.o(.text) refers to mpu_config.o(.data) for p_mpu_config
    sdcard_manage.o(.text) refers to ble_mps.o(.text) for get_time
    sdcard_manage.o(.text) refers to ff.o(.text) for f_lseek
    sdcard_manage.o(.text) refers to h1_alloc.o(.text) for malloc
    sdcard_manage.o(.text) refers to strlen.o(.text) for strlen
    sdcard_manage.o(.text) refers to rt_memcpy.o(.text) for __aeabi_memcpy
    sdcard_manage.o(.text) refers to atoi.o(.text) for atoi
    sdcard_manage.o(.text) refers to sdcard_manage.o(.data) for p_sdcard_fileio
    sdcard_manage.o(.text) refers to mpu_config.o(.text) for get_mpu_measurement
    sdcard_manage.o(.text) refers to aeabi_sdiv.o(.text) for __aeabi_idivmod
    sdcard_manage.o(.text) refers to nrf_delay.o(.text) for nrf_delay_ms
    ble_srv_common.o(.text) refers to main.o(.text) for app_error_handler
    ble_srv_common.o(.text) refers to strlen.o(.text) for strlen
    ble_mps.o(.text) refers to h1_alloc.o(.text) for malloc
    ble_mps.o(.text) refers to rt_memcpy.o(.text) for __aeabi_memcpy
    ble_mps.o(.text) refers to app_timer.o(.text) for app_timer_start
    ble_mps.o(.text) refers to h1_free.o(.text) for free
    ble_mps.o(.text) refers to aeabi_sdiv.o(.text) for __aeabi_idivmod
    ble_mps.o(.text) refers to sdcard_manage.o(.text) for stop_record
    ble_mps.o(.text) refers to strncpy.o(.text) for strncpy
    ble_mps.o(.text) refers to rt_memclr.o(.text) for __aeabi_memclr4
    ble_mps.o(.text) refers to ble_mps.o(.data) for p_ble_mps
    ble_mps.o(.text) refers to ble_mps.o(.constdata) for .constdata
    ble_bas.o(.text) refers to rt_memclr.o(.text) for __aeabi_memclr4
[...]
    ../clib/heapalloc.c                      0x00000000   Number         0  hrguard.o ABSOLUTE
    ../clib/heapalloc.c                      0x00000000   Number         0  maybetermalloc2.o ABSOLUTE
    ../clib/heapalloc.c                      0x00000000   Number         0  term_alloc.o ABSOLUTE
    ../clib/heapalloc.c                      0x00000000   Number         0  init_alloc.o ABSOLUTE
    ../clib/heapalloc.c                      0x00000000   Number         0  heapstubs.o ABSOLUTE
    ../clib/heapalloc.c                      0x00000000   Number         0  hguard.o ABSOLUTE
    ../clib/heapalloc.c                      0x00000000   Number         0  maybetermalloc1.o ABSOLUTE
    ../clib/heapaux.c                        0x00000000   Number         0  heapauxi.o ABSOLUTE
    ../clib/heapaux.c                        0x00000000   Number         0  heapauxa.o ABSOLUTE
    ../clib/libinit.s                        0x00000000   Number         0  libinit2.o ABSOLUTE
    ../clib/libinit.s                        0x00000000   Number         0  libshutdown.o ABSOLUTE
    ../clib/libinit.s                        0x00000000   Number         0  libinit.o ABSOLUTE
    ../clib/libinit.s                        0x00000000   Number         0  libshutdown2.o ABSOLUTE
    ../clib/locale.s                         0x00000000   Number         0  lc_ctype_c.o ABSOLUTE
    ../clib/memcpset.c                       0x00000000   Number         0  rt_memclr.o ABSOLUTE
    ../clib/memcpset.c                       0x00000000   Number         0  rt_memcpy.o ABSOLUTE
    ../clib/memcpset.c                       0x00000000   Number         0  rt_memcpy.o ABSOLUTE
    ../clib/scanf.c                          0x00000000   Number         0  strtol.o ABSOLUTE
    ../clib/scanf.c                          0x00000000   Number         0  _chval.o ABSOLUTE
    ../clib/scanf.c                          0x00000000   Number         0  _strtoul.o ABSOLUTE
    ../clib/scanf.c                          0x00000000   Number         0  atoi.o ABSOLUTE
    ../clib/signal.c                         0x00000000   Number         0  defsig_pvfn_inner.o ABSOLUTE
    ../clib/signal.c                         0x00000000   Number         0  defsig_rtmem_outer.o ABSOLUTE
    ../clib/signal.c                         0x00000000   Number         0  defsig_cppl_inner.o ABSOLUTE
    ../clib/signal.c                         0x00000000   Number         0  defsig_segv_inner.o ABSOLUTE
    ../clib/signal.c                         0x00000000   Number         0  defsig_general.o ABSOLUTE
    ../clib/signal.c                         0x00000000   Number         0  defsig_other.o ABSOLUTE
    ../clib/signal.c                         0x00000000   Number         0  __raise.o ABSOLUTE
    ../clib/signal.c                         0x00000000   Number         0  defsig_rtmem_inner.o ABSOLUTE
    ../clib/signal.c                         0x00000000   Number         0  defsig_fpe_formal.o ABSOLUTE
    ../clib/signal.c                         0x00000000   Number         0  defsig_rtmem_formal.o ABSOLUTE
    ../clib/signal.c                         0x00000000   Number         0  defsig_fpe_inner.o ABSOLUTE
    ../clib/signal.c                         0x00000000   Number         0  defsig_fpe_outer.o ABSOLUTE
    ../clib/signal.c                         0x00000000   Number         0  defsig_exit.o ABSOLUTE
    ../clib/signal.c                         0x00000000   Number         0  defsig_abrt_inner.o ABSOLUTE
    ../clib/signal.c                         0x00000000   Number         0  defsig_rtred_inner.o ABSOLUTE
    ../clib/signal.c                         0x00000000   Number         0  defsig_stak_inner.o ABSOLUTE
    ../clib/signal.s                         0x00000000   Number         0  defsig.o ABSOLUTE
    ../clib/stdlib.c                         0x00000000   Number         0  exit.o ABSOLUTE
    ../clib/string.c                         0x00000000   Number         0  strcmp.o ABSOLUTE
    ../clib/string.c                         0x00000000   Number         0  strncpy.o ABSOLUTE
    ../clib/string.c                         0x00000000   Number         0  strlen.o ABSOLUTE
    ../fplib/cfplib/fdiv.c                   0x00000000   Number         0  fdiv.o ABSOLUTE
    ../fplib/cfplib/fflt.c                   0x00000000   Number         0  fflti.o ABSOLUTE
    ../fplib/cfplib/fpinit.c                 0x00000000   Number         0  fpinit.o ABSOLUTE
    ../fplib/fmul6m.s                        0x00000000   Number         0  fmul.o ABSOLUTE
    ../fplib/usenofp.s                       0x00000000   Number         0  usenofp.o ABSOLUTE
    ..\..\..\..\..\Source\app_common\app_timer.c 0x00000000   Number         0  app_timer.o ABSOLUTE
    ..\..\..\..\..\Source\ble\ble_advdata.c  0x00000000   Number         0  ble_advdata.o ABSOLUTE
    ..\..\..\..\..\Source\ble\ble_conn_params.c 0x00000000   Number         0  ble_conn_params.o ABSOLUTE
    ..\..\..\..\..\Source\ble\ble_debug_assert_handler.c 0x00000000   Number         0  ble_debug_assert_handler.o ABSOLUTE
    ..\..\..\..\..\Source\ble\ble_error_log.c 0x00000000   Number         0  ble_error_log.o ABSOLUTE
    ..\..\..\..\..\Source\ble\ble_flash.c    0x00000000   Number         0  ble_flash.o ABSOLUTE
    ..\..\..\..\..\Source\ble\ble_services\ble_bas.c 0x00000000   Number         0  ble_bas.o ABSOLUTE
    ..\..\..\..\..\Source\ble\ble_services\ble_srv_common.c 0x00000000   Number         0  ble_srv_common.o ABSOLUTE
    ..\..\..\..\..\Source\ble\ble_stack_handler.c 0x00000000   Number         0  ble_stack_handler.o ABSOLUTE
    ..\..\..\..\..\Source\nrf_delay\nrf_delay.c 0x00000000   Number         0  nrf_delay.o ABSOLUTE
    ..\..\..\..\..\Source\spi_master\spi_master.c 0x00000000   Number         0  spi_master.o ABSOLUTE
    ..\..\..\..\..\Source\templates\arm\arm_startup_nrf51.s 0x00000000   Number         0  arm_startup_nrf51.o ABSOLUTE
    ..\..\..\..\..\Source\templates\system_nrf51.c 0x00000000   Number         0  system_nrf51.o ABSOLUTE
    ..\..\..\..\..\Source\twi_master\twi_sw_master.c 0x00000000   Number         0  twi_sw_master.o ABSOLUTE
    ..\\..\\..\\..\\..\\Source\\app_common\\app_timer.c 0x00000000   Number         0  app_timer.o ABSOLUTE
    ..\\..\\..\\..\\..\\Source\\ble\\ble_advdata.c 0x00000000   Number         0  ble_advdata.o ABSOLUTE
    ..\\..\\..\\..\\..\\Source\\ble\\ble_conn_params.c 0x00000000   Number         0  ble_conn_params.o ABSOLUTE
    ..\\..\\..\\..\\..\\Source\\ble\\ble_debug_assert_handler.c 0x00000000   Number         0  ble_debug_assert_handler.o ABSOLUTE
    ..\\..\\..\\..\\..\\Source\\ble\\ble_error_log.c 0x00000000   Number         0  ble_error_log.o ABSOLUTE
    ..\\..\\..\\..\\..\\Source\\ble\\ble_flash.c 0x00000000   Number         0  ble_flash.o ABSOLUTE
    ..\\..\\..\\..\\..\\Source\\ble\\ble_services\\ble_bas.c 0x00000000   Number         0  ble_bas.o ABSOLUTE
    ..\\..\\..\\..\\..\\Source\\ble\\ble_services\\ble_srv_common.c 0x00000000   Number         0  ble_srv_common.o ABSOLUTE
    ..\\..\\..\\..\\..\\Source\\ble\\ble_stack_handler.c 0x00000000   Number         0  ble_stack_handler.o ABSOLUTE
    ..\\..\\..\\..\\..\\Source\\nrf_delay\\nrf_delay.c 0x00000000   Number         0  nrf_delay.o ABSOLUTE
    ..\\..\\..\\..\\..\\Source\\spi_master\\spi_master.c 0x00000000   Number         0  spi_master.o ABSOLUTE
    ..\\..\\..\\..\\..\\Source\\templates\\system_nrf51.c 0x00000000   Number         0  system_nrf51.o ABSOLUTE
    ..\\..\\..\\..\\..\\Source\\twi_master\\twi_sw_master.c 0x00000000   Number         0  twi_sw_master.o ABSOLUTE
    ..\\ble_init.c                           0x00000000   Number         0  ble_init.o ABSOLUTE
    ..\\ble_mps.c                            0x00000000   Number         0  ble_mps.o ABSOLUTE
    ..\\main.c                               0x00000000   Number         0  main.o ABSOLUTE
    ..\\mpu_config.c                         0x00000000   Number         0  mpu_config.o ABSOLUTE
    ..\\nrf_adc.c                            0x00000000   Number         0  nrf_adc.o ABSOLUTE
    ..\\sd_filesystem_src\\diskio.c          0x00000000   Number         0  diskio.o ABSOLUTE
    ..\\sdcard_manage.c                      0x00000000   Number         0  sdcard_manage.o ABSOLUTE
    ..\ble_init.c                            0x00000000   Number         0  ble_init.o ABSOLUTE
    ..\ble_mps.c                             0x00000000   Number         0  ble_mps.o ABSOLUTE
    ..\main.c                                0x00000000   Number         0  main.o ABSOLUTE
    ..\mpu_config.c                          0x00000000   Number         0  mpu_config.o ABSOLUTE
    ..\nrf_adc.c                             0x00000000   Number         0  nrf_adc.o ABSOLUTE
    ..\sd_filesystem_src\diskio.c            0x00000000   Number         0  diskio.o ABSOLUTE
    ..\sd_filesystem_src\fattime.c           0x00000000   Number         0  fattime.o ABSOLUTE
    ..\sd_filesystem_src\ff.c                0x00000000   Number         0  ff.o ABSOLUTE
    ..\sdcard_manage.c                       0x00000000   Number         0  sdcard_manage.o ABSOLUTE
    dc.s                                     0x00000000   Number         0  dc.o ABSOLUTE
    RESET                                    0x00014000   Section      192  arm_startup_nrf51.o(RESET)
    !!!main                                  0x000140c0   Section        8  __main.o(!!!main)
    !!!scatter                               0x000140c8   Section       60  __scatter.o(!!!scatter)
    !!handler_copy                           0x00014104   Section       26  __scatter_copy.o(!!handler_copy)
    !!handler_zi                             0x00014120   Section       28  __scatter_zi.o(!!handler_zi)
    .ARM.Collect$$libinit$$00000000          0x0001413c   Section        2  libinit.o(.ARM.Collect$$libinit$$00000000)
    .ARM.Collect$$libinit$$00000001          0x0001413e   Section        4  libinit2.o(.ARM.Collect$$libinit$$00000001)
    .ARM.Collect$$libinit$$00000003          0x00014142   Section        8  libinit2.o(.ARM.Collect$$libinit$$00000003)
    .ARM.Collect$$libinit$$00000008          0x0001414a   Section        0  libinit2.o(.ARM.Collect$$libinit$$00000008)
    .ARM.Collect$$libinit$$0000000A          0x0001414a   Section        0  libinit2.o(.ARM.Collect$$libinit$$0000000A)
    .ARM.Collect$$libinit$$0000000C          0x0001414a   Section        0  libinit2.o(.ARM.Collect$$libinit$$0000000C)
    .ARM.Collect$$libinit$$0000000D          0x0001414a   Section        6  libinit2.o(.ARM.Collect$$libinit$$0000000D)
    .ARM.Collect$$libinit$$0000000F          0x00014150   Section        0  libinit2.o(.ARM.Collect$$libinit$$0000000F)
    .ARM.Collect$$libinit$$00000010          0x00014150   Section       12  libinit2.o(.ARM.Collect$$libinit$$00000010)
    .ARM.Collect$$libinit$$00000011          0x0001415c   Section        0  libinit2.o(.ARM.Collect$$libinit$$00000011)
    .ARM.Collect$$libinit$$00000013          0x0001415c   Section        0  libinit2.o(.ARM.Collect$$libinit$$00000013)
    .ARM.Collect$$libinit$$00000015          0x0001415c   Section        0  libinit2.o(.ARM.Collect$$libinit$$00000015)
    .ARM.Collect$$libinit$$00000017          0x0001415c   Section        0  libinit2.o(.ARM.Collect$$libinit$$00000017)
    .ARM.Collect$$libinit$$00000019          0x0001415c   Section        0  libinit2.o(.ARM.Collect$$libinit$$00000019)
    .ARM.Collect$$libinit$$0000001B          0x0001415c   Section        0  libinit2.o(.ARM.Collect$$libinit$$0000001B)
    .ARM.Collect$$libinit$$0000001D          0x0001415c   Section        0  libinit2.o(.ARM.Collect$$libinit$$0000001D)
    .ARM.Collect$$libinit$$0000001F          0x0001415c   Section        0  libinit2.o(.ARM.Collect$$libinit$$0000001F)
    .ARM.Collect$$libinit$$00000021          0x0001415c   Section        0  libinit2.o(.ARM.Collect$$libinit$$00000021)
    .ARM.Collect$$libinit$$00000023          0x0001415c   Section        0  libinit2.o(.ARM.Collect$$libinit$$00000023)
    .ARM.Collect$$libinit$$0000002A          0x0001415c   Section        0  libinit2.o(.ARM.Collect$$libinit$$0000002A)
    .ARM.Collect$$libinit$$0000002C          0x0001415c   Section        0  libinit2.o(.ARM.Collect$$libinit$$0000002C)
    .ARM.Collect$$libinit$$0000002E          0x0001415c   Section        0  libinit2.o(.ARM.Collect$$libinit$$0000002E)
    .ARM.Collect$$libinit$$00000030          0x0001415c   Section        0  libinit2.o(.ARM.Collect$$libinit$$00000030)
    .ARM.Collect$$libinit$$00000031          0x0001415c   Section        2  libinit2.o(.ARM.Collect$$libinit$$00000031)
    .ARM.Collect$$libshutdown$$00000000      0x0001415e   Section        2  libshutdown.o(.ARM.Collect$$libshutdown$$00000000)
    .ARM.Collect$$libshutdown$$00000003      0x00014160   Section        0  libshutdown2.o(.ARM.Collect$$libshutdown$$00000003)
    .ARM.Collect$$libshutdown$$00000006      0x00014160   Section        0  libshutdown2.o(.ARM.Collect$$libshutdown$$00000006)
    .ARM.Collect$$libshutdown$$00000009      0x00014160   Section        0  libshutdown2.o(.ARM.Collect$$libshutdown$$00000009)
    .ARM.Collect$$libshutdown$$0000000B      0x00014160   Section        0  libshutdown2.o(.ARM.Collect$$libshutdown$$0000000B)
    .ARM.Collect$$libshutdown$$0000000E      0x00014160   Section        0  libshutdown2.o(.ARM.Collect$$libshutdown$$0000000E)
    .ARM.Collect$$libshutdown$$0000000F      0x00014160   Section        2  libshutdown2.o(.ARM.Collect$$libshutdown$$0000000F)
    .ARM.Collect$$rtentry$$00000000          0x00014162   Section        0  rtentry.o(.ARM.Collect$$rtentry$$00000000)
    .ARM.Collect$$rtentry$$00000002          0x00014162   Section        0  rtentry2.o(.ARM.Collect$$rtentry$$00000002)
    .ARM.Collect$$rtentry$$00000004          0x00014162   Section        6  rtentry4.o(.ARM.Collect$$rtentry$$00000004)
    .ARM.Collect$$rtentry$$00000009          0x00014168   Section        0  rtentry2.o(.ARM.Collect$$rtentry$$00000009)
    .ARM.Collect$$rtentry$$0000000A          0x00014168   Section        4  rtentry2.o(.ARM.Collect$$rtentry$$0000000A)
    .ARM.Collect$$rtentry$$0000000C          0x0001416c   Section        0  rtentry2.o(.ARM.Collect$$rtentry$$0000000C)
    .ARM.Collect$$rtentry$$0000000D          0x0001416c   Section        8  rtentry2.o(.ARM.Collect$$rtentry$$0000000D)
    .ARM.Collect$$rtexit$$00000000           0x00014174   Section        2  rtexit.o(.ARM.Collect$$rtexit$$00000000)
    .ARM.Collect$$rtexit$$00000002           0x00014176   Section        0  rtexit2.o(.ARM.Collect$$rtexit$$00000002)
    .ARM.Collect$$rtexit$$00000003           0x00014176   Section        4  rtexit2.o(.ARM.Collect$$rtexit$$00000003)
    .ARM.Collect$$rtexit$$00000004           0x0001417a   Section        6  rtexit2.o(.ARM.Collect$$rtexit$$00000004)
    .emb_text                                0x00014180   Section       30  app_timer.o(.emb_text)
    .emb_text                                0x000141a0   Section       30  twi_sw_master.o(.emb_text)
    .emb_text                                0x000141c0   Section       30  nrf_delay.o(.emb_text)
    .emb_text                                0x000141e0   Section       56  rt_memcpy.o(.emb_text)
    .emb_text                                0x00014218   Section        0  maybetermalloc1.o(.emb_text)
    .text                                    0x00014218   Section       72  arm_startup_nrf51.o(.text)
    .text                                    0x00014260   Section        0  system_nrf51.o(.text)
    is_disabled_in_debug_needed              0x00014269   Thumb Code    52  system_nrf51.o(.text)
    is_manual_peripheral_setup_needed        0x0001429d   Thumb Code   104  system_nrf51.o(.text)
    .text                                    0x00014348   Section        0  main.o(.text)
    leds_init                                0x000143bd   Thumb Code    56  main.o(.text)
    buttons_init                             0x000143f5   Thumb Code    26  main.o(.text)
    clock_tick_handler                       0x0001440f   Thumb Code   132  main.o(.text)
    timers_init                              0x00014493   Thumb Code    84  main.o(.text)
    timers_start                             0x000144e7   Thumb Code    42  main.o(.text)
    battery_level_update                     0x0001453d   Thumb Code    52  main.o(.text)
    command_handler                          0x00014571   Thumb Code    72  main.o(.text)
    time_handler                             0x000145b9   Thumb Code    50  main.o(.text)
    power_manage                             0x000145eb   Thumb Code    32  main.o(.text)
    nrf_gpio_pin_set                         0x000146b5   Thumb Code    10  main.o(.text)
    nrf_gpio_pin_clear                       0x000146bf   Thumb Code    10  main.o(.text)
    .text                                    0x0001471c   Section        0  ble_init.o(.text)
    gap_params_init                          0x0001471d   Thumb Code   122  ble_init.o(.text)
    advertising_init                         0x00014797   Thumb Code   106  ble_init.o(.text)
    services_init                            0x00014801   Thumb Code   262  ble_init.o(.text)
    sec_params_init                          0x00014907   Thumb Code    94  ble_init.o(.text)
    on_conn_params_evt                       0x00014965   Thumb Code    60  ble_init.o(.text)
    conn_params_error_handler                0x000149a1   Thumb Code    20  ble_init.o(.text)
    conn_params_init                         0x000149b5   Thumb Code    82  ble_init.o(.text)
    on_ble_evt                               0x00014a4f   Thumb Code   344  ble_init.o(.text)
    ble_evt_dispatch                         0x00014ba7   Thumb Code    30  ble_init.o(.text)
    ble_stack_init                           0x00014bc5   Thumb Code    52  ble_init.o(.text)
    nrf_gpio_pin_set                         0x00014c39   Thumb Code    10  ble_init.o(.text)
    nrf_gpio_pin_clear                       0x00014c43   Thumb Code    10  ble_init.o(.text)
    .text                                    0x00014c74   Section        0  mpu_config.o(.text)
    .text                                    0x00014eb4   Section        0  sdcard_manage.o(.text)
    appends_current                          0x00014eb5   Thumb Code    96  sdcard_manage.o(.text)
    .text                                    0x000154b4   Section        0  ble_srv_common.o(.text)
    .text                                    0x00015574   Section        0  ble_mps.o(.text)
    on_connect                               0x0001562f   Thumb Code    34  ble_mps.o(.text)
    on_disconnect                            0x00015651   Thumb Code    32  ble_mps.o(.text)
    on_write                                 0x00015671   Thumb Code   198  ble_mps.o(.text)
    records_char_add                         0x00015771   Thumb Code   292  ble_mps.o(.text)
    message_char_add                         0x00015895   Thumb Code   334  ble_mps.o(.text)
    mode_char_add                            0x000159e3   Thumb Code   220  ble_mps.o(.text)
    cmd_char_add                             0x00015abf   Thumb Code   210  ble_mps.o(.text)
    time_char_add                            0x00015b91   Thumb Code   220  ble_mps.o(.text)
    .text                                    0x00015d24   Section        0  ble_bas.o(.text)
    on_connect                               0x00015d25   Thumb Code     6  ble_bas.o(.text)
    on_disconnect                            0x00015d2b   Thumb Code     8  ble_bas.o(.text)
    on_write                                 0x00015d33   Thumb Code    80  ble_bas.o(.text)
    battery_level_char_add                   0x00015dbd   Thumb Code   448  ble_bas.o(.text)
    .text                                    0x00016044   Section        0  ble_error_log.o(.text)
    fetch_stack                              0x00016045   Thumb Code    38  ble_error_log.o(.text)
    .text                                    0x00016200   Section        0  ble_flash.o(.text)
    flash_page_erase                         0x00016241   Thumb Code    48  ble_flash.o(.text)
    flash_word_unprotected_write             0x00016271   Thumb Code    46  ble_flash.o(.text)
    flash_word_write                         0x0001629f   Thumb Code    64  ble_flash.o(.text)
    .text                                    0x00016444   Section        0  ble_advdata.o(.text)
    name_encode                              0x00016445   Thumb Code   106  ble_advdata.o(.text)
    appearance_encode                        0x000164af   Thumb Code    74  ble_advdata.o(.text)
    uint8_array_encode                       0x000164f9   Thumb Code    82  ble_advdata.o(.text)
    tx_power_level_encode                    0x0001654b   Thumb Code    48  ble_advdata.o(.text)
    uuid_list_sized_encode                   0x0001657b   Thumb Code   196  ble_advdata.o(.text)
    uuid_list_encode                         0x0001663f   Thumb Code    64  ble_advdata.o(.text)
    conn_int_check                           0x0001667f   Thumb Code    88  ble_advdata.o(.text)
    conn_int_encode                          0x000166d7   Thumb Code    92  ble_advdata.o(.text)
    manuf_specific_data_encode               0x00016733   Thumb Code   106  ble_advdata.o(.text)
    service_data_encode                      0x0001679d   Thumb Code   140  ble_advdata.o(.text)
    adv_data_encode                          0x00016829   Thumb Code   304  ble_advdata.o(.text)
    advdata_check                            0x00016959   Thumb Code    34  ble_advdata.o(.text)
    srdata_check                             0x0001697b   Thumb Code    16  ble_advdata.o(.text)
    uint16_encode                            0x00016a05   Thumb Code    18  ble_advdata.o(.text)
    .text                                    0x00016a1c   Section        0  app_timer.o(.text)
    NVIC_SetPriority                         0x00016a1d   Thumb Code   110  app_timer.o(.text)
    rtc1_init                                0x00016a8b   Thumb Code    18  app_timer.o(.text)
    rtc1_start                               0x00016a9d   Thumb Code    42  app_timer.o(.text)
    rtc1_stop                                0x00016ac7   Thumb Code    44  app_timer.o(.text)
    timer_list_insert                        0x00016af3   Thumb Code   212  app_timer.o(.text)
    timer_list_remove                        0x00016bc7   Thumb Code   156  app_timer.o(.text)
    timer_timeouts_check_sched               0x00016c63   Thumb Code    10  app_timer.o(.text)
    timer_list_handler_sched                 0x00016c6d   Thumb Code    10  app_timer.o(.text)
    timeout_handler_exec                     0x00016c77   Thumb Code    60  app_timer.o(.text)
    timer_timeouts_check                     0x00016cb3   Thumb Code   132  app_timer.o(.text)
    elapsed_ticks_acquire                    0x00016d37   Thumb Code    82  app_timer.o(.text)
    list_deletions_handler                   0x00016d89   Thumb Code   280  app_timer.o(.text)
    expired_timers_handler                   0x00016ea1   Thumb Code   100  app_timer.o(.text)
    list_insertions_handler                  0x00016f05   Thumb Code   264  app_timer.o(.text)
    compare_reg_update                       0x0001700d   Thumb Code   128  app_timer.o(.text)
    timer_list_handler                       0x0001708d   Thumb Code    70  app_timer.o(.text)
    user_op_enque                            0x000170d3   Thumb Code     4  app_timer.o(.text)
    user_op_alloc                            0x000170d7   Thumb Code    44  app_timer.o(.text)
    timer_start_op_schedule                  0x00017103   Thumb Code    80  app_timer.o(.text)
    timer_stop_op_schedule                   0x00017153   Thumb Code    58  app_timer.o(.text)
    timer_stop_all_op_schedule               0x0001718d   Thumb Code    58  app_timer.o(.text)
    user_id_get                              0x00017353   Thumb Code    34  app_timer.o(.text)
    NVIC_EnableIRQ                           0x00017451   Thumb Code    14  app_timer.o(.text)
    NVIC_SetPendingIRQ                       0x0001745f   Thumb Code    14  app_timer.o(.text)
    NVIC_ClearPendingIRQ                     0x0001746d   Thumb Code    16  app_timer.o(.text)
    current_int_priority_get                 0x0001747d   Thumb Code    84  app_timer.o(.text)
    rtc1_counter_get                         0x000174d1   Thumb Code     6  app_timer.o(.text)
    ticks_diff_get                           0x000174d7   Thumb Code    10  app_timer.o(.text)
    .text                                    0x00017508   Section        0  ble_conn_params.o(.text)
    is_conn_params_ok                        0x00017509   Thumb Code    30  ble_conn_params.o(.text)
    update_timeout_handler                   0x00017527   Thumb Code   136  ble_conn_params.o(.text)
    conn_params_negotiation                  0x00017615   Thumb Code   126  ble_conn_params.o(.text)
    on_connect                               0x00017693   Thumb Code    42  ble_conn_params.o(.text)
    on_disconnect                            0x000176bd   Thumb Code    50  ble_conn_params.o(.text)
    on_write                                 0x000176ef   Thumb Code    84  ble_conn_params.o(.text)
    on_conn_params_update                    0x00017743   Thumb Code    20  ble_conn_params.o(.text)
    .text                                    0x00017810   Section        0  ble_stack_handler.o(.text)
    softdevice_assertion_handler             0x00017811   Thumb Code    18  ble_stack_handler.o(.text)
    .text                                    0x00017928   Section        0  ble_debug_assert_handler.o(.text)
    .text                                    0x0001796c   Section        0  nrf_adc.o(.text)
    NVIC_SetPriority                         0x00017a0f   Thumb Code   110  nrf_adc.o(.text)
    .text                                    0x00017a9c   Section        0  twi_sw_master.o(.text)
    twi_master_clear_bus                     0x00017a9d   Thumb Code   142  twi_sw_master.o(.text)
    twi_master_wait_while_scl_low            0x00017b71   Thumb Code    38  twi_sw_master.o(.text)
    twi_master_issue_stopcondition           0x00017b97   Thumb Code    52  twi_sw_master.o(.text)
    twi_master_clock_byte                    0x00017bcb   Thumb Code   176  twi_sw_master.o(.text)
    twi_master_clock_byte_in                 0x00017c7b   Thumb Code   156  twi_sw_master.o(.text)
    twi_master_issue_startcondition          0x00017d17   Thumb Code    70  twi_sw_master.o(.text)
    .text                                    0x00017de4   Section        0  nrf_delay.o(.text)
    .text                                    0x00017e00   Section        0  diskio.o(.text)
    interface_speed                          0x00017e01   Thumb Code    30  diskio.o(.text)
    rcvr_spi                                 0x00017e1f   Thumb Code    10  diskio.o(.text)
    wait_ready                               0x00017e29   Thumb Code    36  diskio.o(.text)
    release_spi                              0x00017e4d   Thumb Code     8  diskio.o(.text)
    power_on                                 0x00017e55   Thumb Code     2  diskio.o(.text)
    power_off                                0x00017e57   Thumb Code     2  diskio.o(.text)
    rcvr_datablock                           0x00017e59   Thumb Code   100  diskio.o(.text)
    xmit_datablock                           0x00017ebd   Thumb Code    90  diskio.o(.text)
    send_cmd                                 0x00017f17   Thumb Code   148  diskio.o(.text)
    .text                                    0x0001851c   Section        0  fattime.o(.text)
    .text                                    0x00018520   Section        0  ff.o(.text)
    mem_cpy                                  0x00018521   Thumb Code    26  ff.o(.text)
    mem_set                                  0x0001853b   Thumb Code    20  ff.o(.text)
    mem_cmp                                  0x0001854f   Thumb Code    42  ff.o(.text)
    chk_chr                                  0x00018579   Thumb Code    22  ff.o(.text)
    move_window                              0x0001858f   Thumb Code   118  ff.o(.text)
    sync                                     0x00018605   Thumb Code   300  ff.o(.text)
    remove_chain                             0x0001898b   Thumb Code   108  ff.o(.text)
    create_chain                             0x000189f7   Thumb Code   194  ff.o(.text)
    dir_seek                                 0x00018ad3   Thumb Code   156  ff.o(.text)
    dir_next                                 0x00018b6f   Thumb Code   288  ff.o(.text)
    dir_find                                 0x00018c8f   Thumb Code    98  ff.o(.text)
    dir_read                                 0x00018cf1   Thumb Code    90  ff.o(.text)
    dir_register                             0x00018d4b   Thumb Code   126  ff.o(.text)
    dir_remove                               0x00018dc9   Thumb Code    48  ff.o(.text)
    create_name                              0x00018df9   Thumb Code   340  ff.o(.text)
    get_fileinfo                             0x00018f4d   Thumb Code   144  ff.o(.text)
    follow_path                              0x00018fdd   Thumb Code   182  ff.o(.text)
    check_fs                                 0x00019093   Thumb Code   150  ff.o(.text)
    validate                                 0x0001949b   Thumb Code    48  ff.o(.text)
    .text                                    0x0001aec8   Section        0  spi_master.o(.text)
    nrf_gpio_cfg_output                      0x0001b095   Thumb Code    18  spi_master.o(.text)
    nrf_gpio_cfg_input                       0x0001b0a7   Thumb Code    20  spi_master.o(.text)
    nrf_gpio_pin_set                         0x0001b0bb   Thumb Code    10  spi_master.o(.text)
    nrf_gpio_pin_clear                       0x0001b0c5   Thumb Code    10  spi_master.o(.text)
    .text                                    0x0001b0e0   Section        0  h1_alloc.o(.text)
    .text                                    0x0001b142   Section        0  h1_free.o(.text)
    .text                                    0x0001b18e   Section        0  atoi.o(.text)
    .text                                    0x0001b1a8   Section        0  strlen.o(.text)
    .text                                    0x0001b1ec   Section        0  rt_memcpy.o(.text)
    .text                                    0x0001b26e   Section        0  rt_memclr.o(.text)
    .text                                    0x0001b2b0   Section        0  strncpy.o(.text)
    .text                                    0x0001b31c   Section      346  aeabi_sdiv.o(.text)
    .text                                    0x0001b476   Section        0  heapauxi.o(.text)
    .text                                    0x0001b47c   Section        0  fdiv.o(.text)
    .text                                    0x0001b5dc   Section        0  fflti.o(.text)
    .text                                    0x0001b63c   Section        8  rt_heap_descriptor_intlibspace.o(.text)
    .text                                    0x0001b644   Section        8  rt_errno_addr_intlibspace.o(.text)
    .text                                    0x0001b64c   Section        0  hguard.o(.text)
    .text                                    0x0001b650   Section        0  init_alloc.o(.text)
    .text                                    0x0001b6d8   Section        0  h1_init.o(.text)
    .text                                    0x0001b6e8   Section        0  strtol.o(.text)
    .text                                    0x0001b758   Section        8  libspace.o(.text)
    .text                                    0x0001b760   Section       16  rt_ctype_table.o(.text)
    .text                                    0x0001b770   Section        0  h1_extend.o(.text)
    .text                                    0x0001b7a4   Section        0  _strtoul.o(.text)
    .text                                    0x0001b84a   Section        0  defsig_rtmem_outer.o(.text)
    .text                                    0x0001b856   Section        2  use_no_semi.o(.text)
    .text                                    0x0001b858   Section       62  sys_stackheap_outer.o(.text)
    .text                                    0x0001b858   Section        0  indicate_semi.o(.text)
    .text                                    0x0001b898   Section        8  rt_locale_intlibspace.o(.text)
    .text                                    0x0001b8a0   Section        0  _chval.o(.text)
    .text                                    0x0001b8be   Section        0  exit.o(.text)
    .text                                    0x0001b8ca   Section        0  defsig_exit.o(.text)
    .text                                    0x0001b8d8   Section        0  defsig_rtmem_inner.o(.text)
    .text                                    0x0001b928   Section        0  sys_exit.o(.text)
    .text                                    0x0001b934   Section        0  defsig_general.o(.text)
    .text                                    0x0001b968   Section        0  strcmp.o(.text)
    .text                                    0x0001b9f0   Section        0  sys_wrch.o(.text)
    i.__ARM_common_switch8                   0x0001b9fc   Section        0  mpu_config.o(i.__ARM_common_switch8)
    locale$$code                             0x0001ba18   Section       44  lc_ctype_c.o(locale$$code)
    x$fpl$fmul                               0x0001ba44   Section      176  fmul.o(x$fpl$fmul)
    .constdata                               0x0001baf4   Section        4  ble_init.o(.constdata)
    x$fpl$usenofp                            0x0001baf4   Section        0  usenofp.o(x$fpl$usenofp)
    .constdata                               0x0001baf8   Section       16  ble_mps.o(.constdata)
    .constdata                               0x0001bb08   Section       66  ff.o(.constdata)
    sstbl                                    0x0001bb08   Data          44  ff.o(.constdata)
    cstbl                                    0x0001bb34   Data          22  ff.o(.constdata)
    .constdata                               0x0001bb4a   Section       64  fdiv.o(.constdata)
    fdiv_tab                                 0x0001bb4a   Data          64  fdiv.o(.constdata)
    locale$$data                             0x0001bbac   Section      272  lc_ctype_c.o(locale$$data)
    __lcctype_c_name                         0x0001bbb0   Data           2  lc_ctype_c.o(locale$$data)
    __lcctype_c_start                        0x0001bbb8   Data           0  lc_ctype_c.o(locale$$data)
    __lcctype_c_end                          0x0001bcbc   Data           0  lc_ctype_c.o(locale$$data)
    .data                                    0x20002000   Section        4  system_nrf51.o(.data)
    __tagsym$$used                           0x20002000   Number         0  system_nrf51.o(.data)
    .data                                    0x20002004   Section        6  main.o(.data)
    m_clock_timer_id                         0x20002004   Data           4  main.o(.data)
    adc_data                                 0x20002008   Data           1  main.o(.data)
    LED_BLINK_ON                             0x20002009   Data           1  main.o(.data)
    .data                                    0x2000200c   Section        8  ble_init.o(.data)
    p_ble_init                               0x2000200c   Data           4  ble_init.o(.data)
    adv_attempts                             0x20002010   Data           4  ble_init.o(.data)
    .data                                    0x20002014   Section        4  mpu_config.o(.data)
    p_mpu_config                             0x20002014   Data           4  mpu_config.o(.data)
    .data                                    0x20002018   Section       20  sdcard_manage.o(.data)
    p_mpu_config                             0x20002018   Data           4  sdcard_manage.o(.data)
    p_sdcard_fileio                          0x2000201c   Data           4  sdcard_manage.o(.data)
    start_time                               0x20002020   Data           6  sdcard_manage.o(.data)
    data_num                                 0x20002028   Data           4  sdcard_manage.o(.data)
    .data                                    0x2000202c   Section        4  ble_mps.o(.data)
    .data                                    0x20002030   Section        1  ble_error_log.o(.data)
    m_ble_log_clear_flag                     0x20002030   Data           1  ble_error_log.o(.data)
    .data                                    0x20002031   Section        1  ble_flash.o(.data)
    m_radio_active                           0x20002031   Data           1  ble_flash.o(.data)
    .data                                    0x20002034   Section       40  app_timer.o(.data)
    m_node_array_size                        0x20002034   Data           1  app_timer.o(.data)
    mp_nodes                                 0x20002038   Data           4  app_timer.o(.data)
    m_user_array_size                        0x2000203c   Data           1  app_timer.o(.data)
    mp_users                                 0x20002040   Data           4  app_timer.o(.data)
    m_timer_id_head                          0x20002044   Data           4  app_timer.o(.data)
    m_ticks_latest                           0x20002048   Data           4  app_timer.o(.data)
    m_ticks_elapsed                          0x2000204c   Data           8  app_timer.o(.data)
    m_ticks_elapsed_q_read_ind               0x20002054   Data           1  app_timer.o(.data)
    m_ticks_elapsed_q_write_ind              0x20002055   Data           1  app_timer.o(.data)
    m_evt_schedule_func                      0x20002058   Data           4  app_timer.o(.data)
    .data                                    0x2000205c   Section       25  ble_conn_params.o(.data)
    m_preferred_conn_params                  0x2000205c   Data           8  ble_conn_params.o(.data)
    m_update_count                           0x20002064   Data           1  ble_conn_params.o(.data)
    m_conn_handle                            0x20002066   Data           2  ble_conn_params.o(.data)
    m_current_conn_params                    0x20002068   Data           8  ble_conn_params.o(.data)
    m_conn_params_timer_id                   0x20002070   Data           4  ble_conn_params.o(.data)
    m_change_param                           0x20002074   Data           1  ble_conn_params.o(.data)
    .data                                    0x20002078   Section       14  ble_stack_handler.o(.data)
    m_evt_handler                            0x20002078   Data           4  ble_stack_handler.o(.data)
    m_evt_schedule_func                      0x2000207c   Data           4  ble_stack_handler.o(.data)
    m_evt_buffer                             0x20002080   Data           4  ble_stack_handler.o(.data)
    m_evt_buffer_size                        0x20002084   Data           2  ble_stack_handler.o(.data)
    .data                                    0x20002088   Section        8  ble_debug_assert_handler.o(.data)
    s_line_num                               0x20002088   Data           2  ble_debug_assert_handler.o(.data)
    s_error_code                             0x2000208c   Data           4  ble_debug_assert_handler.o(.data)
    .data                                    0x20002090   Section       13  diskio.o(.data)
    Stat                                     0x20002090   Data           1  diskio.o(.data)
    Timer1                                   0x20002094   Data           4  diskio.o(.data)
    Timer2                                   0x20002098   Data           4  diskio.o(.data)
    CardType                                 0x2000209c   Data           1  diskio.o(.data)
    .data                                    0x200020a0   Section        7  ff.o(.data)
    FatFs                                    0x200020a0   Data           4  ff.o(.data)
    Fsid                                     0x200020a4   Data           2  ff.o(.data)
    Drive                                    0x200020a6   Data           1  ff.o(.data)
    .data                                    0x200020a8   Section        4  spi_master.o(.data)
    .bss                                     0x200020ac   Section     2380  main.o(.bss)
    m_ble_init                               0x200020ac   Data         104  main.o(.bss)
    m_mpu_config                             0x20002114   Data          16  main.o(.bss)
    APP_TIMER_BUF                            0x200027b8   Data         576  main.o(.bss)
    .bss                                     0x200029f8   Section      132  ble_init.o(.bss)
    m_auth_status                            0x200029f8   Data          50  ble_init.o(.bss)
    EVT_BUFFER                               0x20002a2c   Data          80  ble_init.o(.bss)
    .bss                                     0x20002a7c   Section      392  ble_error_log.o(.bss)
    m_ble_error_log                          0x20002a7c   Data         392  ble_error_log.o(.bss)
    .bss                                     0x20002c04   Section       28  ble_conn_params.o(.bss)
    m_conn_params_config                     0x20002c04   Data          28  ble_conn_params.o(.bss)
    .bss                                     0x20002c20   Section      128  ble_debug_assert_handler.o(.bss)
    s_file_name                              0x20002c20   Data         128  ble_debug_assert_handler.o(.bss)
    .bss                                     0x20002ca0   Section       96  libspace.o(.bss)
    HEAP                                     0x20002d00   Section     2048  arm_startup_nrf51.o(HEAP)
    Heap_Mem                                 0x20002d00   Data        2048  arm_startup_nrf51.o(HEAP)
    STACK                                    0x20003500   Section     2048  arm_startup_nrf51.o(STACK)
    Stack_Mem                                0x20003500   Data        2048  arm_startup_nrf51.o(STACK)
    __initial_sp                             0x20003d00   Data           0  arm_startup_nrf51.o(STACK)

    Global Symbols

    Symbol Name                              Value     Ov Type        Size  Object(Section)

    BuildAttributes$$THM_ISAv3M$S$PE$A:L22$X:L11$S22$IEEE1$IW$USESV6$~STKCKD$USESV7$ENUMINT$~SHL$OTIME$ROPI$EBA8$UX$STANDARDLIB$REQ8$PRES8$EABIv2 0x00000000   Number         0  anon$$obj.o ABSOLUTE
    __ARM_use_no_argv                        0x00000000   Number         0  main.o ABSOLUTE
    __ARM_exceptions_init                     - Undefined Weak Reference
    __alloca_initialize                       - Undefined Weak Reference
    __cpp_initialize__aeabi_                  - Undefined Weak Reference
    __cxa_finalize                            - Undefined Weak Reference
    __sigvec_lookup                           - Undefined Weak Reference
    __user_heap_extent                        - Undefined Weak Reference
    _atexit_init                              - Undefined Weak Reference
    _call_atexit_fns                          - Undefined Weak Reference
    _clock_init                               - Undefined Weak Reference
    _fp_trap_init                             - Undefined Weak Reference
    _fp_trap_shutdown                         - Undefined Weak Reference
    _get_lc_collate                           - Undefined Weak Reference
    _get_lc_monetary                          - Undefined Weak Reference
    _get_lc_numeric                           - Undefined Weak Reference
    _get_lc_time                              - Undefined Weak Reference
    _getenv_init                              - Undefined Weak Reference
    _handle_redirection                       - Undefined Weak Reference
    _initio                                   - Undefined Weak Reference
    _mutex_acquire                            - Undefined Weak Reference
    _mutex_free                               - Undefined Weak Reference
    _mutex_release                            - Undefined Weak Reference
    _rand_init                                - Undefined Weak Reference
    _signal_finish                            - Undefined Weak Reference
    _signal_init                              - Undefined Weak Reference
    _terminateio                              - Undefined Weak Reference
    __Vectors_Size                           0x000000c0   Number         0  arm_startup_nrf51.o ABSOLUTE
    __Vectors                                0x00014000   Data           4  arm_startup_nrf51.o(RESET)
    __Vectors_End                            0x000140c0   Data           0  arm_startup_nrf51.o(RESET)
    __main                                   0x000140c1   Thumb Code     8  __main.o(!!!main)
    __scatterload                            0x000140c9   Thumb Code     0  __scatter.o(!!!scatter)
    __scatterload_rt2                        0x000140c9   Thumb Code    52  __scatter.o(!!!scatter)
    __scatterload_rt2_thumb_only             0x000140c9   Thumb Code     0  __scatter.o(!!!scatter)
    __scatterload_null                       0x000140d9   Thumb Code     0  __scatter.o(!!!scatter)
    __scatterload_copy                       0x00014105   Thumb Code    26  __scatter_copy.o(!!handler_copy)
    __scatterload_zeroinit                   0x00014121   Thumb Code    28  __scatter_zi.o(!!handler_zi)
    __rt_lib_init                            0x0001413d   Thumb Code     0  libinit.o(.ARM.Collect$$libinit$$00000000)
    __rt_lib_init_fp_1                       0x0001413f   Thumb Code     0  libinit2.o(.ARM.Collect$$libinit$$00000001)
    __rt_lib_init_heap_2                     0x00014143   Thumb Code     0  libinit2.o(.ARM.Collect$$libinit$$00000003)
    __rt_lib_init_heap_1                     0x0001414b   Thumb Code     0  libinit2.o(.ARM.Collect$$libinit$$00000008)
    __rt_lib_init_lc_common                  0x0001414b   Thumb Code     0  libinit2.o(.ARM.Collect$$libinit$$0000000D)
    __rt_lib_init_rand_1                     0x0001414b   Thumb Code     0  libinit2.o(.ARM.Collect$$libinit$$0000000C)
    __rt_lib_init_user_alloc_1               0x0001414b   Thumb Code     0  libinit2.o(.ARM.Collect$$libinit$$0000000A)
    __rt_lib_init_lc_collate_1               0x00014151   Thumb Code     0  libinit2.o(.ARM.Collect$$libinit$$0000000F)
    __rt_lib_init_lc_ctype_2                 0x00014151   Thumb Code     0  libinit2.o(.ARM.Collect$$libinit$$00000010)
    __rt_lib_init_alloca_1                   0x0001415d   Thumb Code     0  libinit2.o(.ARM.Collect$$libinit$$0000002C)
    __rt_lib_init_argv_1                     0x0001415d   Thumb Code     0  libinit2.o(.ARM.Collect$$libinit$$0000002A)
    __rt_lib_init_atexit_1                   0x0001415d   Thumb Code     0  libinit2.o(.ARM.Collect$$libinit$$00000019)
    __rt_lib_init_clock_1                    0x0001415d   Thumb Code     0  libinit2.o(.ARM.Collect$$libinit$$0000001F)
    __rt_lib_init_cpp_1                      0x0001415d   Thumb Code     0  libinit2.o(.ARM.Collect$$libinit$$00000030)
    __rt_lib_init_exceptions_1               0x0001415d   Thumb Code     0  libinit2.o(.ARM.Collect$$libinit$$0000002E)
    __rt_lib_init_fp_trap_1                  0x0001415d   Thumb Code     0  libinit2.o(.ARM.Collect$$libinit$$0000001D)
    __rt_lib_init_getenv_1                   0x0001415d   Thumb Code     0  libinit2.o(.ARM.Collect$$libinit$$00000021)
    __rt_lib_init_lc_ctype_1                 0x0001415d   Thumb Code     0  libinit2.o(.ARM.Collect$$libinit$$00000011)
    __rt_lib_init_lc_monetary_1              0x0001415d   Thumb Code     0  libinit2.o(.ARM.Collect$$libinit$$00000013)
    __rt_lib_init_lc_numeric_1               0x0001415d   Thumb Code     0  libinit2.o(.ARM.Collect$$libinit$$00000015)
    __rt_lib_init_lc_time_1                  0x0001415d   Thumb Code     0  libinit2.o(.ARM.Collect$$libinit$$00000017)
    __rt_lib_init_return                     0x0001415d   Thumb Code     0  libinit2.o(.ARM.Collect$$libinit$$00000031)
    __rt_lib_init_signal_1                   0x0001415d   Thumb Code     0  libinit2.o(.ARM.Collect$$libinit$$0000001B)
    __rt_lib_init_stdio_1                    0x0001415d   Thumb Code     0  libinit2.o(.ARM.Collect$$libinit$$00000023)
    __rt_lib_shutdown                        0x0001415f   Thumb Code     0  libshutdown.o(.ARM.Collect$$libshutdown$$00000000)
    __rt_lib_shutdown_fp_trap_1              0x00014161   Thumb Code     0  libshutdown2.o(.ARM.Collect$$libshutdown$$00000006)
    __rt_lib_shutdown_heap_1                 0x00014161   Thumb Code     0  libshutdown2.o(.ARM.Collect$$libshutdown$$0000000E)
    __rt_lib_shutdown_return                 0x00014161   Thumb Code     0  libshutdown2.o(.ARM.Collect$$libshutdown$$0000000F)
    __rt_lib_shutdown_signal_1               0x00014161   Thumb Code     0  libshutdown2.o(.ARM.Collect$$libshutdown$$00000009)
    __rt_lib_shutdown_stdio_1                0x00014161   Thumb Code     0  libshutdown2.o(.ARM.Collect$$libshutdown$$00000003)
    __rt_lib_shutdown_user_alloc_1           0x00014161   Thumb Code     0  libshutdown2.o(.ARM.Collect$$libshutdown$$0000000B)
    __rt_entry                               0x00014163   Thumb Code     0  rtentry.o(.ARM.Collect$$rtentry$$00000000)
    __rt_entry_presh_1                       0x00014163   Thumb Code     0  rtentry2.o(.ARM.Collect$$rtentry$$00000002)
    __rt_entry_sh                            0x00014163   Thumb Code     0  rtentry4.o(.ARM.Collect$$rtentry$$00000004)
    __rt_entry_li                            0x00014169   Thumb Code     0  rtentry2.o(.ARM.Collect$$rtentry$$0000000A)
    __rt_entry_postsh_1                      0x00014169   Thumb Code     0  rtentry2.o(.ARM.Collect$$rtentry$$00000009)
    __rt_entry_main                          0x0001416d   Thumb Code     0  rtentry2.o(.ARM.Collect$$rtentry$$0000000D)
    __rt_entry_postli_1                      0x0001416d   Thumb Code     0  rtentry2.o(.ARM.Collect$$rtentry$$0000000C)
    __rt_exit                                0x00014175   Thumb Code     0  rtexit.o(.ARM.Collect$$rtexit$$00000000)
    __rt_exit_ls                             0x00014177   Thumb Code     0  rtexit2.o(.ARM.Collect$$rtexit$$00000003)
    __rt_exit_prels_1                        0x00014177   Thumb Code     0  rtexit2.o(.ARM.Collect$$rtexit$$00000002)
    __rt_exit_exit                           0x0001417b   Thumb Code     0  rtexit2.o(.ARM.Collect$$rtexit$$00000004)
    __asm___11_app_timer_c_cd27f9c3__nrf_delay_us 0x00014181   Thumb Code    30  app_timer.o(.emb_text)
    __asm___15_twi_sw_master_c_959ec897__nrf_delay_us 0x000141a1   Thumb Code    30  twi_sw_master.o(.emb_text)
    __asm___11_nrf_delay_c_532987f3__nrf_delay_us 0x000141c1   Thumb Code    30  nrf_delay.o(.emb_text)
    __aeabi_memcpy4                          0x000141e1   Thumb Code    56  rt_memcpy.o(.emb_text)
    __aeabi_memcpy8                          0x000141e1   Thumb Code     0  rt_memcpy.o(.emb_text)
    Reset_Handler                            0x00014219   Thumb Code    18  arm_startup_nrf51.o(.text)
    _maybe_terminate_alloc                   0x00014219   Thumb Code     0  maybetermalloc1.o(.emb_text)
    NMI_Handler                              0x0001422b   Thumb Code     2  arm_startup_nrf51.o(.text)
    HardFault_Handler                        0x0001422d   Thumb Code     2  arm_startup_nrf51.o(.text)
    SVC_Handler                              0x0001422f   Thumb Code     2  arm_startup_nrf51.o(.text)
    PendSV_Handler                           0x00014231   Thumb Code     2  arm_startup_nrf51.o(.text)
    SysTick_Handler                          0x00014233   Thumb Code     2  arm_startup_nrf51.o(.text)
    ADC_IRQHandler                           0x00014235   Thumb Code     0  arm_startup_nrf51.o(.text)
    CCM_AAR_IRQHandler                       0x00014235   Thumb Code     0  arm_startup_nrf51.o(.text)
    ECB_IRQHandler                           0x00014235   Thumb Code     0  arm_startup_nrf51.o(.text)
    GPIOTE_IRQHandler                        0x00014235   Thumb Code     0  arm_startup_nrf51.o(.text)
    LPCOMP_COMP_IRQHandler                   0x00014235   Thumb Code     0  arm_startup_nrf51.o(.text)
    POWER_CLOCK_IRQHandler                   0x00014235   Thumb Code     0  arm_startup_nrf51.o(.text)
    QDEC_IRQHandler                          0x00014235   Thumb Code     0  arm_startup_nrf51.o(.text)
    RADIO_IRQHandler                         0x00014235   Thumb Code     0  arm_startup_nrf51.o(.text)
    RNG_IRQHandler                           0x00014235   Thumb Code     0  arm_startup_nrf51.o(.text)
    RTC0_IRQHandler                          0x00014235   Thumb Code     0  arm_startup_nrf51.o(.text)
    SPI0_TWI0_IRQHandler                     0x00014235   Thumb Code     0  arm_startup_nrf51.o(.text)
    SPI1_TWI1_IRQHandler                     0x00014235   Thumb Code     0  arm_startup_nrf51.o(.text)
    SWI1_IRQHandler                          0x00014235   Thumb Code     0  arm_startup_nrf51.o(.text)
    SWI3_IRQHandler                          0x00014235   Thumb Code     0  arm_startup_nrf51.o(.text)
    SWI4_IRQHandler                          0x00014235   Thumb Code     0  arm_startup_nrf51.o(.text)
    SWI5_IRQHandler                          0x00014235   Thumb Code     0  arm_startup_nrf51.o(.text)
    TEMP_IRQHandler                          0x00014235   Thumb Code     0  arm_startup_nrf51.o(.text)
    TIMER0_IRQHandler                        0x00014235   Thumb Code     0  arm_startup_nrf51.o(.text)
    TIMER1_IRQHandler                        0x00014235   Thumb Code     0  arm_startup_nrf51.o(.text)
    TIMER2_IRQHandler                        0x00014235   Thumb Code     0  arm_startup_nrf51.o(.text)
    UART0_IRQHandler                         0x00014235   Thumb Code     0  arm_startup_nrf51.o(.text)
    WDT_IRQHandler                           0x00014235   Thumb Code     0  arm_startup_nrf51.o(.text)
    __user_initial_stackheap                 0x00014239   Thumb Code     0  arm_startup_nrf51.o(.text)
    SystemCoreClockUpdate                    0x00014261   Thumb Code     8  system_nrf51.o(.text)
    SystemInit                               0x00014305   Thumb Code    38  system_nrf51.o(.text)
    blink                                    0x00014349   Thumb Code    72  main.o(.text)
    app_error_handler                        0x00014391   Thumb Code    26  main.o(.text)
    assert_nrf_callback                      0x000143ab   Thumb Code    18  main.o(.text)
    adc_init                                 0x00014511   Thumb Code    44  main.o(.text)
    main                                     0x0001460b   Thumb Code   170  main.o(.text)
    advertising_start                        0x00014a07   Thumb Code    72  ble_init.o(.text)
    ble_init                                 0x00014bf9   Thumb Code    64  ble_init.o(.text)
    i2c_write                                0x00014c75   Thumb Code    26  mpu_config.o(.text)
    i2c_read                                 0x00014c8f   Thumb Code   100  mpu_config.o(.text)
    mpu_config_command                       0x00014cf3   Thumb Code   212  mpu_config.o(.text)
    get_mpu_measurement                      0x00014dc7   Thumb Code   106  mpu_config.o(.text)
    mpu9150_init                             0x00014e31   Thumb Code   124  mpu_config.o(.text)
    open_file_w                              0x00014f15   Thumb Code    94  sdcard_manage.o(.text)
    update_records_char                      0x00014f73   Thumb Code    60  sdcard_manage.o(.text)
    sdcard_fs_init                           0x00014faf   Thumb Code   156  sdcard_manage.o(.text)
    start_record                             0x0001504b   Thumb Code   420  sdcard_manage.o(.text)
    stop_record                              0x000151ef   Thumb Code   510  sdcard_manage.o(.text)
    record                                   0x000153ed   Thumb Code   172  sdcard_manage.o(.text)
    ble_srv_report_ref_encode                0x000154b5   Thumb Code    60  ble_srv_common.o(.text)
    ble_srv_ascii_to_utf8                    0x000154f1   Thumb Code    18  ble_srv_common.o(.text)
    HEX2ASCII_Hi                             0x00015503   Thumb Code    30  ble_srv_common.o(.text)
    HEX2ASCII_Low                            0x00015521   Thumb Code    28  ble_srv_common.o(.text)
    set_mps_records                          0x00015575   Thumb Code    24  ble_mps.o(.text)
    get_mps_message                          0x0001558d   Thumb Code    24  ble_mps.o(.text)
    get_time                                 0x000155a5   Thumb Code    68  ble_mps.o(.text)
    get_time_str                             0x000155e9   Thumb Code    70  ble_mps.o(.text)
    ble_mps_on_ble_evt                       0x00015737   Thumb Code    58  ble_mps.o(.text)
    ble_mps_init                             0x00015c6d   Thumb Code   166  ble_mps.o(.text)
    ble_bas_on_ble_evt                       0x00015d83   Thumb Code    58  ble_bas.o(.text)
    ble_bas_init                             0x00015f7d   Thumb Code    66  ble_bas.o(.text)
    ble_bas_battery_level_update             0x00015fbf   Thumb Code   118  ble_bas.o(.text)
    ble_error_log_write                      0x0001606b   Thumb Code    98  ble_error_log.o(.text)
    ble_error_log_read                       0x000160cd   Thumb Code   174  ble_error_log.o(.text)
    ble_error_log_clear                      0x0001617b   Thumb Code     8  ble_error_log.o(.text)
    ble_error_log_init                       0x00016183   Thumb Code    60  ble_error_log.o(.text)
    ble_flash_crc16_compute                  0x00016201   Thumb Code    64  ble_flash.o(.text)
    ble_flash_word_write                     0x000162df   Thumb Code    18  ble_flash.o(.text)
    ble_flash_block_write                    0x000162f1   Thumb Code    36  ble_flash.o(.text)
    ble_flash_page_erase                     0x00016315   Thumb Code    26  ble_flash.o(.text)
    ble_flash_page_write                     0x0001632f   Thumb Code   120  ble_flash.o(.text)
    ble_flash_page_read                      0x000163a7   Thumb Code   112  ble_flash.o(.text)
    ble_flash_page_addr                      0x00016417   Thumb Code    18  ble_flash.o(.text)
    ble_flash_on_radio_active_evt            0x00016429   Thumb Code     6  ble_flash.o(.text)
    ble_advdata_set                          0x0001698b   Thumb Code   122  ble_advdata.o(.text)
    RTC1_IRQHandler                          0x000171c7   Thumb Code    34  app_timer.o(.text)
    SWI0_IRQHandler                          0x000171e9   Thumb Code     8  app_timer.o(.text)
    app_timer_init                           0x000171f1   Thumb Code   246  app_timer.o(.text)
    app_timer_create                         0x000172e7   Thumb Code   108  app_timer.o(.text)
    app_timer_start                          0x00017375   Thumb Code    98  app_timer.o(.text)
    app_timer_stop                           0x000173d7   Thumb Code    60  app_timer.o(.text)
    app_timer_stop_all                       0x00017413   Thumb Code    26  app_timer.o(.text)
    app_timer_cnt_get                        0x0001742d   Thumb Code    14  app_timer.o(.text)
    app_timer_cnt_diff_compute               0x0001743b   Thumb Code    22  app_timer.o(.text)
    ble_conn_params_init                     0x000175af   Thumb Code    90  ble_conn_params.o(.text)
    ble_conn_params_stop                     0x00017609   Thumb Code    12  ble_conn_params.o(.text)
    ble_conn_params_on_ble_evt               0x00017757   Thumb Code    62  ble_conn_params.o(.text)
    ble_conn_params_change_conn_params       0x00017795   Thumb Code    86  ble_conn_params.o(.text)
    ble_stack_handler_init                   0x00017823   Thumb Code    84  ble_stack_handler.o(.text)
    intern_ble_stack_events_execute          0x00017877   Thumb Code    60  ble_stack_handler.o(.text)
    SWI2_IRQHandler                          0x000178b3   Thumb Code    50  ble_stack_handler.o(.text)
    ble_debug_assert_handler                 0x00017929   Thumb Code    56  ble_debug_assert_handler.o(.text)
    nrf_adc_init                             0x0001796d   Thumb Code    66  nrf_adc.o(.text)
    nrf_adc_init_vbat                        0x000179af   Thumb Code    12  nrf_adc.o(.text)
    nrf_adc_read                             0x000179bb   Thumb Code    28  nrf_adc.o(.text)
    nrf_adc_read_vbat_f                      0x000179d7   Thumb Code    40  nrf_adc.o(.text)
    nrf_adc_read_vbat_mv                     0x000179ff   Thumb Code    16  nrf_adc.o(.text)
    twi_master_init                          0x00017b2b   Thumb Code    70  twi_sw_master.o(.text)
    twi_master_transfer                      0x00017d5d   Thumb Code   128  twi_sw_master.o(.text)
    nrf_delay_ms                             0x00017de5   Thumb Code    24  nrf_delay.o(.text)
    disk_initialize                          0x00017fab   Thumb Code   322  diskio.o(.text)
    disk_status                              0x000180ed   Thumb Code    16  diskio.o(.text)
    disk_read                                0x000180fd   Thumb Code   154  diskio.o(.text)
    disk_write                               0x00018197   Thumb Code   212  diskio.o(.text)
    disk_ioctl                               0x0001826b   Thumb Code   630  diskio.o(.text)
    disk_timerproc                           0x000184e1   Thumb Code    42  diskio.o(.text)
    get_fattime                              0x0001851d   Thumb Code     4  fattime.o(.text)
    get_fat                                  0x00018731   Thumb Code   262  ff.o(.text)
    put_fat                                  0x00018837   Thumb Code   340  ff.o(.text)
    clust2sect                               0x00018ab9   Thumb Code    26  ff.o(.text)
    chk_mounted                              0x00019129   Thumb Code   882  ff.o(.text)
    f_mount                                  0x000194cb   Thumb Code    44  ff.o(.text)
    f_open                                   0x000194f7   Thumb Code   430  ff.o(.text)
    f_read                                   0x000196a5   Thumb Code   532  ff.o(.text)
    f_write                                  0x000198b9   Thumb Code   564  ff.o(.text)
    f_sync                                   0x00019aed   Thumb Code   196  ff.o(.text)
    f_close                                  0x00019bb1   Thumb Code    22  ff.o(.text)
    f_chdrive                                0x00019bc7   Thumb Code    18  ff.o(.text)
    f_chdir                                  0x00019bd9   Thumb Code   100  ff.o(.text)
    f_lseek                                  0x00019c3d   Thumb Code   494  ff.o(.text)
    f_opendir                                0x00019e2b   Thumb Code   114  ff.o(.text)
    f_readdir                                0x00019e9d   Thumb Code    94  ff.o(.text)
    f_stat                                   0x00019efb   Thumb Code    64  ff.o(.text)
    f_getfree                                0x00019f3b   Thumb Code   290  ff.o(.text)
    f_truncate                               0x0001a05d   Thumb Code   172  ff.o(.text)
    f_unlink                                 0x0001a109   Thumb Code   222  ff.o(.text)
    f_mkdir                                  0x0001a1e7   Thumb Code   446  ff.o(.text)
    f_chmod                                  0x0001a3a5   Thumb Code   106  ff.o(.text)
    f_utime                                  0x0001a40f   Thumb Code   108  ff.o(.text)
    f_rename                                 0x0001a47b   Thumb Code   318  ff.o(.text)
    f_mkfs                                   0x0001a5b9   Thumb Code  1642  ff.o(.text)
    f_gets                                   0x0001ac23   Thumb Code    82  ff.o(.text)
    f_putc                                   0x0001ac75   Thumb Code    58  ff.o(.text)
    f_puts                                   0x0001acaf   Thumb Code    42  ff.o(.text)
    f_printf                                 0x0001acd9   Thumb Code   494  ff.o(.text)
    spi_master_init                          0x0001aec9   Thumb Code   282  spi_master.o(.text)
    spi_master_tx_rx                         0x0001afe3   Thumb Code   132  spi_master.o(.text)
    spi_wr_1byte                             0x0001b067   Thumb Code    26  spi_master.o(.text)
    disable_ss                               0x0001b081   Thumb Code    10  spi_master.o(.text)
    enable_ss                                0x0001b08b   Thumb Code    10  spi_master.o(.text)
    malloc                                   0x0001b0e1   Thumb Code    98  h1_alloc.o(.text)
    free                                     0x0001b143   Thumb Code    76  h1_free.o(.text)
    atoi                                     0x0001b18f   Thumb Code    26  atoi.o(.text)
    strlen                                   0x0001b1a9   Thumb Code    62  strlen.o(.text)
    __aeabi_memcpy                           0x0001b1ed   Thumb Code   130  rt_memcpy.o(.text)
    __rt_memcpy                              0x0001b1ed   Thumb Code     0  rt_memcpy.o(.text)
    _memset_w                                0x0001b26f   Thumb Code    26  rt_memclr.o(.text)
    _memset                                  0x0001b289   Thumb Code    30  rt_memclr.o(.text)
    __aeabi_memclr                           0x0001b2a7   Thumb Code     4  rt_memclr.o(.text)
    __rt_memclr                              0x0001b2a7   Thumb Code     0  rt_memclr.o(.text)
    __aeabi_memclr4                          0x0001b2ab   Thumb Code     0  rt_memclr.o(.text)
    __aeabi_memclr8                          0x0001b2ab   Thumb Code     0  rt_memclr.o(.text)
    __rt_memclr_w                            0x0001b2ab   Thumb Code     4  rt_memclr.o(.text)
    strncpy                                  0x0001b2b1   Thumb Code   104  strncpy.o(.text)
    __aeabi_uidiv                            0x0001b31d   Thumb Code     0  aeabi_sdiv.o(.text)
    __aeabi_uidivmod                         0x0001b31d   Thumb Code    20  aeabi_sdiv.o(.text)
    __aeabi_idiv                             0x0001b331   Thumb Code     0  aeabi_sdiv.o(.text)
    __aeabi_idivmod                          0x0001b331   Thumb Code   326  aeabi_sdiv.o(.text)
    __use_two_region_memory                  0x0001b477   Thumb Code     2  heapauxi.o(.text)
    __rt_heap_escrow                         0x0001b479   Thumb Code     2  heapauxi.o(.text)
    __rt_heap_expand                         0x0001b47b   Thumb Code     2  heapauxi.o(.text)
    __aeabi_fdiv                             0x0001b47d   Thumb Code     0  fdiv.o(.text)
    _fdiv                                    0x0001b47d   Thumb Code   336  fdiv.o(.text)
    _frdiv                                   0x0001b5cd   Thumb Code     8  fdiv.o(.text)
    __aeabi_i2f_normalise                    0x0001b5dd   Thumb Code    72  fflti.o(.text)
    __aeabi_i2f                              0x0001b625   Thumb Code    16  fflti.o(.text)
    _fflt                                    0x0001b625   Thumb Code     0  fflti.o(.text)
    __aeabi_ui2f                             0x0001b635   Thumb Code     6  fflti.o(.text)
    _ffltu                                   0x0001b635   Thumb Code     0  fflti.o(.text)
    __rt_heap_descriptor                     0x0001b63d   Thumb Code     8  rt_heap_descriptor_intlibspace.o(.text)
    __aeabi_errno_addr                       0x0001b645   Thumb Code     8  rt_errno_addr_intlibspace.o(.text)
    __errno$intlibspace                      0x0001b645   Thumb Code     0  rt_errno_addr_intlibspace.o(.text)
    __rt_errno_addr$intlibspace              0x0001b645   Thumb Code     0  rt_errno_addr_intlibspace.o(.text)
    __use_no_heap                            0x0001b64d   Thumb Code     2  hguard.o(.text)
    __heap$guard                             0x0001b64f   Thumb Code     2  hguard.o(.text)
    _terminate_user_alloc                    0x0001b651   Thumb Code     2  init_alloc.o(.text)
    _init_user_alloc                         0x0001b653   Thumb Code     2  init_alloc.o(.text)
    __Heap_Full                              0x0001b655   Thumb Code    32  init_alloc.o(.text)
    __Heap_Broken                            0x0001b675   Thumb Code    10  init_alloc.o(.text)
    _init_alloc                              0x0001b67f   Thumb Code    90  init_alloc.o(.text)
    __Heap_Initialize                        0x0001b6d9   Thumb Code    10  h1_init.o(.text)
    __Heap_DescSize                          0x0001b6e3   Thumb Code     4  h1_init.o(.text)
    strtol                                   0x0001b6e9   Thumb Code   108  strtol.o(.text)
    __user_libspace                          0x0001b759   Thumb Code     8  libspace.o(.text)
    __user_perproc_libspace                  0x0001b759   Thumb Code     0  libspace.o(.text)
    __user_perthread_libspace                0x0001b759   Thumb Code     0  libspace.o(.text)
    __rt_ctype_table                         0x0001b761   Thumb Code    16  rt_ctype_table.o(.text)
    __Heap_ProvideMemory                     0x0001b771   Thumb Code    52  h1_extend.o(.text)
    _strtoul                                 0x0001b7a5   Thumb Code   166  _strtoul.o(.text)
    __rt_SIGRTMEM                            0x0001b84b   Thumb Code    12  defsig_rtmem_outer.o(.text)
    __I$use$semihosting                      0x0001b857   Thumb Code     0  use_no_semi.o(.text)
    __use_no_semihosting_swi                 0x0001b857   Thumb Code     2  use_no_semi.o(.text)
    __semihosting_library_function           0x0001b859   Thumb Code     0  indicate_semi.o(.text)
    __user_setup_stackheap                   0x0001b859   Thumb Code    62  sys_stackheap_outer.o(.text)
    __rt_locale                              0x0001b899   Thumb Code     8  rt_locale_intlibspace.o(.text)
    _chval                                   0x0001b8a1   Thumb Code    30  _chval.o(.text)
    exit                                     0x0001b8bf   Thumb Code    12  exit.o(.text)
    __sig_exit                               0x0001b8cb   Thumb Code    12  defsig_exit.o(.text)
    __rt_SIGRTMEM_inner                      0x0001b8d9   Thumb Code    22  defsig_rtmem_inner.o(.text)
    _sys_exit                                0x0001b929   Thumb Code     8  sys_exit.o(.text)
    __default_signal_display                 0x0001b935   Thumb Code    52  defsig_general.o(.text)
    strcmp                                   0x0001b969   Thumb Code   132  strcmp.o(.text)
    _ttywrch                                 0x0001b9f1   Thumb Code    12  sys_wrch.o(.text)
    __ARM_common_switch8                     0x0001b9fd   Thumb Code    28  mpu_config.o(i.__ARM_common_switch8)
    _get_lc_ctype                            0x0001ba19   Thumb Code    44  lc_ctype_c.o(locale$$code)
    __aeabi_fmul                             0x0001ba45   Thumb Code     0  fmul.o(x$fpl$fmul)
    _fmul                                    0x0001ba45   Thumb Code   172  fmul.o(x$fpl$fmul)
    __I$use$fp                               0x0001baf4   Number         0  usenofp.o(x$fpl$usenofp)
    Region$$Table$$Base                      0x0001bb8c   Number         0  anon$$obj.o(Region$$Table)
    Region$$Table$$Limit                     0x0001bbac   Number         0  anon$$obj.o(Region$$Table)
    __ctype                                  0x0001bbb9   Data           0  lc_ctype_c.o(locale$$data)
    SystemCoreClock                          0x20002000   Data           4  system_nrf51.o(.data)
    p_ble_mps                                0x2000202c   Data           4  ble_mps.o(.data)
    spi_base_address                         0x200020a8   Data           4  spi_master.o(.data)
    m_sdcard_fileio                          0x20002124   Data        1684  main.o(.bss)
    __libspace_start                         0x20002ca0   Data          96  libspace.o(.bss)
    __temporary_stack_top$libspace           0x20002d00   Data           0  libspace.o(.bss)



==============================================================================

Memory Map of the image

  Image Entry point : 0x000140c1

  Load Region LR_IROM1 (Base: 0x00014000, Size: 0x00007d68, Max: 0x0002b000, ABSOLUTE)

    Execution Region ER_IROM1 (Base: 0x00014000, Size: 0x00007cbc, Max: 0x0002b000, ABSOLUTE)

    Base Addr    Size         Type   Attr      Idx    E Section Name        Object

    0x00014000   0x000000c0   Data   RO            3    RESET               arm_startup_nrf51.o
    0x000140c0   0x00000008   Code   RO         1091  * !!!main             c_p.l(__main.o)
    0x000140c8   0x0000003c   Code   RO         1332    !!!scatter          c_p.l(__scatter.o)
    0x00014104   0x0000001a   Code   RO         1334    !!handler_copy      c_p.l(__scatter_copy.o)
    0x0001411e   0x00000002   PAD
    0x00014120   0x0000001c   Code   RO         1336    !!handler_zi        c_p.l(__scatter_zi.o)
    0x0001413c   0x00000002   Code   RO         1269    .ARM.Collect$$libinit$$00000000  c_p.l(libinit.o)
    0x0001413e   0x00000004   Code   RO         1141    .ARM.Collect$$libinit$$00000001  c_p.l(libinit2.o)
    0x00014142   0x00000008   Code   RO         1143    .ARM.Collect$$libinit$$00000003  c_p.l(libinit2.o)
    0x0001414a   0x00000000   Code   RO         1145    .ARM.Collect$$libinit$$00000008  c_p.l(libinit2.o)
    0x0001414a   0x00000000   Code   RO         1147    .ARM.Collect$$libinit$$0000000A  c_p.l(libinit2.o)
    0x0001414a   0x00000000   Code   RO         1149    .ARM.Collect$$libinit$$0000000C  c_p.l(libinit2.o)
    0x0001414a   0x00000006   Code   RO         1150    .ARM.Collect$$libinit$$0000000D  c_p.l(libinit2.o)
    0x00014150   0x00000000   Code   RO         1152    .ARM.Collect$$libinit$$0000000F  c_p.l(libinit2.o)
    0x00014150   0x0000000c   Code   RO         1153    .ARM.Collect$$libinit$$00000010  c_p.l(libinit2.o)
    0x0001415c   0x00000000   Code   RO         1154    .ARM.Collect$$libinit$$00000011  c_p.l(libinit2.o)
    0x0001415c   0x00000000   Code   RO         1156    .ARM.Collect$$libinit$$00000013  c_p.l(libinit2.o)
    0x0001415c   0x00000000   Code   RO         1158    .ARM.Collect$$libinit$$00000015  c_p.l(libinit2.o)
    0x0001415c   0x00000000   Code   RO         1160    .ARM.Collect$$libinit$$00000017  c_p.l(libinit2.o)
    0x0001415c   0x00000000   Code   RO         1162    .ARM.Collect$$libinit$$00000019  c_p.l(libinit2.o)
    0x0001415c   0x00000000   Code   RO         1164    .ARM.Collect$$libinit$$0000001B  c_p.l(libinit2.o)
    0x0001415c   0x00000000   Code   RO         1166    .ARM.Collect$$libinit$$0000001D  c_p.l(libinit2.o)
    0x0001415c   0x00000000   Code   RO         1168    .ARM.Collect$$libinit$$0000001F  c_p.l(libinit2.o)
    0x0001415c   0x00000000   Code   RO         1170    .ARM.Collect$$libinit$$00000021  c_p.l(libinit2.o)
    0x0001415c   0x00000000   Code   RO         1172    .ARM.Collect$$libinit$$00000023  c_p.l(libinit2.o)
    0x0001415c   0x00000000   Code   RO         1176    .ARM.Collect$$libinit$$0000002A  c_p.l(libinit2.o)
    0x0001415c   0x00000000   Code   RO         1178    .ARM.Collect$$libinit$$0000002C  c_p.l(libinit2.o)
    0x0001415c   0x00000000   Code   RO         1180    .ARM.Collect$$libinit$$0000002E  c_p.l(libinit2.o)
    0x0001415c   0x00000000   Code   RO         1182    .ARM.Collect$$libinit$$00000030  c_p.l(libinit2.o)
    0x0001415c   0x00000002   Code   RO         1183    .ARM.Collect$$libinit$$00000031  c_p.l(libinit2.o)
    0x0001415e   0x00000002   Code   RO         1329    .ARM.Collect$$libshutdown$$00000000  c_p.l(libshutdown.o)
    0x00014160   0x00000000   Code   RO         1289    .ARM.Collect$$libshutdown$$00000003  c_p.l(libshutdown2.o)
    0x00014160   0x00000000   Code   RO         1292    .ARM.Collect$$libshutdown$$00000006  c_p.l(libshutdown2.o)
    0x00014160   0x00000000   Code   RO         1295    .ARM.Collect$$libshutdown$$00000009  c_p.l(libshutdown2.o)
    0x00014160   0x00000000   Code   RO         1297    .ARM.Collect$$libshutdown$$0000000B  c_p.l(libshutdown2.o)
    0x00014160   0x00000000   Code   RO         1300    .ARM.Collect$$libshutdown$$0000000E  c_p.l(libshutdown2.o)
    0x00014160   0x00000002   Code   RO         1301    .ARM.Collect$$libshutdown$$0000000F  c_p.l(libshutdown2.o)
    0x00014162   0x00000000   Code   RO         1102    .ARM.Collect$$rtentry$$00000000  c_p.l(rtentry.o)
    0x00014162   0x00000000   Code   RO         1191    .ARM.Collect$$rtentry$$00000002  c_p.l(rtentry2.o)
    0x00014162   0x00000006   Code   RO         1203    .ARM.Collect$$rtentry$$00000004  c_p.l(rtentry4.o)
    0x00014168   0x00000000   Code   RO         1193    .ARM.Collect$$rtentry$$00000009  c_p.l(rtentry2.o)
    0x00014168   0x00000004   Code   RO         1194    .ARM.Collect$$rtentry$$0000000A  c_p.l(rtentry2.o)
    0x0001416c   0x00000000   Code   RO         1196    .ARM.Collect$$rtentry$$0000000C  c_p.l(rtentry2.o)
    0x0001416c   0x00000008   Code   RO         1197    .ARM.Collect$$rtentry$$0000000D  c_p.l(rtentry2.o)
    0x00014174   0x00000002   Code   RO         1273    .ARM.Collect$$rtexit$$00000000  c_p.l(rtexit.o)
    0x00014176   0x00000000   Code   RO         1305    .ARM.Collect$$rtexit$$00000002  c_p.l(rtexit2.o)
    0x00014176   0x00000004   Code   RO         1306    .ARM.Collect$$rtexit$$00000003  c_p.l(rtexit2.o)
    0x0001417a   0x00000006   Code   RO         1307    .ARM.Collect$$rtexit$$00000004  c_p.l(rtexit2.o)
    0x00014180   0x0000001e   Code   RO          701    .emb_text           app_timer.o
    0x0001419e   0x00000002   PAD
    0x000141a0   0x0000001e   Code   RO          869    .emb_text           twi_sw_master.o
    0x000141be   0x00000002   PAD
    0x000141c0   0x0000001e   Code   RO          896    .emb_text           nrf_delay.o
    0x000141de   0x00000002   PAD
    0x000141e0   0x00000038   Code   RO         1077    .emb_text           c_p.l(rt_memcpy.o)
    0x00014218   0x00000000   Code   RO         1211    .emb_text           c_p.l(maybetermalloc1.o)
    0x00014218   0x00000048   Code   RO            4    .text               arm_startup_nrf51.o
    0x00014260   0x000000e8   Code   RO           12    .text               system_nrf51.o
    0x00014348   0x000003d4   Code   RO           70    .text               main.o
    0x0001471c   0x00000558   Code   RO          258    .text               ble_init.o
    0x00014c74   0x00000240   Code   RO          349    .text               mpu_config.o
    0x00014eb4   0x00000600   Code   RO          383    .text               sdcard_manage.o
    0x000154b4   0x000000c0   Code   RO          463    .text               ble_srv_common.o
    0x00015574   0x000007b0   Code   RO          504    .text               ble_mps.o
    0x00015d24   0x00000320   Code   RO          567    .text               ble_bas.o
    0x00016044   0x000001bc   Code   RO          614    .text               ble_error_log.o
    0x00016200   0x00000244   Code   RO          644    .text               ble_flash.o
    0x00016444   0x000005d8   Code   RO          672    .text               ble_advdata.o
    0x00016a1c   0x00000aec   Code   RO          702    .text               app_timer.o
    0x00017508   0x00000308   Code   RO          749    .text               ble_conn_params.o
    0x00017810   0x00000118   Code   RO          778    .text               ble_stack_handler.o
    0x00017928   0x00000044   Code   RO          815    .text               ble_debug_assert_handler.o
    0x0001796c   0x00000130   Code   RO          846    .text               nrf_adc.o
    0x00017a9c   0x00000348   Code   RO          870    .text               twi_sw_master.o
    0x00017de4   0x0000001c   Code   RO          897    .text               nrf_delay.o
    0x00017e00   0x0000071c   Code   RO          920    .text               diskio.o
    0x0001851c   0x00000004   Code   RO          940    .text               fattime.o
    0x00018520   0x000029a6   Code   RO          952    .text               ff.o
    0x0001aec6   0x00000002   PAD
    0x0001aec8   0x00000218   Code   RO          973    .text               spi_master.o
    0x0001b0e0   0x00000062   Code   RO         1015    .text               c_p.l(h1_alloc.o)
    0x0001b142   0x0000004c   Code   RO         1017    .text               c_p.l(h1_free.o)
    0x0001b18e   0x0000001a   Code   RO         1073    .text               c_p.l(atoi.o)
    0x0001b1a8   0x00000044   Code   RO         1075    .text               c_p.l(strlen.o)
    0x0001b1ec   0x00000082   Code   RO         1078    .text               c_p.l(rt_memcpy.o)
    0x0001b26e   0x00000040   Code   RO         1081    .text               c_p.l(rt_memclr.o)
    0x0001b2ae   0x00000002   PAD
    0x0001b2b0   0x0000006c   Code   RO         1083    .text               c_p.l(strncpy.o)
    0x0001b31c   0x0000015a   Code   RO         1085    .text               c_p.l(aeabi_sdiv.o)
    0x0001b476   0x00000006   Code   RO         1089    .text               c_p.l(heapauxi.o)
    0x0001b47c   0x00000160   Code   RO         1093    .text               fz_ps.l(fdiv.o)
    0x0001b5dc   0x0000005e   Code   RO         1096    .text               fz_ps.l(fflti.o)
    0x0001b63a   0x00000002   PAD
    0x0001b63c   0x00000008   Code   RO         1110    .text               c_p.l(rt_heap_descriptor_intlibspace.o)
    0x0001b644   0x00000008   Code   RO         1115    .text               c_p.l(rt_errno_addr_intlibspace.o)
    0x0001b64c   0x00000004   Code   RO         1117    .text               c_p.l(hguard.o)
    0x0001b650   0x00000088   Code   RO         1119    .text               c_p.l(init_alloc.o)
    0x0001b6d8   0x0000000e   Code   RO         1123    .text               c_p.l(h1_init.o)
    0x0001b6e6   0x00000002   PAD
    0x0001b6e8   0x00000070   Code   RO         1137    .text               c_p.l(strtol.o)
    0x0001b758   0x00000008   Code   RO         1187    .text               c_p.l(libspace.o)
    0x0001b760   0x00000010   Code   RO         1205    .text               c_p.l(rt_ctype_table.o)
    0x0001b770   0x00000034   Code   RO         1213    .text               c_p.l(h1_extend.o)
    0x0001b7a4   0x000000a6   Code   RO         1217    .text               c_p.l(_strtoul.o)
    0x0001b84a   0x0000000c   Code   RO         1219    .text               c_p.l(defsig_rtmem_outer.o)
    0x0001b856   0x00000002   Code   RO         1230    .text               c_p.l(use_no_semi.o)
    0x0001b858   0x00000000   Code   RO         1232    .text               c_p.l(indicate_semi.o)
    0x0001b858   0x0000003e   Code   RO         1233    .text               c_p.l(sys_stackheap_outer.o)
    0x0001b896   0x00000002   PAD
    0x0001b898   0x00000008   Code   RO         1241    .text               c_p.l(rt_locale_intlibspace.o)
    0x0001b8a0   0x0000001e   Code   RO         1245    .text               c_p.l(_chval.o)
    0x0001b8be   0x0000000c   Code   RO         1250    .text               c_p.l(exit.o)
    0x0001b8ca   0x0000000c   Code   RO         1252    .text               c_p.l(defsig_exit.o)
    0x0001b8d6   0x00000002   PAD
    0x0001b8d8   0x00000050   Code   RO         1258    .text               c_p.l(defsig_rtmem_inner.o)
    0x0001b928   0x0000000c   Code   RO         1270    .text               c_p.l(sys_exit.o)
    0x0001b934   0x00000034   Code   RO         1281    .text               c_p.l(defsig_general.o)
    0x0001b968   0x00000088   Code   RO         1285    .text               c_p.l(strcmp.o)
    0x0001b9f0   0x0000000c   Code   RO         1302    .text               c_p.l(sys_wrch.o)
    0x0001b9fc   0x0000001c   Code   RO          369    i.__ARM_common_switch8  mpu_config.o
    0x0001ba18   0x0000002c   Code   RO         1248    locale$$code        c_p.l(lc_ctype_c.o)
    0x0001ba44   0x000000b0   Code   RO         1098    x$fpl$fmul          fz_ps.l(fmul.o)
    0x0001baf4   0x00000000   Code   RO         1184    x$fpl$usenofp       fz_ps.l(usenofp.o)
    0x0001baf4   0x00000004   Data   RO          260    .constdata          ble_init.o
    0x0001baf8   0x00000010   Data   RO          505    .constdata          ble_mps.o
    0x0001bb08   0x00000042   Data   RO          953    .constdata          ff.o
    0x0001bb4a   0x00000040   Data   RO         1094    .constdata          fz_ps.l(fdiv.o)
    0x0001bb8a   0x00000002   PAD
    0x0001bb8c   0x00000020   Data   RO         1330    Region$$Table       anon$$obj.o
    0x0001bbac   0x00000110   Data   RO         1247    locale$$data        c_p.l(lc_ctype_c.o)


    Execution Region RW_IRAM1 (Base: 0x20002000, Size: 0x00001d00, Max: 0x00002000, ABSOLUTE)

    Base Addr    Size         Type   Attr      Idx    E Section Name        Object

    0x20002000   0x00000004   Data   RW           13    .data               system_nrf51.o
    0x20002004   0x00000006   Data   RW           72    .data               main.o
    0x2000200a   0x00000002   PAD
    0x2000200c   0x00000008   Data   RW          261    .data               ble_init.o
    0x20002014   0x00000004   Data   RW          350    .data               mpu_config.o
    0x20002018   0x00000014   Data   RW          384    .data               sdcard_manage.o
    0x2000202c   0x00000004   Data   RW          506    .data               ble_mps.o
    0x20002030   0x00000001   Data   RW          616    .data               ble_error_log.o
    0x20002031   0x00000001   Data   RW          645    .data               ble_flash.o
    0x20002032   0x00000002   PAD
    0x20002034   0x00000028   Data   RW          703    .data               app_timer.o
    0x2000205c   0x00000019   Data   RW          751    .data               ble_conn_params.o
    0x20002075   0x00000003   PAD
    0x20002078   0x0000000e   Data   RW          779    .data               ble_stack_handler.o
    0x20002086   0x00000002   PAD
    0x20002088   0x00000008   Data   RW          817    .data               ble_debug_assert_handler.o
    0x20002090   0x0000000d   Data   RW          921    .data               diskio.o
    0x2000209d   0x00000003   PAD
    0x200020a0   0x00000007   Data   RW          954    .data               ff.o
    0x200020a7   0x00000001   PAD
    0x200020a8   0x00000004   Data   RW          974    .data               spi_master.o
    0x200020ac   0x0000094c   Zero   RW           71    .bss                main.o
    0x200029f8   0x00000084   Zero   RW          259    .bss                ble_init.o
    0x20002a7c   0x00000188   Zero   RW          615    .bss                ble_error_log.o
    0x20002c04   0x0000001c   Zero   RW          750    .bss                ble_conn_params.o
    0x20002c20   0x00000080   Zero   RW          816    .bss                ble_debug_assert_handler.o
    0x20002ca0   0x00000060   Zero   RW         1188    .bss                c_p.l(libspace.o)
    0x20002d00   0x00000800   Zero   RW            2    HEAP                arm_startup_nrf51.o
    0x20003500   0x00000800   Zero   RW            1    STACK               arm_startup_nrf51.o


==============================================================================

Image component sizes


      Code (inc. data)   RO Data    RW Data    ZI Data      Debug   Object Name

      2826        184          0         40          0      26021   app_timer.o
        72         32        192          0       4096        740   arm_startup_nrf51.o
      1496          6          0          0          0      12378   ble_advdata.o
       800         16          0          0          0      35611   ble_bas.o
       776         38          0         25         28       5546   ble_conn_params.o
        68         12          0          8        128       1331   ble_debug_assert_handler.o
       444         66          0          1        392       5400   ble_error_log.o
       580         22          0          1          0       4877   ble_flash.o
      1368         92          4          8        132      27565   ble_init.o
      1968         46         16          4          0      34368   ble_mps.o
       192         56          0          0          0      19837   ble_srv_common.o
       280         68          0         14          0       9357   ble_stack_handler.o
      1820         52          0         13          0       5805   diskio.o
         4          0          0          0          0        470   fattime.o
     10662        140         66          7          0      25463   ff.o
       980         84          0          6       2380      67358   main.o
       604         18          0          4          0       4433   mpu_config.o
       304         32          0          0          0       7239   nrf_adc.o
        58          4          0          0          0       1443   nrf_delay.o
      1536        352          0         20          0       7705   sdcard_manage.o
       536         18          0          4          0       5704   spi_master.o
       232         30          0          4          0      21733   system_nrf51.o
       870          8          0          0          0       4406   twi_sw_master.o

    ----------------------------------------------------------------------
     28484       1376        310        172       7156     334790   Object Totals
         0          0         32          0          0          0   (incl. Generated)
         8          0          0         13          0          0   (incl. Padding)

    ----------------------------------------------------------------------

      Code (inc. data)   RO Data    RW Data    ZI Data      Debug   Library Member Name

         8          0          0          0          0         68   __main.o
        60          8          0          0          0          0   __scatter.o
        26          0          0          0          0          0   __scatter_copy.o
        28          0          0          0          0          0   __scatter_zi.o
        30          0          0          0          0         60   _chval.o
       166          0          0          0          0         84   _strtoul.o
       346          0          0          0          0         92   aeabi_sdiv.o
        26          0          0          0          0         72   atoi.o
        12          0          0          0          0         68   defsig_exit.o
        52          0          0          0          0         72   defsig_general.o
        80         58          0          0          0         68   defsig_rtmem_inner.o
        12          0          0          0          0         68   defsig_rtmem_outer.o
        12          0          0          0          0         64   exit.o
        98          0          0          0          0         72   h1_alloc.o
        52          0          0          0          0         68   h1_extend.o
        76          0          0          0          0         72   h1_free.o
        14          0          0          0          0         76   h1_init.o
         6          0          0          0          0        136   heapauxi.o
         4          0          0          0          0        120   hguard.o
         0          0          0          0          0          0   indicate_semi.o
       136          0          0          0          0        160   init_alloc.o
        44         10        272          0          0         76   lc_ctype_c.o
         2          0          0          0          0          0   libinit.o
        32          0          0          0          0          0   libinit2.o
         2          0          0          0          0          0   libshutdown.o
         2          0          0          0          0          0   libshutdown2.o
         8          4          0          0         96         68   libspace.o
         0          0          0          0          0          0   maybetermalloc1.o
        16          4          0          0          0         76   rt_ctype_table.o
         8          4          0          0          0         68   rt_errno_addr_intlibspace.o
         8          4          0          0          0         68   rt_heap_descriptor_intlibspace.o
         8          4          0          0          0         68   rt_locale_intlibspace.o
        64          0          0          0          0        108   rt_memclr.o
       186          0          0          0          0        144   rt_memcpy.o
         0          0          0          0          0          0   rtentry.o
        12          0          0          0          0          0   rtentry2.o
         6          0          0          0          0          0   rtentry4.o
         2          0          0          0          0          0   rtexit.o
        10          0          0          0          0          0   rtexit2.o
       136          4          0          0          0         72   strcmp.o
        68          6          0          0          0         72   strlen.o
       108          4          0          0          0         76   strncpy.o
       112          4          0          0          0         76   strtol.o
        12          4          0          0          0         60   sys_exit.o
        62          0          0          0          0         80   sys_stackheap_outer.o
        12          0          0          0          0         68   sys_wrch.o
         2          0          0          0          0         68   use_no_semi.o
       352          8         64          0          0         88   fdiv.o
        94          0          0          0          0         92   fflti.o
       176          4          0          0          0         80   fmul.o
         0          0          0          0          0          0   usenofp.o

    ----------------------------------------------------------------------
      2800        130        338          0         96       2928   Library Totals
        12          0          2          0          0          0   (incl. Padding)

    ----------------------------------------------------------------------

      Code (inc. data)   RO Data    RW Data    ZI Data      Debug   Library Name

      2166        118        272          0         96       2668   c_p.l
       622         12         64          0          0        260   fz_ps.l

    ----------------------------------------------------------------------
      2800        130        338          0         96       2928   Library Totals

    ----------------------------------------------------------------------

==============================================================================


      Code (inc. data)   RO Data    RW Data    ZI Data      Debug   

     31284       1506        648        172       7252     334722   Grand Totals
     31284       1506        648        172       7252     334722   ELF Image Totals
     31284       1506        648        172          0          0   ROM Totals

==============================================================================

    Total RO  Size (Code + RO Data)                31932 (  31.18kB)
    Total RW  Size (RW Data + ZI Data)              7424 (   7.25kB)
    Total ROM Size (Code + RO Data + RW Data)      32104 (  31.35kB)

==============================================================================

